Archive member included to satisfy reference by file (symbol)

c:/st/stm32cubeide_1.7.0/stm32cubeide/plugins/com.st.stm32cube.ide.mcu.externaltools.gnu-tools-for-stm32.9-2020-q2-update.win32_2.0.0.202105311346/tools/bin/../lib/gcc/arm-none-eabi/9.3.1/../../../../arm-none-eabi/lib/thumb/v7-m/nofp\libc.a(lib_a-atoi.o)
                              ./appli/main.o (atoi)
c:/st/stm32cubeide_1.7.0/stm32cubeide/plugins/com.st.stm32cube.ide.mcu.externaltools.gnu-tools-for-stm32.9-2020-q2-update.win32_2.0.0.202105311346/tools/bin/../lib/gcc/arm-none-eabi/9.3.1/../../../../arm-none-eabi/lib/thumb/v7-m/nofp\libc.a(lib_a-errno.o)
                              ./lib/bsp/stm32f1_sys.o (__errno)
c:/st/stm32cubeide_1.7.0/stm32cubeide/plugins/com.st.stm32cube.ide.mcu.externaltools.gnu-tools-for-stm32.9-2020-q2-update.win32_2.0.0.202105311346/tools/bin/../lib/gcc/arm-none-eabi/9.3.1/../../../../arm-none-eabi/lib/thumb/v7-m/nofp\libc.a(lib_a-exit.o)
                              c:/st/stm32cubeide_1.7.0/stm32cubeide/plugins/com.st.stm32cube.ide.mcu.externaltools.gnu-tools-for-stm32.9-2020-q2-update.win32_2.0.0.202105311346/tools/bin/../lib/gcc/arm-none-eabi/9.3.1/../../../../arm-none-eabi/lib/thumb/v7-m/nofp/rdimon-crt0.o (exit)
c:/st/stm32cubeide_1.7.0/stm32cubeide/plugins/com.st.stm32cube.ide.mcu.externaltools.gnu-tools-for-stm32.9-2020-q2-update.win32_2.0.0.202105311346/tools/bin/../lib/gcc/arm-none-eabi/9.3.1/../../../../arm-none-eabi/lib/thumb/v7-m/nofp\libc.a(lib_a-impure.o)
                              c:/st/stm32cubeide_1.7.0/stm32cubeide/plugins/com.st.stm32cube.ide.mcu.externaltools.gnu-tools-for-stm32.9-2020-q2-update.win32_2.0.0.202105311346/tools/bin/../lib/gcc/arm-none-eabi/9.3.1/../../../../arm-none-eabi/lib/thumb/v7-m/nofp\libc.a(lib_a-exit.o) (_global_impure_ptr)
c:/st/stm32cubeide_1.7.0/stm32cubeide/plugins/com.st.stm32cube.ide.mcu.externaltools.gnu-tools-for-stm32.9-2020-q2-update.win32_2.0.0.202105311346/tools/bin/../lib/gcc/arm-none-eabi/9.3.1/../../../../arm-none-eabi/lib/thumb/v7-m/nofp\libc.a(lib_a-init.o)
                              c:/st/stm32cubeide_1.7.0/stm32cubeide/plugins/com.st.stm32cube.ide.mcu.externaltools.gnu-tools-for-stm32.9-2020-q2-update.win32_2.0.0.202105311346/tools/bin/../lib/gcc/arm-none-eabi/9.3.1/../../../../arm-none-eabi/lib/thumb/v7-m/nofp/rdimon-crt0.o (__libc_init_array)
c:/st/stm32cubeide_1.7.0/stm32cubeide/plugins/com.st.stm32cube.ide.mcu.externaltools.gnu-tools-for-stm32.9-2020-q2-update.win32_2.0.0.202105311346/tools/bin/../lib/gcc/arm-none-eabi/9.3.1/../../../../arm-none-eabi/lib/thumb/v7-m/nofp\libc.a(lib_a-malloc.o)
                              ./appli/Tag_module/tag.o (malloc)
c:/st/stm32cubeide_1.7.0/stm32cubeide/plugins/com.st.stm32cube.ide.mcu.externaltools.gnu-tools-for-stm32.9-2020-q2-update.win32_2.0.0.202105311346/tools/bin/../lib/gcc/arm-none-eabi/9.3.1/../../../../arm-none-eabi/lib/thumb/v7-m/nofp\libc.a(lib_a-mallocr.o)
                              c:/st/stm32cubeide_1.7.0/stm32cubeide/plugins/com.st.stm32cube.ide.mcu.externaltools.gnu-tools-for-stm32.9-2020-q2-update.win32_2.0.0.202105311346/tools/bin/../lib/gcc/arm-none-eabi/9.3.1/../../../../arm-none-eabi/lib/thumb/v7-m/nofp\libc.a(lib_a-malloc.o) (_malloc_r)
c:/st/stm32cubeide_1.7.0/stm32cubeide/plugins/com.st.stm32cube.ide.mcu.externaltools.gnu-tools-for-stm32.9-2020-q2-update.win32_2.0.0.202105311346/tools/bin/../lib/gcc/arm-none-eabi/9.3.1/../../../../arm-none-eabi/lib/thumb/v7-m/nofp\libc.a(lib_a-memset.o)
                              c:/st/stm32cubeide_1.7.0/stm32cubeide/plugins/com.st.stm32cube.ide.mcu.externaltools.gnu-tools-for-stm32.9-2020-q2-update.win32_2.0.0.202105311346/tools/bin/../lib/gcc/arm-none-eabi/9.3.1/../../../../arm-none-eabi/lib/thumb/v7-m/nofp/rdimon-crt0.o (memset)
c:/st/stm32cubeide_1.7.0/stm32cubeide/plugins/com.st.stm32cube.ide.mcu.externaltools.gnu-tools-for-stm32.9-2020-q2-update.win32_2.0.0.202105311346/tools/bin/../lib/gcc/arm-none-eabi/9.3.1/../../../../arm-none-eabi/lib/thumb/v7-m/nofp\libc.a(lib_a-mlock.o)
                              c:/st/stm32cubeide_1.7.0/stm32cubeide/plugins/com.st.stm32cube.ide.mcu.externaltools.gnu-tools-for-stm32.9-2020-q2-update.win32_2.0.0.202105311346/tools/bin/../lib/gcc/arm-none-eabi/9.3.1/../../../../arm-none-eabi/lib/thumb/v7-m/nofp\libc.a(lib_a-mallocr.o) (__malloc_lock)
c:/st/stm32cubeide_1.7.0/stm32cubeide/plugins/com.st.stm32cube.ide.mcu.externaltools.gnu-tools-for-stm32.9-2020-q2-update.win32_2.0.0.202105311346/tools/bin/../lib/gcc/arm-none-eabi/9.3.1/../../../../arm-none-eabi/lib/thumb/v7-m/nofp\libc.a(lib_a-printf.o)
                              ./appli/Tag_module/tag.o (printf)
c:/st/stm32cubeide_1.7.0/stm32cubeide/plugins/com.st.stm32cube.ide.mcu.externaltools.gnu-tools-for-stm32.9-2020-q2-update.win32_2.0.0.202105311346/tools/bin/../lib/gcc/arm-none-eabi/9.3.1/../../../../arm-none-eabi/lib/thumb/v7-m/nofp\libc.a(lib_a-rand.o)
                              ./appli/Tag_module/tag.o (rand)
[...]
Memory Configuration

Name             Origin             Length             Attributes
FLASH            0x0000000008000000 0x000000000001fc00 xr
RAM              0x0000000020000000 0x0000000000005000 xrw
*default*        0x0000000000000000 0xffffffffffffffff

Linker script and memory map

LOAD c:/st/stm32cubeide_1.7.0/stm32cubeide/plugins/com.st.stm32cube.ide.mcu.externaltools.gnu-tools-for-stm32.9-2020-q2-update.win32_2.0.0.202105311346/tools/bin/../lib/gcc/arm-none-eabi/9.3.1/thumb/v7-m/nofp/crti.o
LOAD c:/st/stm32cubeide_1.7.0/stm32cubeide/plugins/com.st.stm32cube.ide.mcu.externaltools.gnu-tools-for-stm32.9-2020-q2-update.win32_2.0.0.202105311346/tools/bin/../lib/gcc/arm-none-eabi/9.3.1/thumb/v7-m/nofp/crtbegin.o
LOAD c:/st/stm32cubeide_1.7.0/stm32cubeide/plugins/com.st.stm32cube.ide.mcu.externaltools.gnu-tools-for-stm32.9-2020-q2-update.win32_2.0.0.202105311346/tools/bin/../lib/gcc/arm-none-eabi/9.3.1/../../../../arm-none-eabi/lib/thumb/v7-m/nofp/rdimon-crt0.o
LOAD ./appli/Tag_module/tag.o
LOAD ./appli/main.o
LOAD ./appli/sleep_asm.o
LOAD ./lib/bsp/MatrixLed/WS2812S.o
LOAD ./lib/bsp/MatrixLed/WS2812S_asm.o
LOAD ./lib/bsp/stm32f1_adc.o
LOAD ./lib/bsp/stm32f1_extit.o
LOAD ./lib/bsp/stm32f1_flash.o
LOAD ./lib/bsp/stm32f1_gpio.o
LOAD ./lib/bsp/stm32f1_i2c.o
LOAD ./lib/bsp/stm32f1_motorDC.o
LOAD ./lib/bsp/stm32f1_pwm.o
LOAD ./lib/bsp/stm32f1_rtc.o
LOAD ./lib/bsp/stm32f1_sd.o
LOAD ./lib/bsp/stm32f1_spi.o
LOAD ./lib/bsp/stm32f1_stepper_motor.o
LOAD ./lib/bsp/stm32f1_sys.o
LOAD ./lib/bsp/stm32f1_timer.o
LOAD ./lib/bsp/stm32f1_uart.o
LOAD ./lib/bsp/stm32f1_weak_it.o
LOAD ./lib/bsp/stm32f1xx_nucleo.o
LOAD ./lib/bsp/system_stm32f1xx.o
LOAD ./lib/bsp/systick.o
LOAD ./lib/hal/src/Legacy/stm32f1xx_hal_can.o
LOAD ./lib/hal/src/stm32f1xx_hal.o
LOAD ./lib/hal/src/stm32f1xx_hal_adc.o
LOAD ./lib/hal/src/stm32f1xx_hal_adc_ex.o
LOAD ./lib/hal/src/stm32f1xx_hal_can.o
LOAD ./lib/hal/src/stm32f1xx_hal_cec.o
LOAD ./lib/hal/src/stm32f1xx_hal_cortex.o
LOAD ./lib/hal/src/stm32f1xx_hal_crc.o
LOAD ./lib/hal/src/stm32f1xx_hal_dac.o
LOAD ./lib/hal/src/stm32f1xx_hal_dac_ex.o
LOAD ./lib/hal/src/stm32f1xx_hal_dma.o
LOAD ./lib/hal/src/stm32f1xx_hal_eth.o
LOAD ./lib/hal/src/stm32f1xx_hal_exti.o
LOAD ./lib/hal/src/stm32f1xx_hal_flash.o
LOAD ./lib/hal/src/stm32f1xx_hal_flash_ex.o
LOAD ./lib/hal/src/stm32f1xx_hal_gpio.o
LOAD ./lib/hal/src/stm32f1xx_hal_gpio_ex.o
LOAD ./lib/hal/src/stm32f1xx_hal_hcd.o
LOAD ./lib/hal/src/stm32f1xx_hal_i2c.o
LOAD ./lib/hal/src/stm32f1xx_hal_i2s.o
LOAD ./lib/hal/src/stm32f1xx_hal_irda.o
LOAD ./lib/hal/src/stm32f1xx_hal_iwdg.o
LOAD ./lib/hal/src/stm32f1xx_hal_mmc.o
LOAD ./lib/hal/src/stm32f1xx_hal_msp_template.o
LOAD ./lib/hal/src/stm32f1xx_hal_nand.o
LOAD ./lib/hal/src/stm32f1xx_hal_nor.o
LOAD ./lib/hal/src/stm32f1xx_hal_pccard.o
LOAD ./lib/hal/src/stm32f1xx_hal_pcd.o
LOAD ./lib/hal/src/stm32f1xx_hal_pcd_ex.o
LOAD ./lib/hal/src/stm32f1xx_hal_pwr.o
LOAD ./lib/hal/src/stm32f1xx_hal_rcc.o
LOAD ./lib/hal/src/stm32f1xx_hal_rcc_ex.o
LOAD ./lib/hal/src/stm32f1xx_hal_rtc.o
LOAD ./lib/hal/src/stm32f1xx_hal_rtc_ex.o
LOAD ./lib/hal/src/stm32f1xx_hal_sd.o
LOAD ./lib/hal/src/stm32f1xx_hal_smartcard.o
LOAD ./lib/hal/src/stm32f1xx_hal_spi.o
LOAD ./lib/hal/src/stm32f1xx_hal_spi_ex.o
LOAD ./lib/hal/src/stm32f1xx_hal_sram.o
LOAD ./lib/hal/src/stm32f1xx_hal_tim.o
LOAD ./lib/hal/src/stm32f1xx_hal_tim_ex.o
LOAD ./lib/hal/src/stm32f1xx_hal_uart.o
LOAD ./lib/hal/src/stm32f1xx_hal_usart.o
LOAD ./lib/hal/src/stm32f1xx_hal_wwdg.o
LOAD ./lib/hal/src/stm32f1xx_ll_adc.o
LOAD ./lib/hal/src/stm32f1xx_ll_crc.o
LOAD ./lib/hal/src/stm32f1xx_ll_dac.o
LOAD ./lib/hal/src/stm32f1xx_ll_dma.o
LOAD ./lib/hal/src/stm32f1xx_ll_exti.o
LOAD ./lib/hal/src/stm32f1xx_ll_fsmc.o
LOAD ./lib/hal/src/stm32f1xx_ll_gpio.o
LOAD ./lib/hal/src/stm32f1xx_ll_i2c.o
LOAD ./lib/hal/src/stm32f1xx_ll_pwr.o
LOAD ./lib/hal/src/stm32f1xx_ll_rcc.o
LOAD ./lib/hal/src/stm32f1xx_ll_rtc.o
LOAD ./lib/hal/src/stm32f1xx_ll_sdmmc.o
LOAD ./lib/hal/src/stm32f1xx_ll_spi.o
LOAD ./lib/hal/src/stm32f1xx_ll_tim.o
LOAD ./lib/hal/src/stm32f1xx_ll_usart.o
LOAD ./lib/hal/src/stm32f1xx_ll_usb.o
LOAD ./lib/hal/src/stm32f1xx_ll_utils.o
LOAD ./lib/startup_stm32f103xb.o
LOAD c:/st/stm32cubeide_1.7.0/stm32cubeide/plugins/com.st.stm32cube.ide.mcu.externaltools.gnu-tools-for-stm32.9-2020-q2-update.win32_2.0.0.202105311346/tools/bin/../lib/gcc/arm-none-eabi/9.3.1/../../../../arm-none-eabi/lib/thumb/v7-m/nofp\libc.a
LOAD c:/st/stm32cubeide_1.7.0/stm32cubeide/plugins/com.st.stm32cube.ide.mcu.externaltools.gnu-tools-for-stm32.9-2020-q2-update.win32_2.0.0.202105311346/tools/bin/../lib/gcc/arm-none-eabi/9.3.1/../../../../arm-none-eabi/lib/thumb/v7-m/nofp\librdimon.a
START GROUP
LOAD c:/st/stm32cubeide_1.7.0/stm32cubeide/plugins/com.st.stm32cube.ide.mcu.externaltools.gnu-tools-for-stm32.9-2020-q2-update.win32_2.0.0.202105311346/tools/bin/../lib/gcc/arm-none-eabi/9.3.1/../../../../arm-none-eabi/lib/thumb/v7-m/nofp\libc.a
LOAD c:/st/stm32cubeide_1.7.0/stm32cubeide/plugins/com.st.stm32cube.ide.mcu.externaltools.gnu-tools-for-stm32.9-2020-q2-update.win32_2.0.0.202105311346/tools/bin/../lib/gcc/arm-none-eabi/9.3.1/../../../../arm-none-eabi/lib/thumb/v7-m/nofp\libm.a
END GROUP
START GROUP
LOAD c:/st/stm32cubeide_1.7.0/stm32cubeide/plugins/com.st.stm32cube.ide.mcu.externaltools.gnu-tools-for-stm32.9-2020-q2-update.win32_2.0.0.202105311346/tools/bin/../lib/gcc/arm-none-eabi/9.3.1/thumb/v7-m/nofp\libgcc.a
LOAD c:/st/stm32cubeide_1.7.0/stm32cubeide/plugins/com.st.stm32cube.ide.mcu.externaltools.gnu-tools-for-stm32.9-2020-q2-update.win32_2.0.0.202105311346/tools/bin/../lib/gcc/arm-none-eabi/9.3.1/../../../../arm-none-eabi/lib/thumb/v7-m/nofp\libc.a
END GROUP
START GROUP
LOAD c:/st/stm32cubeide_1.7.0/stm32cubeide/plugins/com.st.stm32cube.ide.mcu.externaltools.gnu-tools-for-stm32.9-2020-q2-update.win32_2.0.0.202105311346/tools/bin/../lib/gcc/arm-none-eabi/9.3.1/thumb/v7-m/nofp\libgcc.a
LOAD c:/st/stm32cubeide_1.7.0/stm32cubeide/plugins/com.st.stm32cube.ide.mcu.externaltools.gnu-tools-for-stm32.9-2020-q2-update.win32_2.0.0.202105311346/tools/bin/../lib/gcc/arm-none-eabi/9.3.1/../../../../arm-none-eabi/lib/thumb/v7-m/nofp\libc.a
LOAD c:/st/stm32cubeide_1.7.0/stm32cubeide/plugins/com.st.stm32cube.ide.mcu.externaltools.gnu-tools-for-stm32.9-2020-q2-update.win32_2.0.0.202105311346/tools/bin/../lib/gcc/arm-none-eabi/9.3.1/../../../../arm-none-eabi/lib/thumb/v7-m/nofp\librdimon.a
END GROUP
LOAD c:/st/stm32cubeide_1.7.0/stm32cubeide/plugins/com.st.stm32cube.ide.mcu.externaltools.gnu-tools-for-stm32.9-2020-q2-update.win32_2.0.0.202105311346/tools/bin/../lib/gcc/arm-none-eabi/9.3.1/thumb/v7-m/nofp/crtend.o
LOAD c:/st/stm32cubeide_1.7.0/stm32cubeide/plugins/com.st.stm32cube.ide.mcu.externaltools.gnu-tools-for-stm32.9-2020-q2-update.win32_2.0.0.202105311346/tools/bin/../lib/gcc/arm-none-eabi/9.3.1/thumb/v7-m/nofp/crtn.o
                0x0000000020005000                _estack = 0x20005000
                0x0000000000000200                _Min_Heap_Size = 0x200
                0x0000000000000400                _Min_Stack_Size = 0x400

.isr_vector     0x0000000008000000      0x10c
                0x0000000008000000                . = ALIGN (0x4)
 *(.isr_vector)
 .isr_vector    0x0000000008000000      0x10c ./lib/startup_stm32f103xb.o
                0x0000000008000000                g_pfnVectors
                0x000000000800010c                . = ALIGN (0x4)

.text           0x0000000008000110     0xa5f0
                0x0000000008000110                . = ALIGN (0x4)
 *(.text)
 .text          0x0000000008000110       0x40 c:/st/stm32cubeide_1.7.0/stm32cubeide/plugins/com.st.stm32cube.ide.mcu.externaltools.gnu-tools-for-stm32.9-2020-q2-update.win32_2.0.0.202105311346/tools/bin/../lib/gcc/arm-none-eabi/9.3.1/thumb/v7-m/nofp/crtbegin.o
 .text          0x0000000008000150       0x18 ./appli/sleep_asm.o
                0x0000000008000150                sleep_asm
 .text          0x0000000008000168       0x10 c:/st/stm32cubeide_1.7.0/stm32cubeide/plugins/com.st.stm32cube.ide.mcu.externaltools.gnu-tools-for-stm32.9-2020-q2-update.win32_2.0.0.202105311346/tools/bin/../lib/gcc/arm-none-eabi/9.3.1/../../../../arm-none-eabi/lib/thumb/v7-m/nofp\libc.a(lib_a-strlen.o)
                0x0000000008000168                strlen
 .text          0x0000000008000178      0x378 c:/st/stm32cubeide_1.7.0/stm32cubeide/plugins/com.st.stm32cube.ide.mcu.externaltools.gnu-tools-for-stm32.9-2020-q2-update.win32_2.0.0.202105311346/tools/bin/../lib/gcc/arm-none-eabi/9.3.1/thumb/v7-m/nofp\libgcc.a(_arm_addsubdf3.o)
                0x0000000008000178                __aeabi_drsub
                0x0000000008000180                __aeabi_dsub
                0x0000000008000180                __subdf3
                0x0000000008000184                __aeabi_dadd
                0x0000000008000184                __adddf3
                0x00000000080003fc                __floatunsidf
                0x00000000080003fc                __aeabi_ui2d
                0x000000000800041c                __floatsidf
                0x000000000800041c                __aeabi_i2d
                0x0000000008000440                __aeabi_f2d
                0x0000000008000440                __extendsfdf2
                0x0000000008000484                __floatundidf
                0x0000000008000484                __aeabi_ul2d
                0x0000000008000494                __floatdidf
                0x0000000008000494                __aeabi_l2d
 .text          0x00000000080004f0      0x424 c:/st/stm32cubeide_1.7.0/stm32cubeide/plugins/com.st.stm32cube.ide.mcu.externaltools.gnu-tools-for-stm32.9-2020-q2-update.win32_2.0.0.202105311346/tools/bin/../lib/gcc/arm-none-eabi/9.3.1/thumb/v7-m/nofp\libgcc.a(_arm_muldivdf3.o)
                0x00000000080004f0                __aeabi_dmul
                0x00000000080004f0                __muldf3
                0x0000000008000744                __divdf3
                0x0000000008000744                __aeabi_ddiv
 .text          0x0000000008000914      0x110 c:/st/stm32cubeide_1.7.0/stm32cubeide/plugins/com.st.stm32cube.ide.mcu.externaltools.gnu-tools-for-stm32.9-2020-q2-update.win32_2.0.0.202105311346/tools/bin/../lib/gcc/arm-none-eabi/9.3.1/thumb/v7-m/nofp\libgcc.a(_arm_cmpdf2.o)
                0x0000000008000914                __gtdf2
                0x0000000008000914                __gedf2
                0x000000000800091c                __ltdf2
                0x000000000800091c                __ledf2
                0x0000000008000924                __nedf2
                0x0000000008000924                __eqdf2
                0x0000000008000924                __cmpdf2
                0x00000000080009a0                __aeabi_cdrcmple
                0x00000000080009b0                __aeabi_cdcmpeq
                0x00000000080009b0                __aeabi_cdcmple
                0x00000000080009c0                __aeabi_dcmpeq
                0x00000000080009d4                __aeabi_dcmplt
                0x00000000080009e8                __aeabi_dcmple
                0x00000000080009fc                __aeabi_dcmpge
                0x0000000008000a10                __aeabi_dcmpgt
 .text          0x0000000008000a24       0x2c c:/st/stm32cubeide_1.7.0/stm32cubeide/plugins/com.st.stm32cube.ide.mcu.externaltools.gnu-tools-for-stm32.9-2020-q2-update.win32_2.0.0.202105311346/tools/bin/../lib/gcc/arm-none-eabi/9.3.1/thumb/v7-m/nofp\libgcc.a(_arm_unorddf2.o)
                0x0000000008000a24                __unorddf2
                0x0000000008000a24                __aeabi_dcmpun
 .text          0x0000000008000a50       0x50 c:/st/stm32cubeide_1.7.0/stm32cubeide/plugins/com.st.stm32cube.ide.mcu.externaltools.gnu-tools-for-stm32.9-2020-q2-update.win32_2.0.0.202105311346/tools/bin/../lib/gcc/arm-none-eabi/9.3.1/thumb/v7-m/nofp\libgcc.a(_arm_fixdfsi.o)
                0x0000000008000a50                __aeabi_d2iz
                0x0000000008000a50                __fixdfsi
 .text          0x0000000008000aa0       0x30 c:/st/stm32cubeide_1.7.0/stm32cubeide/plugins/com.st.stm32cube.ide.mcu.externaltools.gnu-tools-for-stm32.9-2020-q2-update.win32_2.0.0.202105311346/tools/bin/../lib/gcc/arm-none-eabi/9.3.1/thumb/v7-m/nofp\libgcc.a(_aeabi_uldivmod.o)
                0x0000000008000aa0                __aeabi_uldivmod
 .text          0x0000000008000ad0      0x2c4 c:/st/stm32cubeide_1.7.0/stm32cubeide/plugins/com.st.stm32cube.ide.mcu.externaltools.gnu-tools-for-stm32.9-2020-q2-update.win32_2.0.0.202105311346/tools/bin/../lib/gcc/arm-none-eabi/9.3.1/thumb/v7-m/nofp\libgcc.a(_udivmoddi4.o)
                0x0000000008000ad0                __udivmoddi4
 .text          0x0000000008000d94        0x4 c:/st/stm32cubeide_1.7.0/stm32cubeide/plugins/com.st.stm32cube.ide.mcu.externaltools.gnu-tools-for-stm32.9-2020-q2-update.win32_2.0.0.202105311346/tools/bin/../lib/gcc/arm-none-eabi/9.3.1/thumb/v7-m/nofp\libgcc.a(_dvmd_tls.o)
                0x0000000008000d94                __aeabi_idiv0
                0x0000000008000d94                __aeabi_ldiv0
 *(.text*)
 .text.Tag_Nop  0x0000000008000d98        0xc ./appli/Tag_module/tag.o
                0x0000000008000d98                Tag_Nop
 .text.printSerial
                0x0000000008000da4       0x30 ./appli/Tag_module/tag.o
                0x0000000008000da4                printSerial
 .text.setSerial
                0x0000000008000dd4       0x30 ./appli/Tag_module/tag.o
                0x0000000008000dd4                setSerial
 .text.sleep    0x0000000008000e04       0x24 ./appli/Tag_module/tag.o
                0x0000000008000e04                sleep
 .text.storeMem
                0x0000000008000e28       0x44 ./appli/Tag_module/tag.o
                0x0000000008000e28                storeMem
 .text.loadMem  0x0000000008000e6c       0x40 ./appli/Tag_module/tag.o
                0x0000000008000e6c                loadMem
 .text.stop     0x0000000008000eac       0x28 ./appli/Tag_module/tag.o
                0x0000000008000eac                stop
 .text.temp     0x0000000008000ed4       0x40 ./appli/Tag_module/tag.o
                0x0000000008000ed4                temp
 .text.Tag_new  0x0000000008000f14       0x2e ./appli/Tag_module/tag.o
                0x0000000008000f14                Tag_new
 *fill*         0x0000000008000f42        0x2 
 .text.Tag_start
                0x0000000008000f44       0x1c ./appli/Tag_module/tag.o
                0x0000000008000f44                Tag_start
 .text.Tag_setSerial
                0x0000000008000f60       0x20 ./appli/Tag_module/tag.o
                0x0000000008000f60                Tag_setSerial
 .text.Tag_printSerial
                0x0000000008000f80       0x18 ./appli/Tag_module/tag.o
                0x0000000008000f80                Tag_printSerial
 .text.Tag_sleep
                0x0000000008000f98       0x18 ./appli/Tag_module/tag.o
                0x0000000008000f98                Tag_sleep
 .text.Tag_storeMem
                0x0000000008000fb0       0x18 ./appli/Tag_module/tag.o
                0x0000000008000fb0                Tag_storeMem
 .text.Tag_loadMem
                0x0000000008000fc8       0x18 ./appli/Tag_module/tag.o
                0x0000000008000fc8                Tag_loadMem
 .text.Tag_stop
                0x0000000008000fe0       0x18 ./appli/Tag_module/tag.o
                0x0000000008000fe0                Tag_stop
 .text.Tag_temp
                0x0000000008000ff8       0x18 ./appli/Tag_module/tag.o
                0x0000000008000ff8                Tag_temp
 .text.Tag_free
                0x0000000008001010       0x1c ./appli/Tag_module/tag.o
                0x0000000008001010                Tag_free
 .text.Tag_run  0x000000000800102c       0x68 ./appli/Tag_module/tag.o
                0x000000000800102c                Tag_run
 .text.main     0x0000000008001094      0x12c ./appli/main.o
                0x0000000008001094                main
 .text.getIntFromUART
                0x00000000080011c0       0x6c ./appli/main.o
                0x00000000080011c0                getIntFromUART
 .text.EXTI_call
                0x000000000800122c       0x64 ./lib/bsp/stm32f1_extit.o
 .text.EXTI0_IRQHandler
                0x0000000008001290        0xe ./lib/bsp/stm32f1_extit.o
                0x0000000008001290                EXTI0_IRQHandler
 .text.EXTI1_IRQHandler
                0x000000000800129e        0xe ./lib/bsp/stm32f1_extit.o
                0x000000000800129e                EXTI1_IRQHandler
 .text.EXTI2_IRQHandler
                0x00000000080012ac        0xe ./lib/bsp/stm32f1_extit.o
                0x00000000080012ac                EXTI2_IRQHandler
 .text.EXTI3_IRQHandler
                0x00000000080012ba        0xe ./lib/bsp/stm32f1_extit.o
                0x00000000080012ba                EXTI3_IRQHandler
 .text.EXTI4_IRQHandler
                0x00000000080012c8        0xe ./lib/bsp/stm32f1_extit.o
                0x00000000080012c8                EXTI4_IRQHandler
 .text.EXTI9_5_IRQHandler
                0x00000000080012d6       0x26 ./lib/bsp/stm32f1_extit.o
                0x00000000080012d6                EXTI9_5_IRQHandler
 .text.EXTI15_10_IRQHandler
                0x00000000080012fc       0x2c ./lib/bsp/stm32f1_extit.o
                0x00000000080012fc                EXTI15_10_IRQHandler
 .text.__NVIC_SystemReset
                0x0000000008001328       0x2c ./lib/bsp/stm32f1_flash.o
 .text.FLASH_set_word
                0x0000000008001354       0x50 ./lib/bsp/stm32f1_flash.o
                0x0000000008001354                FLASH_set_word
 .text.FLASH_read_word
                0x00000000080013a4       0x58 ./lib/bsp/stm32f1_flash.o
                0x00000000080013a4                FLASH_read_word
 .text.FLASH_erase_everything_else
                0x00000000080013fc       0xb8 ./lib/bsp/stm32f1_flash.o
 .text.FLASH_erase
                0x00000000080014b4       0x34 ./lib/bsp/stm32f1_flash.o
 .text.FLASH_write_word
                0x00000000080014e8       0x50 ./lib/bsp/stm32f1_flash.o
 .text.BSP_GPIO_Enable
                0x0000000008001538       0xc4 ./lib/bsp/stm32f1_gpio.o
                0x0000000008001538                BSP_GPIO_Enable
 .text.BSP_GPIO_PinCfg
                0x00000000080015fc       0x32 ./lib/bsp/stm32f1_gpio.o
                0x00000000080015fc                BSP_GPIO_PinCfg
 *fill*         0x000000000800162e        0x2 
 .text.__NVIC_SystemReset
                0x0000000008001630       0x2c ./lib/bsp/stm32f1_sys.o
 .text.HAL_MspInit
                0x000000000800165c       0x10 ./lib/bsp/stm32f1_sys.o
                0x000000000800165c                HAL_MspInit
 .text.SYS_NVIC_PriorityGrouping
                0x000000000800166c        0xe ./lib/bsp/stm32f1_sys.o
                0x000000000800166c                SYS_NVIC_PriorityGrouping
 .text.SYS_ClockConfig
                0x000000000800167a       0x6c ./lib/bsp/stm32f1_sys.o
                0x000000000800167a                SYS_ClockConfig
 *fill*         0x00000000080016e6        0x2 
 .text._exit    0x00000000080016e8       0x18 ./lib/bsp/stm32f1_sys.o
                0x00000000080016e8                _exit
 .text._fstat   0x0000000008001700       0x1e ./lib/bsp/stm32f1_sys.o
                0x0000000008001700                _fstat
 .text._getpid  0x000000000800171e        0xe ./lib/bsp/stm32f1_sys.o
                0x000000000800171e                _getpid
 .text._kill    0x000000000800172c       0x20 ./lib/bsp/stm32f1_sys.o
                0x000000000800172c                _kill
 .text._sbrk    0x000000000800174c       0x58 ./lib/bsp/stm32f1_sys.o
                0x000000000800174c                _sbrk
 .text._sbrk_r  0x00000000080017a4       0x46 ./lib/bsp/stm32f1_sys.o
                0x00000000080017a4                _sbrk_r
 *fill*         0x00000000080017ea        0x2 
 .text.SYS_set_std_usart
                0x00000000080017ec       0x48 ./lib/bsp/stm32f1_sys.o
                0x00000000080017ec                SYS_set_std_usart
 .text._read    0x0000000008001834       0x7c ./lib/bsp/stm32f1_sys.o
                0x0000000008001834                _read
 .text._write   0x00000000080018b0       0x8c ./lib/bsp/stm32f1_sys.o
                0x00000000080018b0                _write
 .text.dump_printf
                0x000000000800193c       0x58 ./lib/bsp/stm32f1_sys.o
                0x000000000800193c                dump_printf
 .text.dump_trap_info
                0x0000000008001994      0x198 ./lib/bsp/stm32f1_sys.o
                0x0000000008001994                dump_trap_info
 .text.Fault_Handler
                0x0000000008001b2c       0x16 ./lib/bsp/stm32f1_sys.o
                0x0000000008001b2c                UsageFault_Handler
                0x0000000008001b2c                MemManage_Handler
                0x0000000008001b2c                Fault_Handler
                0x0000000008001b2c                BusFault_Handler
                0x0000000008001b2c                HardFault_Handler
 *fill*         0x0000000008001b42        0x2 
 .text.NMI_Handler
                0x0000000008001b44       0x14 ./lib/bsp/stm32f1_sys.o
                0x0000000008001b44                NMI_Handler
 .text.SVC_Handler
                0x0000000008001b58       0x14 ./lib/bsp/stm32f1_sys.o
                0x0000000008001b58                SVC_Handler
 .text.DebugMon_Handler
                0x0000000008001b6c       0x14 ./lib/bsp/stm32f1_sys.o
                0x0000000008001b6c                DebugMon_Handler
 .text.PendSV_Handler
                0x0000000008001b80       0x14 ./lib/bsp/stm32f1_sys.o
                0x0000000008001b80                PendSV_Handler
 .text.TIMER1_user_handler_it
                0x0000000008001b94        0xc ./lib/bsp/stm32f1_timer.o
                0x0000000008001b94                TIMER1_user_handler_it
 .text.TIMER2_user_handler_it
                0x0000000008001ba0        0xc ./lib/bsp/stm32f1_timer.o
                0x0000000008001ba0                TIMER2_user_handler_it
 .text.TIMER3_user_handler_it
                0x0000000008001bac        0xc ./lib/bsp/stm32f1_timer.o
                0x0000000008001bac                TIMER3_user_handler_it
 .text.TIMER4_user_handler_it
                0x0000000008001bb8        0xc ./lib/bsp/stm32f1_timer.o
                0x0000000008001bb8                TIMER4_user_handler_it
 .text.TIM1_UP_IRQHandler
                0x0000000008001bc4       0x28 ./lib/bsp/stm32f1_timer.o
                0x0000000008001bc4                TIM1_UP_IRQHandler
 .text.TIM2_IRQHandler
                0x0000000008001bec       0x28 ./lib/bsp/stm32f1_timer.o
                0x0000000008001bec                TIM2_IRQHandler
 .text.TIM3_IRQHandler
                0x0000000008001c14       0x2c ./lib/bsp/stm32f1_timer.o
                0x0000000008001c14                TIM3_IRQHandler
 .text.TIM4_IRQHandler
                0x0000000008001c40       0x2c ./lib/bsp/stm32f1_timer.o
                0x0000000008001c40                TIM4_IRQHandler
 .text.__NVIC_EnableIRQ
                0x0000000008001c6c       0x38 ./lib/bsp/stm32f1_uart.o
 .text.__NVIC_DisableIRQ
                0x0000000008001ca4       0x48 ./lib/bsp/stm32f1_uart.o
 .text.__NVIC_SystemReset
                0x0000000008001cec       0x2c ./lib/bsp/stm32f1_uart.o
 .text.UART_init
                0x0000000008001d18      0x1a0 ./lib/bsp/stm32f1_uart.o
                0x0000000008001d18                UART_init
 .text.UART_data_ready
                0x0000000008001eb8       0x3c ./lib/bsp/stm32f1_uart.o
                0x0000000008001eb8                UART_data_ready
 .text.UART_get_next_byte
                0x0000000008001ef4       0xb8 ./lib/bsp/stm32f1_uart.o
                0x0000000008001ef4                UART_get_next_byte
 .text.UART_getc_blocking
                0x0000000008001fac       0x52 ./lib/bsp/stm32f1_uart.o
                0x0000000008001fac                UART_getc_blocking
 *fill*         0x0000000008001ffe        0x2 
 .text.UART_putc
                0x0000000008002000       0x84 ./lib/bsp/stm32f1_uart.o
                0x0000000008002000                UART_putc
 .text.UART_impolite_force_puts_on_uart
                0x0000000008002084       0x68 ./lib/bsp/stm32f1_uart.o
                0x0000000008002084                UART_impolite_force_puts_on_uart
 .text.USART1_IRQHandler
                0x00000000080020ec       0x14 ./lib/bsp/stm32f1_uart.o
                0x00000000080020ec                USART1_IRQHandler
 .text.USART2_IRQHandler
                0x0000000008002100       0x14 ./lib/bsp/stm32f1_uart.o
                0x0000000008002100                USART2_IRQHandler
 .text.USART3_IRQHandler
                0x0000000008002114       0x14 ./lib/bsp/stm32f1_uart.o
                0x0000000008002114                USART3_IRQHandler
 .text.HAL_UART_RxCpltCallback
                0x0000000008002128       0xa4 ./lib/bsp/stm32f1_uart.o
                0x0000000008002128                HAL_UART_RxCpltCallback
 .text.HAL_UART_MspInit
                0x00000000080021cc      0x178 ./lib/bsp/stm32f1_uart.o
                0x00000000080021cc                HAL_UART_MspInit
 .text.HAL_UART_ErrorCallback
                0x0000000008002344       0x28 ./lib/bsp/stm32f1_uart.o
                0x0000000008002344                HAL_UART_ErrorCallback
 .text.WWDG_IRQHandler
                0x000000000800236c       0x1c ./lib/bsp/stm32f1_weak_it.o
                0x000000000800236c                WWDG_IRQHandler
 .text.PVD_IRQHandler
                0x0000000008002388       0x1c ./lib/bsp/stm32f1_weak_it.o
                0x0000000008002388                PVD_IRQHandler
 .text.TAMPER_IRQHandler
                0x00000000080023a4       0x1c ./lib/bsp/stm32f1_weak_it.o
                0x00000000080023a4                TAMPER_IRQHandler
 .text.RTC_IRQHandler
                0x00000000080023c0       0x1c ./lib/bsp/stm32f1_weak_it.o
                0x00000000080023c0                RTC_IRQHandler
 .text.FLASH_IRQHandler
                0x00000000080023dc       0x1c ./lib/bsp/stm32f1_weak_it.o
                0x00000000080023dc                FLASH_IRQHandler
 .text.RCC_IRQHandler
                0x00000000080023f8       0x1c ./lib/bsp/stm32f1_weak_it.o
                0x00000000080023f8                RCC_IRQHandler
 .text.DMA1_Channel1_IRQHandler
                0x0000000008002414       0x1c ./lib/bsp/stm32f1_weak_it.o
                0x0000000008002414                DMA1_Channel1_IRQHandler
 .text.DMA1_Channel2_IRQHandler
                0x0000000008002430       0x1c ./lib/bsp/stm32f1_weak_it.o
                0x0000000008002430                DMA1_Channel2_IRQHandler
 .text.DMA1_Channel3_IRQHandler
                0x000000000800244c       0x1c ./lib/bsp/stm32f1_weak_it.o
                0x000000000800244c                DMA1_Channel3_IRQHandler
 .text.DMA1_Channel4_IRQHandler
                0x0000000008002468       0x1c ./lib/bsp/stm32f1_weak_it.o
                0x0000000008002468                DMA1_Channel4_IRQHandler
 .text.DMA1_Channel5_IRQHandler
                0x0000000008002484       0x1c ./lib/bsp/stm32f1_weak_it.o
                0x0000000008002484                DMA1_Channel5_IRQHandler
 .text.DMA1_Channel6_IRQHandler
                0x00000000080024a0       0x1c ./lib/bsp/stm32f1_weak_it.o
                0x00000000080024a0                DMA1_Channel6_IRQHandler
 .text.DMA1_Channel7_IRQHandler
                0x00000000080024bc       0x1c ./lib/bsp/stm32f1_weak_it.o
                0x00000000080024bc                DMA1_Channel7_IRQHandler
 .text.ADC1_2_IRQHandler
                0x00000000080024d8       0x1c ./lib/bsp/stm32f1_weak_it.o
                0x00000000080024d8                ADC1_2_IRQHandler
 .text.USB_HP_CAN1_TX_IRQHandler
                0x00000000080024f4       0x1c ./lib/bsp/stm32f1_weak_it.o
                0x00000000080024f4                USB_HP_CAN1_TX_IRQHandler
 .text.USB_LP_CAN1_RX0_IRQHandler
                0x0000000008002510       0x1c ./lib/bsp/stm32f1_weak_it.o
                0x0000000008002510                USB_LP_CAN1_RX0_IRQHandler
 .text.CAN1_RX1_IRQHandler
                0x000000000800252c       0x1c ./lib/bsp/stm32f1_weak_it.o
                0x000000000800252c                CAN1_RX1_IRQHandler
 .text.CAN1_SCE_IRQHandler
                0x0000000008002548       0x1c ./lib/bsp/stm32f1_weak_it.o
                0x0000000008002548                CAN1_SCE_IRQHandler
 .text.TIM1_BRK_IRQHandler
                0x0000000008002564       0x1c ./lib/bsp/stm32f1_weak_it.o
                0x0000000008002564                TIM1_BRK_IRQHandler
 .text.TIM1_TRG_COM_IRQHandler
                0x0000000008002580       0x1c ./lib/bsp/stm32f1_weak_it.o
                0x0000000008002580                TIM1_TRG_COM_IRQHandler
 .text.TIM1_CC_IRQHandler
                0x000000000800259c       0x1c ./lib/bsp/stm32f1_weak_it.o
                0x000000000800259c                TIM1_CC_IRQHandler
 .text.I2C1_EV_IRQHandler
                0x00000000080025b8       0x1c ./lib/bsp/stm32f1_weak_it.o
                0x00000000080025b8                I2C1_EV_IRQHandler
 .text.I2C1_ER_IRQHandler
                0x00000000080025d4       0x1c ./lib/bsp/stm32f1_weak_it.o
                0x00000000080025d4                I2C1_ER_IRQHandler
 .text.I2C2_EV_IRQHandler
                0x00000000080025f0       0x1c ./lib/bsp/stm32f1_weak_it.o
                0x00000000080025f0                I2C2_EV_IRQHandler
 .text.I2C2_ER_IRQHandler
                0x000000000800260c       0x1c ./lib/bsp/stm32f1_weak_it.o
                0x000000000800260c                I2C2_ER_IRQHandler
 .text.SPI1_IRQHandler
                0x0000000008002628       0x1c ./lib/bsp/stm32f1_weak_it.o
                0x0000000008002628                SPI1_IRQHandler
 .text.SPI2_IRQHandler
                0x0000000008002644       0x1c ./lib/bsp/stm32f1_weak_it.o
                0x0000000008002644                SPI2_IRQHandler
 .text.RTC_Alarm_IRQHandler
                0x0000000008002660       0x1c ./lib/bsp/stm32f1_weak_it.o
                0x0000000008002660                RTC_Alarm_IRQHandler
 .text.USBWakeUp_IRQHandler
                0x000000000800267c       0x1c ./lib/bsp/stm32f1_weak_it.o
                0x000000000800267c                USBWakeUp_IRQHandler
 .text.SystemInit
                0x0000000008002698       0x68 ./lib/bsp/system_stm32f1xx.o
                0x0000000008002698                SystemInit
 .text.SystemCoreClockUpdate
                0x0000000008002700       0xe4 ./lib/bsp/system_stm32f1xx.o
                0x0000000008002700                SystemCoreClockUpdate
 .text.Systick_init
                0x00000000080027e4       0x44 ./lib/bsp/systick.o
                0x00000000080027e4                Systick_init
 .text.SysTick_Handler
                0x0000000008002828       0x54 ./lib/bsp/systick.o
                0x0000000008002828                SysTick_Handler
 .text.HAL_Init
                0x000000000800287c       0x2c ./lib/hal/src/stm32f1xx_hal.o
                0x000000000800287c                HAL_Init
 .text.HAL_InitTick
                0x00000000080028a8       0x60 ./lib/hal/src/stm32f1xx_hal.o
                0x00000000080028a8                HAL_InitTick
 .text.HAL_IncTick
                0x0000000008002908       0x24 ./lib/hal/src/stm32f1xx_hal.o
                0x0000000008002908                HAL_IncTick
 .text.HAL_GetTick
                0x000000000800292c       0x14 ./lib/hal/src/stm32f1xx_hal.o
                0x000000000800292c                HAL_GetTick
 .text.__NVIC_SetPriorityGrouping
                0x0000000008002940       0x48 ./lib/hal/src/stm32f1xx_hal_cortex.o
 .text.__NVIC_GetPriorityGrouping
                0x0000000008002988       0x1c ./lib/hal/src/stm32f1xx_hal_cortex.o
 .text.__NVIC_EnableIRQ
                0x00000000080029a4       0x38 ./lib/hal/src/stm32f1xx_hal_cortex.o
 .text.__NVIC_SetPriority
                0x00000000080029dc       0x54 ./lib/hal/src/stm32f1xx_hal_cortex.o
 .text.NVIC_EncodePriority
                0x0000000008002a30       0x64 ./lib/hal/src/stm32f1xx_hal_cortex.o
 .text.SysTick_Config
                0x0000000008002a94       0x44 ./lib/hal/src/stm32f1xx_hal_cortex.o
 .text.HAL_NVIC_SetPriorityGrouping
                0x0000000008002ad8       0x16 ./lib/hal/src/stm32f1xx_hal_cortex.o
                0x0000000008002ad8                HAL_NVIC_SetPriorityGrouping
 .text.HAL_NVIC_SetPriority
                0x0000000008002aee       0x38 ./lib/hal/src/stm32f1xx_hal_cortex.o
                0x0000000008002aee                HAL_NVIC_SetPriority
 .text.HAL_NVIC_EnableIRQ
                0x0000000008002b26       0x1c ./lib/hal/src/stm32f1xx_hal_cortex.o
                0x0000000008002b26                HAL_NVIC_EnableIRQ
 .text.HAL_SYSTICK_Config
                0x0000000008002b42       0x18 ./lib/hal/src/stm32f1xx_hal_cortex.o
                0x0000000008002b42                HAL_SYSTICK_Config
 .text.HAL_SYSTICK_IRQHandler
                0x0000000008002b5a        0xc ./lib/hal/src/stm32f1xx_hal_cortex.o
                0x0000000008002b5a                HAL_SYSTICK_IRQHandler
 .text.HAL_SYSTICK_Callback
                0x0000000008002b66        0xc ./lib/hal/src/stm32f1xx_hal_cortex.o
                0x0000000008002b66                HAL_SYSTICK_Callback
 *fill*         0x0000000008002b72        0x2 
 .text.HAL_DMA_Abort_IT
                0x0000000008002b74       0xec ./lib/hal/src/stm32f1xx_hal_dma.o
                0x0000000008002b74                HAL_DMA_Abort_IT
 .text.HAL_FLASH_Program
                0x0000000008002c60       0xe0 ./lib/hal/src/stm32f1xx_hal_flash.o
                0x0000000008002c60                HAL_FLASH_Program
 .text.HAL_FLASH_Unlock
                0x0000000008002d40       0x4c ./lib/hal/src/stm32f1xx_hal_flash.o
                0x0000000008002d40                HAL_FLASH_Unlock
 .text.HAL_FLASH_Lock
                0x0000000008002d8c       0x20 ./lib/hal/src/stm32f1xx_hal_flash.o
                0x0000000008002d8c                HAL_FLASH_Lock
 .text.FLASH_Program_HalfWord
                0x0000000008002dac       0x38 ./lib/hal/src/stm32f1xx_hal_flash.o
 .text.FLASH_WaitForLastOperation
                0x0000000008002de4       0x8c ./lib/hal/src/stm32f1xx_hal_flash.o
                0x0000000008002de4                FLASH_WaitForLastOperation
 .text.FLASH_SetErrorCode
                0x0000000008002e70       0xa0 ./lib/hal/src/stm32f1xx_hal_flash.o
 .text.FLASH_PageErase
                0x0000000008002f10       0x40 ./lib/hal/src/stm32f1xx_hal_flash_ex.o
                0x0000000008002f10                FLASH_PageErase
 .text.HAL_GPIO_Init
                0x0000000008002f50      0x308 ./lib/hal/src/stm32f1xx_hal_gpio.o
                0x0000000008002f50                HAL_GPIO_Init
 .text.HAL_GPIO_WritePin
                0x0000000008003258       0x30 ./lib/hal/src/stm32f1xx_hal_gpio.o
                0x0000000008003258                HAL_GPIO_WritePin
 .text.HAL_RCC_OscConfig
                0x0000000008003288      0x500 ./lib/hal/src/stm32f1xx_hal_rcc.o
                0x0000000008003288                HAL_RCC_OscConfig
 .text.HAL_RCC_ClockConfig
                0x0000000008003788      0x1d4 ./lib/hal/src/stm32f1xx_hal_rcc.o
                0x0000000008003788                HAL_RCC_ClockConfig
 .text.HAL_RCC_GetSysClockFreq
                0x000000000800395c       0xc0 ./lib/hal/src/stm32f1xx_hal_rcc.o
                0x000000000800395c                HAL_RCC_GetSysClockFreq
 .text.HAL_RCC_GetHCLKFreq
                0x0000000008003a1c       0x14 ./lib/hal/src/stm32f1xx_hal_rcc.o
                0x0000000008003a1c                HAL_RCC_GetHCLKFreq
 .text.HAL_RCC_GetPCLK1Freq
                0x0000000008003a30       0x28 ./lib/hal/src/stm32f1xx_hal_rcc.o
                0x0000000008003a30                HAL_RCC_GetPCLK1Freq
 .text.HAL_RCC_GetPCLK2Freq
                0x0000000008003a58       0x28 ./lib/hal/src/stm32f1xx_hal_rcc.o
                0x0000000008003a58                HAL_RCC_GetPCLK2Freq
 .text.RCC_Delay
                0x0000000008003a80       0x3c ./lib/hal/src/stm32f1xx_hal_rcc.o
 .text.HAL_UART_Init
                0x0000000008003abc       0x9a ./lib/hal/src/stm32f1xx_hal_uart.o
                0x0000000008003abc                HAL_UART_Init
 .text.HAL_UART_Transmit_IT
                0x0000000008003b56       0x88 ./lib/hal/src/stm32f1xx_hal_uart.o
                0x0000000008003b56                HAL_UART_Transmit_IT
 .text.HAL_UART_Receive_IT
                0x0000000008003bde       0xa8 ./lib/hal/src/stm32f1xx_hal_uart.o
                0x0000000008003bde                HAL_UART_Receive_IT
 *fill*         0x0000000008003c86        0x2 
 .text.HAL_UART_IRQHandler
                0x0000000008003c88      0x1f4 ./lib/hal/src/stm32f1xx_hal_uart.o
                0x0000000008003c88                HAL_UART_IRQHandler
 .text.HAL_UART_TxCpltCallback
                0x0000000008003e7c       0x12 ./lib/hal/src/stm32f1xx_hal_uart.o
                0x0000000008003e7c                HAL_UART_TxCpltCallback
 .text.UART_EndRxTransfer
                0x0000000008003e8e       0x3a ./lib/hal/src/stm32f1xx_hal_uart.o
 .text.UART_DMAAbortOnError
                0x0000000008003ec8       0x28 ./lib/hal/src/stm32f1xx_hal_uart.o
 .text.UART_Transmit_IT
                0x0000000008003ef0       0xaa ./lib/hal/src/stm32f1xx_hal_uart.o
 .text.UART_EndTransmit_IT
                0x0000000008003f9a       0x30 ./lib/hal/src/stm32f1xx_hal_uart.o
 .text.UART_Receive_IT
                0x0000000008003fca      0x102 ./lib/hal/src/stm32f1xx_hal_uart.o
 .text.UART_SetConfig
                0x00000000080040cc      0x230 ./lib/hal/src/stm32f1xx_hal_uart.o
 .text.Reset_Handler
                0x00000000080042fc       0x64 ./lib/startup_stm32f103xb.o
                0x00000000080042fc                Reset_Handler
 .text.Default_Handler
                0x0000000008004360        0x2 ./lib/startup_stm32f103xb.o
                0x0000000008004360                Default_Handler
 .text.atoi     0x0000000008004362        0x8 c:/st/stm32cubeide_1.7.0/stm32cubeide/plugins/com.st.stm32cube.ide.mcu.externaltools.gnu-tools-for-stm32.9-2020-q2-update.win32_2.0.0.202105311346/tools/bin/../lib/gcc/arm-none-eabi/9.3.1/../../../../arm-none-eabi/lib/thumb/v7-m/nofp\libc.a(lib_a-atoi.o)
                0x0000000008004362                atoi
 *fill*         0x000000000800436a        0x2 
 .text.__errno  0x000000000800436c        0xc c:/st/stm32cubeide_1.7.0/stm32cubeide/plugins/com.st.stm32cube.ide.mcu.externaltools.gnu-tools-for-stm32.9-2020-q2-update.win32_2.0.0.202105311346/tools/bin/../lib/gcc/arm-none-eabi/9.3.1/../../../../arm-none-eabi/lib/thumb/v7-m/nofp\libc.a(lib_a-errno.o)
                0x000000000800436c                __errno
 .text.__libc_init_array
                0x0000000008004378       0x48 c:/st/stm32cubeide_1.7.0/stm32cubeide/plugins/com.st.stm32cube.ide.mcu.externaltools.gnu-tools-for-stm32.9-2020-q2-update.win32_2.0.0.202105311346/tools/bin/../lib/gcc/arm-none-eabi/9.3.1/../../../../arm-none-eabi/lib/thumb/v7-m/nofp\libc.a(lib_a-init.o)
                0x0000000008004378                __libc_init_array
 .text.malloc   0x00000000080043c0       0x10 c:/st/stm32cubeide_1.7.0/stm32cubeide/plugins/com.st.stm32cube.ide.mcu.externaltools.gnu-tools-for-stm32.9-2020-q2-update.win32_2.0.0.202105311346/tools/bin/../lib/gcc/arm-none-eabi/9.3.1/../../../../arm-none-eabi/lib/thumb/v7-m/nofp\libc.a(lib_a-malloc.o)
                0x00000000080043c0                malloc
 .text.free     0x00000000080043d0       0x10 c:/st/stm32cubeide_1.7.0/stm32cubeide/plugins/com.st.stm32cube.ide.mcu.externaltools.gnu-tools-for-stm32.9-2020-q2-update.win32_2.0.0.202105311346/tools/bin/../lib/gcc/arm-none-eabi/9.3.1/../../../../arm-none-eabi/lib/thumb/v7-m/nofp\libc.a(lib_a-malloc.o)
                0x00000000080043d0                free
 .text._malloc_r
                0x00000000080043e0      0x484 c:/st/stm32cubeide_1.7.0/stm32cubeide/plugins/com.st.stm32cube.ide.mcu.externaltools.gnu-tools-for-stm32.9-2020-q2-update.win32_2.0.0.202105311346/tools/bin/../lib/gcc/arm-none-eabi/9.3.1/../../../../arm-none-eabi/lib/thumb/v7-m/nofp\libc.a(lib_a-mallocr.o)
                0x00000000080043e0                _malloc_r
 .text.memset   0x0000000008004864       0x10 c:/st/stm32cubeide_1.7.0/stm32cubeide/plugins/com.st.stm32cube.ide.mcu.externaltools.gnu-tools-for-stm32.9-2020-q2-update.win32_2.0.0.202105311346/tools/bin/../lib/gcc/arm-none-eabi/9.3.1/../../../../arm-none-eabi/lib/thumb/v7-m/nofp\libc.a(lib_a-memset.o)
                0x0000000008004864                memset
 .text.__malloc_lock
                0x0000000008004874        0xc c:/st/stm32cubeide_1.7.0/stm32cubeide/plugins/com.st.stm32cube.ide.mcu.externaltools.gnu-tools-for-stm32.9-2020-q2-update.win32_2.0.0.202105311346/tools/bin/../lib/gcc/arm-none-eabi/9.3.1/../../../../arm-none-eabi/lib/thumb/v7-m/nofp\libc.a(lib_a-mlock.o)
                0x0000000008004874                __malloc_lock
 .text.__malloc_unlock
                0x0000000008004880        0xc c:/st/stm32cubeide_1.7.0/stm32cubeide/plugins/com.st.stm32cube.ide.mcu.externaltools.gnu-tools-for-stm32.9-2020-q2-update.win32_2.0.0.202105311346/tools/bin/../lib/gcc/arm-none-eabi/9.3.1/../../../../arm-none-eabi/lib/thumb/v7-m/nofp\libc.a(lib_a-mlock.o)
                0x0000000008004880                __malloc_unlock
 .text.printf   0x000000000800488c       0x24 c:/st/stm32cubeide_1.7.0/stm32cubeide/plugins/com.st.stm32cube.ide.mcu.externaltools.gnu-tools-for-stm32.9-2020-q2-update.win32_2.0.0.202105311346/tools/bin/../lib/gcc/arm-none-eabi/9.3.1/../../../../arm-none-eabi/lib/thumb/v7-m/nofp\libc.a(lib_a-printf.o)
                0x000000000800488c                printf
 .text.rand     0x00000000080048b0       0x3c c:/st/stm32cubeide_1.7.0/stm32cubeide/plugins/com.st.stm32cube.ide.mcu.externaltools.gnu-tools-for-stm32.9-2020-q2-update.win32_2.0.0.202105311346/tools/bin/../lib/gcc/arm-none-eabi/9.3.1/../../../../arm-none-eabi/lib/thumb/v7-m/nofp\libc.a(lib_a-rand.o)
                0x00000000080048b0                rand
 .text.setvbuf  0x00000000080048ec      0x170 c:/st/stm32cubeide_1.7.0/stm32cubeide/plugins/com.st.stm32cube.ide.mcu.externaltools.gnu-tools-for-stm32.9-2020-q2-update.win32_2.0.0.202105311346/tools/bin/../lib/gcc/arm-none-eabi/9.3.1/../../../../arm-none-eabi/lib/thumb/v7-m/nofp\libc.a(lib_a-setvbuf.o)
                0x00000000080048ec                setvbuf
 .text._strtol_l.isra.0
                0x0000000008004a5c      0x10c c:/st/stm32cubeide_1.7.0/stm32cubeide/plugins/com.st.stm32cube.ide.mcu.externaltools.gnu-tools-for-stm32.9-2020-q2-update.win32_2.0.0.202105311346/tools/bin/../lib/gcc/arm-none-eabi/9.3.1/../../../../arm-none-eabi/lib/thumb/v7-m/nofp\libc.a(lib_a-strtol.o)
 .text.strtol   0x0000000008004b68       0x14 c:/st/stm32cubeide_1.7.0/stm32cubeide/plugins/com.st.stm32cube.ide.mcu.externaltools.gnu-tools-for-stm32.9-2020-q2-update.win32_2.0.0.202105311346/tools/bin/../lib/gcc/arm-none-eabi/9.3.1/../../../../arm-none-eabi/lib/thumb/v7-m/nofp\libc.a(lib_a-strtol.o)
                0x0000000008004b68                strtol
 .text.sysconf  0x0000000008004b7c       0x1a c:/st/stm32cubeide_1.7.0/stm32cubeide/plugins/com.st.stm32cube.ide.mcu.externaltools.gnu-tools-for-stm32.9-2020-q2-update.win32_2.0.0.202105311346/tools/bin/../lib/gcc/arm-none-eabi/9.3.1/../../../../arm-none-eabi/lib/thumb/v7-m/nofp\libc.a(lib_a-sysconf.o)
                0x0000000008004b7c                sysconf
 *fill*         0x0000000008004b96        0x2 
 .text._vfprintf_r
                0x0000000008004b98     0x1440 c:/st/stm32cubeide_1.7.0/stm32cubeide/plugins/com.st.stm32cube.ide.mcu.externaltools.gnu-tools-for-stm32.9-2020-q2-update.win32_2.0.0.202105311346/tools/bin/../lib/gcc/arm-none-eabi/9.3.1/../../../../arm-none-eabi/lib/thumb/v7-m/nofp\libc.a(lib_a-vfprintf.o)
                0x0000000008004b98                _vfprintf_r
 .text.__sbprintf
                0x0000000008005fd8       0x80 c:/st/stm32cubeide_1.7.0/stm32cubeide/plugins/com.st.stm32cube.ide.mcu.externaltools.gnu-tools-for-stm32.9-2020-q2-update.win32_2.0.0.202105311346/tools/bin/../lib/gcc/arm-none-eabi/9.3.1/../../../../arm-none-eabi/lib/thumb/v7-m/nofp\libc.a(lib_a-vfprintf.o)
 .text._vsnprintf_r
                0x0000000008006058       0x58 c:/st/stm32cubeide_1.7.0/stm32cubeide/plugins/com.st.stm32cube.ide.mcu.externaltools.gnu-tools-for-stm32.9-2020-q2-update.win32_2.0.0.202105311346/tools/bin/../lib/gcc/arm-none-eabi/9.3.1/../../../../arm-none-eabi/lib/thumb/v7-m/nofp\libc.a(lib_a-vsnprintf.o)
                0x0000000008006058                _vsnprintf_r
 .text.vsnprintf
                0x00000000080060b0       0x1c c:/st/stm32cubeide_1.7.0/stm32cubeide/plugins/com.st.stm32cube.ide.mcu.externaltools.gnu-tools-for-stm32.9-2020-q2-update.win32_2.0.0.202105311346/tools/bin/../lib/gcc/arm-none-eabi/9.3.1/../../../../arm-none-eabi/lib/thumb/v7-m/nofp\libc.a(lib_a-vsnprintf.o)
                0x00000000080060b0                vsnprintf
 .text.__swsetup_r
                0x00000000080060cc       0xb0 c:/st/stm32cubeide_1.7.0/stm32cubeide/plugins/com.st.stm32cube.ide.mcu.externaltools.gnu-tools-for-stm32.9-2020-q2-update.win32_2.0.0.202105311346/tools/bin/../lib/gcc/arm-none-eabi/9.3.1/../../../../arm-none-eabi/lib/thumb/v7-m/nofp\libc.a(lib_a-wsetup.o)
                0x00000000080060cc                __swsetup_r
 .text.startup.register_fini
                0x000000000800617c       0x14 c:/st/stm32cubeide_1.7.0/stm32cubeide/plugins/com.st.stm32cube.ide.mcu.externaltools.gnu-tools-for-stm32.9-2020-q2-update.win32_2.0.0.202105311346/tools/bin/../lib/gcc/arm-none-eabi/9.3.1/../../../../arm-none-eabi/lib/thumb/v7-m/nofp\libc.a(lib_a-__call_atexit.o)
 .text.atexit   0x0000000008006190        0xc c:/st/stm32cubeide_1.7.0/stm32cubeide/plugins/com.st.stm32cube.ide.mcu.externaltools.gnu-tools-for-stm32.9-2020-q2-update.win32_2.0.0.202105311346/tools/bin/../lib/gcc/arm-none-eabi/9.3.1/../../../../arm-none-eabi/lib/thumb/v7-m/nofp\libc.a(lib_a-atexit.o)
                0x0000000008006190                atexit
 .text.quorem   0x000000000800619c      0x11a c:/st/stm32cubeide_1.7.0/stm32cubeide/plugins/com.st.stm32cube.ide.mcu.externaltools.gnu-tools-for-stm32.9-2020-q2-update.win32_2.0.0.202105311346/tools/bin/../lib/gcc/arm-none-eabi/9.3.1/../../../../arm-none-eabi/lib/thumb/v7-m/nofp\libc.a(lib_a-dtoa.o)
 *fill*         0x00000000080062b6        0x2 
 .text._dtoa_r  0x00000000080062b8      0xb7c c:/st/stm32cubeide_1.7.0/stm32cubeide/plugins/com.st.stm32cube.ide.mcu.externaltools.gnu-tools-for-stm32.9-2020-q2-update.win32_2.0.0.202105311346/tools/bin/../lib/gcc/arm-none-eabi/9.3.1/../../../../arm-none-eabi/lib/thumb/v7-m/nofp\libc.a(lib_a-dtoa.o)
                0x00000000080062b8                _dtoa_r
 .text.__sflush_r
                0x0000000008006e34      0x11c c:/st/stm32cubeide_1.7.0/stm32cubeide/plugins/com.st.stm32cube.ide.mcu.externaltools.gnu-tools-for-stm32.9-2020-q2-update.win32_2.0.0.202105311346/tools/bin/../lib/gcc/arm-none-eabi/9.3.1/../../../../arm-none-eabi/lib/thumb/v7-m/nofp\libc.a(lib_a-fflush.o)
                0x0000000008006e34                __sflush_r
 .text._fflush_r
                0x0000000008006f50       0x4a c:/st/stm32cubeide_1.7.0/stm32cubeide/plugins/com.st.stm32cube.ide.mcu.externaltools.gnu-tools-for-stm32.9-2020-q2-update.win32_2.0.0.202105311346/tools/bin/../lib/gcc/arm-none-eabi/9.3.1/../../../../arm-none-eabi/lib/thumb/v7-m/nofp\libc.a(lib_a-fflush.o)
                0x0000000008006f50                _fflush_r
 *fill*         0x0000000008006f9a        0x2 
 .text.std      0x0000000008006f9c       0x50 c:/st/stm32cubeide_1.7.0/stm32cubeide/plugins/com.st.stm32cube.ide.mcu.externaltools.gnu-tools-for-stm32.9-2020-q2-update.win32_2.0.0.202105311346/tools/bin/../lib/gcc/arm-none-eabi/9.3.1/../../../../arm-none-eabi/lib/thumb/v7-m/nofp\libc.a(lib_a-findfp.o)
 .text._cleanup_r
                0x0000000008006fec        0xc c:/st/stm32cubeide_1.7.0/stm32cubeide/plugins/com.st.stm32cube.ide.mcu.externaltools.gnu-tools-for-stm32.9-2020-q2-update.win32_2.0.0.202105311346/tools/bin/../lib/gcc/arm-none-eabi/9.3.1/../../../../arm-none-eabi/lib/thumb/v7-m/nofp\libc.a(lib_a-findfp.o)
                0x0000000008006fec                _cleanup_r
 .text.__sfp_lock_acquire
                0x0000000008006ff8        0xc c:/st/stm32cubeide_1.7.0/stm32cubeide/plugins/com.st.stm32cube.ide.mcu.externaltools.gnu-tools-for-stm32.9-2020-q2-update.win32_2.0.0.202105311346/tools/bin/../lib/gcc/arm-none-eabi/9.3.1/../../../../arm-none-eabi/lib/thumb/v7-m/nofp\libc.a(lib_a-findfp.o)
                0x0000000008006ff8                __sfp_lock_acquire
 .text.__sfp_lock_release
                0x0000000008007004        0xc c:/st/stm32cubeide_1.7.0/stm32cubeide/plugins/com.st.stm32cube.ide.mcu.externaltools.gnu-tools-for-stm32.9-2020-q2-update.win32_2.0.0.202105311346/tools/bin/../lib/gcc/arm-none-eabi/9.3.1/../../../../arm-none-eabi/lib/thumb/v7-m/nofp\libc.a(lib_a-findfp.o)
                0x0000000008007004                __sfp_lock_release
 .text.__sinit_lock_acquire
                0x0000000008007010        0xc c:/st/stm32cubeide_1.7.0/stm32cubeide/plugins/com.st.stm32cube.ide.mcu.externaltools.gnu-tools-for-stm32.9-2020-q2-update.win32_2.0.0.202105311346/tools/bin/../lib/gcc/arm-none-eabi/9.3.1/../../../../arm-none-eabi/lib/thumb/v7-m/nofp\libc.a(lib_a-findfp.o)
                0x0000000008007010                __sinit_lock_acquire
 .text.__sinit_lock_release
                0x000000000800701c        0xc c:/st/stm32cubeide_1.7.0/stm32cubeide/plugins/com.st.stm32cube.ide.mcu.externaltools.gnu-tools-for-stm32.9-2020-q2-update.win32_2.0.0.202105311346/tools/bin/../lib/gcc/arm-none-eabi/9.3.1/../../../../arm-none-eabi/lib/thumb/v7-m/nofp\libc.a(lib_a-findfp.o)
                0x000000000800701c                __sinit_lock_release
 .text.__sinit  0x0000000008007028       0x50 c:/st/stm32cubeide_1.7.0/stm32cubeide/plugins/com.st.stm32cube.ide.mcu.externaltools.gnu-tools-for-stm32.9-2020-q2-update.win32_2.0.0.202105311346/tools/bin/../lib/gcc/arm-none-eabi/9.3.1/../../../../arm-none-eabi/lib/thumb/v7-m/nofp\libc.a(lib_a-findfp.o)
                0x0000000008007028                __sinit
 .text.__libc_fini_array
                0x0000000008007078       0x28 c:/st/stm32cubeide_1.7.0/stm32cubeide/plugins/com.st.stm32cube.ide.mcu.externaltools.gnu-tools-for-stm32.9-2020-q2-update.win32_2.0.0.202105311346/tools/bin/../lib/gcc/arm-none-eabi/9.3.1/../../../../arm-none-eabi/lib/thumb/v7-m/nofp\libc.a(lib_a-fini.o)
                0x0000000008007078                __libc_fini_array
 .text._malloc_trim_r
                0x00000000080070a0       0xa8 c:/st/stm32cubeide_1.7.0/stm32cubeide/plugins/com.st.stm32cube.ide.mcu.externaltools.gnu-tools-for-stm32.9-2020-q2-update.win32_2.0.0.202105311346/tools/bin/../lib/gcc/arm-none-eabi/9.3.1/../../../../arm-none-eabi/lib/thumb/v7-m/nofp\libc.a(lib_a-freer.o)
                0x00000000080070a0                _malloc_trim_r
 .text._free_r  0x0000000008007148      0x180 c:/st/stm32cubeide_1.7.0/stm32cubeide/plugins/com.st.stm32cube.ide.mcu.externaltools.gnu-tools-for-stm32.9-2020-q2-update.win32_2.0.0.202105311346/tools/bin/../lib/gcc/arm-none-eabi/9.3.1/../../../../arm-none-eabi/lib/thumb/v7-m/nofp\libc.a(lib_a-freer.o)
                0x0000000008007148                _free_r
 .text._fwalk_reent
                0x00000000080072c8       0x3e c:/st/stm32cubeide_1.7.0/stm32cubeide/plugins/com.st.stm32cube.ide.mcu.externaltools.gnu-tools-for-stm32.9-2020-q2-update.win32_2.0.0.202105311346/tools/bin/../lib/gcc/arm-none-eabi/9.3.1/../../../../arm-none-eabi/lib/thumb/v7-m/nofp\libc.a(lib_a-fwalk.o)
                0x00000000080072c8                _fwalk_reent
 *fill*         0x0000000008007306        0x2 
 .text._localeconv_r
                0x0000000008007308        0x8 c:/st/stm32cubeide_1.7.0/stm32cubeide/plugins/com.st.stm32cube.ide.mcu.externaltools.gnu-tools-for-stm32.9-2020-q2-update.win32_2.0.0.202105311346/tools/bin/../lib/gcc/arm-none-eabi/9.3.1/../../../../arm-none-eabi/lib/thumb/v7-m/nofp\libc.a(lib_a-localeconv.o)
                0x0000000008007308                _localeconv_r
 .text.__retarget_lock_init_recursive
                0x0000000008007310        0x2 c:/st/stm32cubeide_1.7.0/stm32cubeide/plugins/com.st.stm32cube.ide.mcu.externaltools.gnu-tools-for-stm32.9-2020-q2-update.win32_2.0.0.202105311346/tools/bin/../lib/gcc/arm-none-eabi/9.3.1/../../../../arm-none-eabi/lib/thumb/v7-m/nofp\libc.a(lib_a-lock.o)
                0x0000000008007310                __retarget_lock_init_recursive
 .text.__retarget_lock_close_recursive
                0x0000000008007312        0x2 c:/st/stm32cubeide_1.7.0/stm32cubeide/plugins/com.st.stm32cube.ide.mcu.externaltools.gnu-tools-for-stm32.9-2020-q2-update.win32_2.0.0.202105311346/tools/bin/../lib/gcc/arm-none-eabi/9.3.1/../../../../arm-none-eabi/lib/thumb/v7-m/nofp\libc.a(lib_a-lock.o)
                0x0000000008007312                __retarget_lock_close_recursive
 .text.__retarget_lock_acquire_recursive
                0x0000000008007314        0x2 c:/st/stm32cubeide_1.7.0/stm32cubeide/plugins/com.st.stm32cube.ide.mcu.externaltools.gnu-tools-for-stm32.9-2020-q2-update.win32_2.0.0.202105311346/tools/bin/../lib/gcc/arm-none-eabi/9.3.1/../../../../arm-none-eabi/lib/thumb/v7-m/nofp\libc.a(lib_a-lock.o)
                0x0000000008007314                __retarget_lock_acquire_recursive
 .text.__retarget_lock_release_recursive
                0x0000000008007316        0x2 c:/st/stm32cubeide_1.7.0/stm32cubeide/plugins/com.st.stm32cube.ide.mcu.externaltools.gnu-tools-for-stm32.9-2020-q2-update.win32_2.0.0.202105311346/tools/bin/../lib/gcc/arm-none-eabi/9.3.1/../../../../arm-none-eabi/lib/thumb/v7-m/nofp\libc.a(lib_a-lock.o)
                0x0000000008007316                __retarget_lock_release_recursive
 .text.__swhatbuf_r
                0x0000000008007318       0x56 c:/st/stm32cubeide_1.7.0/stm32cubeide/plugins/com.st.stm32cube.ide.mcu.externaltools.gnu-tools-for-stm32.9-2020-q2-update.win32_2.0.0.202105311346/tools/bin/../lib/gcc/arm-none-eabi/9.3.1/../../../../arm-none-eabi/lib/thumb/v7-m/nofp\libc.a(lib_a-makebuf.o)
                0x0000000008007318                __swhatbuf_r
 *fill*         0x000000000800736e        0x2 
 .text.__smakebuf_r
                0x0000000008007370       0x80 c:/st/stm32cubeide_1.7.0/stm32cubeide/plugins/com.st.stm32cube.ide.mcu.externaltools.gnu-tools-for-stm32.9-2020-q2-update.win32_2.0.0.202105311346/tools/bin/../lib/gcc/arm-none-eabi/9.3.1/../../../../arm-none-eabi/lib/thumb/v7-m/nofp\libc.a(lib_a-makebuf.o)
                0x0000000008007370                __smakebuf_r
 .text.memchr   0x00000000080073f0       0x1c c:/st/stm32cubeide_1.7.0/stm32cubeide/plugins/com.st.stm32cube.ide.mcu.externaltools.gnu-tools-for-stm32.9-2020-q2-update.win32_2.0.0.202105311346/tools/bin/../lib/gcc/arm-none-eabi/9.3.1/../../../../arm-none-eabi/lib/thumb/v7-m/nofp\libc.a(lib_a-memchr-stub.o)
                0x00000000080073f0                memchr
 .text.memcpy   0x000000000800740c       0x1c c:/st/stm32cubeide_1.7.0/stm32cubeide/plugins/com.st.stm32cube.ide.mcu.externaltools.gnu-tools-for-stm32.9-2020-q2-update.win32_2.0.0.202105311346/tools/bin/../lib/gcc/arm-none-eabi/9.3.1/../../../../arm-none-eabi/lib/thumb/v7-m/nofp\libc.a(lib_a-memcpy-stub.o)
                0x000000000800740c                memcpy
 .text._Balloc  0x0000000008007428       0x4a c:/st/stm32cubeide_1.7.0/stm32cubeide/plugins/com.st.stm32cube.ide.mcu.externaltools.gnu-tools-for-stm32.9-2020-q2-update.win32_2.0.0.202105311346/tools/bin/../lib/gcc/arm-none-eabi/9.3.1/../../../../arm-none-eabi/lib/thumb/v7-m/nofp\libc.a(lib_a-mprec.o)
                0x0000000008007428                _Balloc
 .text._Bfree   0x0000000008007472       0x12 c:/st/stm32cubeide_1.7.0/stm32cubeide/plugins/com.st.stm32cube.ide.mcu.externaltools.gnu-tools-for-stm32.9-2020-q2-update.win32_2.0.0.202105311346/tools/bin/../lib/gcc/arm-none-eabi/9.3.1/../../../../arm-none-eabi/lib/thumb/v7-m/nofp\libc.a(lib_a-mprec.o)
                0x0000000008007472                _Bfree
 .text.__multadd
                0x0000000008007484       0x94 c:/st/stm32cubeide_1.7.0/stm32cubeide/plugins/com.st.stm32cube.ide.mcu.externaltools.gnu-tools-for-stm32.9-2020-q2-update.win32_2.0.0.202105311346/tools/bin/../lib/gcc/arm-none-eabi/9.3.1/../../../../arm-none-eabi/lib/thumb/v7-m/nofp\libc.a(lib_a-mprec.o)
                0x0000000008007484                __multadd
 .text.__hi0bits
                0x0000000008007518       0x40 c:/st/stm32cubeide_1.7.0/stm32cubeide/plugins/com.st.stm32cube.ide.mcu.externaltools.gnu-tools-for-stm32.9-2020-q2-update.win32_2.0.0.202105311346/tools/bin/../lib/gcc/arm-none-eabi/9.3.1/../../../../arm-none-eabi/lib/thumb/v7-m/nofp\libc.a(lib_a-mprec.o)
                0x0000000008007518                __hi0bits
 .text.__lo0bits
                0x0000000008007558       0x5c c:/st/stm32cubeide_1.7.0/stm32cubeide/plugins/com.st.stm32cube.ide.mcu.externaltools.gnu-tools-for-stm32.9-2020-q2-update.win32_2.0.0.202105311346/tools/bin/../lib/gcc/arm-none-eabi/9.3.1/../../../../arm-none-eabi/lib/thumb/v7-m/nofp\libc.a(lib_a-mprec.o)
                0x0000000008007558                __lo0bits
 .text.__i2b    0x00000000080075b4       0x2c c:/st/stm32cubeide_1.7.0/stm32cubeide/plugins/com.st.stm32cube.ide.mcu.externaltools.gnu-tools-for-stm32.9-2020-q2-update.win32_2.0.0.202105311346/tools/bin/../lib/gcc/arm-none-eabi/9.3.1/../../../../arm-none-eabi/lib/thumb/v7-m/nofp\libc.a(lib_a-mprec.o)
                0x00000000080075b4                __i2b
 .text.__multiply
                0x00000000080075e0      0x148 c:/st/stm32cubeide_1.7.0/stm32cubeide/plugins/com.st.stm32cube.ide.mcu.externaltools.gnu-tools-for-stm32.9-2020-q2-update.win32_2.0.0.202105311346/tools/bin/../lib/gcc/arm-none-eabi/9.3.1/../../../../arm-none-eabi/lib/thumb/v7-m/nofp\libc.a(lib_a-mprec.o)
                0x00000000080075e0                __multiply
 .text.__pow5mult
                0x0000000008007728       0x80 c:/st/stm32cubeide_1.7.0/stm32cubeide/plugins/com.st.stm32cube.ide.mcu.externaltools.gnu-tools-for-stm32.9-2020-q2-update.win32_2.0.0.202105311346/tools/bin/../lib/gcc/arm-none-eabi/9.3.1/../../../../arm-none-eabi/lib/thumb/v7-m/nofp\libc.a(lib_a-mprec.o)
                0x0000000008007728                __pow5mult
 .text.__lshift
                0x00000000080077a8       0xd8 c:/st/stm32cubeide_1.7.0/stm32cubeide/plugins/com.st.stm32cube.ide.mcu.externaltools.gnu-tools-for-stm32.9-2020-q2-update.win32_2.0.0.202105311346/tools/bin/../lib/gcc/arm-none-eabi/9.3.1/../../../../arm-none-eabi/lib/thumb/v7-m/nofp\libc.a(lib_a-mprec.o)
                0x00000000080077a8                __lshift
 .text.__mcmp   0x0000000008007880       0x36 c:/st/stm32cubeide_1.7.0/stm32cubeide/plugins/com.st.stm32cube.ide.mcu.externaltools.gnu-tools-for-stm32.9-2020-q2-update.win32_2.0.0.202105311346/tools/bin/../lib/gcc/arm-none-eabi/9.3.1/../../../../arm-none-eabi/lib/thumb/v7-m/nofp\libc.a(lib_a-mprec.o)
                0x0000000008007880                __mcmp
 *fill*         0x00000000080078b6        0x2 
 .text.__mdiff  0x00000000080078b8      0x120 c:/st/stm32cubeide_1.7.0/stm32cubeide/plugins/com.st.stm32cube.ide.mcu.externaltools.gnu-tools-for-stm32.9-2020-q2-update.win32_2.0.0.202105311346/tools/bin/../lib/gcc/arm-none-eabi/9.3.1/../../../../arm-none-eabi/lib/thumb/v7-m/nofp\libc.a(lib_a-mprec.o)
                0x00000000080078b8                __mdiff
 .text.__d2b    0x00000000080079d8       0xb8 c:/st/stm32cubeide_1.7.0/stm32cubeide/plugins/com.st.stm32cube.ide.mcu.externaltools.gnu-tools-for-stm32.9-2020-q2-update.win32_2.0.0.202105311346/tools/bin/../lib/gcc/arm-none-eabi/9.3.1/../../../../arm-none-eabi/lib/thumb/v7-m/nofp\libc.a(lib_a-mprec.o)
                0x00000000080079d8                __d2b
 .text.frexp    0x0000000008007a90       0x68 c:/st/stm32cubeide_1.7.0/stm32cubeide/plugins/com.st.stm32cube.ide.mcu.externaltools.gnu-tools-for-stm32.9-2020-q2-update.win32_2.0.0.202105311346/tools/bin/../lib/gcc/arm-none-eabi/9.3.1/../../../../arm-none-eabi/lib/thumb/v7-m/nofp\libc.a(lib_a-s_frexp.o)
                0x0000000008007a90                frexp
 .text.__sread  0x0000000008007af8       0x22 c:/st/stm32cubeide_1.7.0/stm32cubeide/plugins/com.st.stm32cube.ide.mcu.externaltools.gnu-tools-for-stm32.9-2020-q2-update.win32_2.0.0.202105311346/tools/bin/../lib/gcc/arm-none-eabi/9.3.1/../../../../arm-none-eabi/lib/thumb/v7-m/nofp\libc.a(lib_a-stdio.o)
                0x0000000008007af8                __sread
 .text.__swrite
                0x0000000008007b1a       0x38 c:/st/stm32cubeide_1.7.0/stm32cubeide/plugins/com.st.stm32cube.ide.mcu.externaltools.gnu-tools-for-stm32.9-2020-q2-update.win32_2.0.0.202105311346/tools/bin/../lib/gcc/arm-none-eabi/9.3.1/../../../../arm-none-eabi/lib/thumb/v7-m/nofp\libc.a(lib_a-stdio.o)
                0x0000000008007b1a                __swrite
 .text.__sseek  0x0000000008007b52       0x24 c:/st/stm32cubeide_1.7.0/stm32cubeide/plugins/com.st.stm32cube.ide.mcu.externaltools.gnu-tools-for-stm32.9-2020-q2-update.win32_2.0.0.202105311346/tools/bin/../lib/gcc/arm-none-eabi/9.3.1/../../../../arm-none-eabi/lib/thumb/v7-m/nofp\libc.a(lib_a-stdio.o)
                0x0000000008007b52                __sseek
 .text.__sclose
                0x0000000008007b76        0x8 c:/st/stm32cubeide_1.7.0/stm32cubeide/plugins/com.st.stm32cube.ide.mcu.externaltools.gnu-tools-for-stm32.9-2020-q2-update.win32_2.0.0.202105311346/tools/bin/../lib/gcc/arm-none-eabi/9.3.1/../../../../arm-none-eabi/lib/thumb/v7-m/nofp\libc.a(lib_a-stdio.o)
                0x0000000008007b76                __sclose
 .text.strncpy  0x0000000008007b7e       0x26 c:/st/stm32cubeide_1.7.0/stm32cubeide/plugins/com.st.stm32cube.ide.mcu.externaltools.gnu-tools-for-stm32.9-2020-q2-update.win32_2.0.0.202105311346/tools/bin/../lib/gcc/arm-none-eabi/9.3.1/../../../../arm-none-eabi/lib/thumb/v7-m/nofp\libc.a(lib_a-strncpy.o)
                0x0000000008007b7e                strncpy
 .text._svfprintf_r
                0x0000000008007ba4     0x13ac c:/st/stm32cubeide_1.7.0/stm32cubeide/plugins/com.st.stm32cube.ide.mcu.externaltools.gnu-tools-for-stm32.9-2020-q2-update.win32_2.0.0.202105311346/tools/bin/../lib/gcc/arm-none-eabi/9.3.1/../../../../arm-none-eabi/lib/thumb/v7-m/nofp\libc.a(lib_a-svfprintf.o)
                0x0000000008007ba4                _svfprintf_r
 .text.__sprint_r
                0x0000000008008f50       0x64 c:/st/stm32cubeide_1.7.0/stm32cubeide/plugins/com.st.stm32cube.ide.mcu.externaltools.gnu-tools-for-stm32.9-2020-q2-update.win32_2.0.0.202105311346/tools/bin/../lib/gcc/arm-none-eabi/9.3.1/../../../../arm-none-eabi/lib/thumb/v7-m/nofp\libc.a(lib_a-vfiprintf.o)
                0x0000000008008f50                __sprint_r
 .text._vfiprintf_r
                0x0000000008008fb4      0x900 c:/st/stm32cubeide_1.7.0/stm32cubeide/plugins/com.st.stm32cube.ide.mcu.externaltools.gnu-tools-for-stm32.9-2020-q2-update.win32_2.0.0.202105311346/tools/bin/../lib/gcc/arm-none-eabi/9.3.1/../../../../arm-none-eabi/lib/thumb/v7-m/nofp\libc.a(lib_a-vfiprintf.o)
                0x0000000008008fb4                _vfiprintf_r
 .text.__sbprintf
                0x00000000080098b4       0x80 c:/st/stm32cubeide_1.7.0/stm32cubeide/plugins/com.st.stm32cube.ide.mcu.externaltools.gnu-tools-for-stm32.9-2020-q2-update.win32_2.0.0.202105311346/tools/bin/../lib/gcc/arm-none-eabi/9.3.1/../../../../arm-none-eabi/lib/thumb/v7-m/nofp\libc.a(lib_a-vfiprintf.o)
 .text._write_r
                0x0000000008009934       0x24 c:/st/stm32cubeide_1.7.0/stm32cubeide/plugins/com.st.stm32cube.ide.mcu.externaltools.gnu-tools-for-stm32.9-2020-q2-update.win32_2.0.0.202105311346/tools/bin/../lib/gcc/arm-none-eabi/9.3.1/../../../../arm-none-eabi/lib/thumb/v7-m/nofp\libc.a(lib_a-writer.o)
                0x0000000008009934                _write_r
 .text.__register_exitproc
                0x0000000008009958       0x80 c:/st/stm32cubeide_1.7.0/stm32cubeide/plugins/com.st.stm32cube.ide.mcu.externaltools.gnu-tools-for-stm32.9-2020-q2-update.win32_2.0.0.202105311346/tools/bin/../lib/gcc/arm-none-eabi/9.3.1/../../../../arm-none-eabi/lib/thumb/v7-m/nofp\libc.a(lib_a-__atexit.o)
                0x0000000008009958                __register_exitproc
 .text.__assert_func
                0x00000000080099d8       0x3c c:/st/stm32cubeide_1.7.0/stm32cubeide/plugins/com.st.stm32cube.ide.mcu.externaltools.gnu-tools-for-stm32.9-2020-q2-update.win32_2.0.0.202105311346/tools/bin/../lib/gcc/arm-none-eabi/9.3.1/../../../../arm-none-eabi/lib/thumb/v7-m/nofp\libc.a(lib_a-assert.o)
                0x00000000080099d8                __assert_func
 .text._calloc_r
                0x0000000008009a14       0x5a c:/st/stm32cubeide_1.7.0/stm32cubeide/plugins/com.st.stm32cube.ide.mcu.externaltools.gnu-tools-for-stm32.9-2020-q2-update.win32_2.0.0.202105311346/tools/bin/../lib/gcc/arm-none-eabi/9.3.1/../../../../arm-none-eabi/lib/thumb/v7-m/nofp\libc.a(lib_a-callocr.o)
                0x0000000008009a14                _calloc_r
 *fill*         0x0000000008009a6e        0x2 
 .text._close_r
                0x0000000008009a70       0x20 c:/st/stm32cubeide_1.7.0/stm32cubeide/plugins/com.st.stm32cube.ide.mcu.externaltools.gnu-tools-for-stm32.9-2020-q2-update.win32_2.0.0.202105311346/tools/bin/../lib/gcc/arm-none-eabi/9.3.1/../../../../arm-none-eabi/lib/thumb/v7-m/nofp\libc.a(lib_a-closer.o)
                0x0000000008009a70                _close_r
 .text._fclose_r
                0x0000000008009a90       0xae c:/st/stm32cubeide_1.7.0/stm32cubeide/plugins/com.st.stm32cube.ide.mcu.externaltools.gnu-tools-for-stm32.9-2020-q2-update.win32_2.0.0.202105311346/tools/bin/../lib/gcc/arm-none-eabi/9.3.1/../../../../arm-none-eabi/lib/thumb/v7-m/nofp\libc.a(lib_a-fclose.o)
                0x0000000008009a90                _fclose_r
 *fill*         0x0000000008009b3e        0x2 
 .text.fiprintf
                0x0000000008009b40       0x24 c:/st/stm32cubeide_1.7.0/stm32cubeide/plugins/com.st.stm32cube.ide.mcu.externaltools.gnu-tools-for-stm32.9-2020-q2-update.win32_2.0.0.202105311346/tools/bin/../lib/gcc/arm-none-eabi/9.3.1/../../../../arm-none-eabi/lib/thumb/v7-m/nofp\libc.a(lib_a-fiprintf.o)
                0x0000000008009b40                fiprintf
 .text.__fputwc
                0x0000000008009b64       0x82 c:/st/stm32cubeide_1.7.0/stm32cubeide/plugins/com.st.stm32cube.ide.mcu.externaltools.gnu-tools-for-stm32.9-2020-q2-update.win32_2.0.0.202105311346/tools/bin/../lib/gcc/arm-none-eabi/9.3.1/../../../../arm-none-eabi/lib/thumb/v7-m/nofp\libc.a(lib_a-fputwc.o)
                0x0000000008009b64                __fputwc
 .text._fputwc_r
                0x0000000008009be6       0x52 c:/st/stm32cubeide_1.7.0/stm32cubeide/plugins/com.st.stm32cube.ide.mcu.externaltools.gnu-tools-for-stm32.9-2020-q2-update.win32_2.0.0.202105311346/tools/bin/../lib/gcc/arm-none-eabi/9.3.1/../../../../arm-none-eabi/lib/thumb/v7-m/nofp\libc.a(lib_a-fputwc.o)
                0x0000000008009be6                _fputwc_r
 .text._fstat_r
                0x0000000008009c38       0x24 c:/st/stm32cubeide_1.7.0/stm32cubeide/plugins/com.st.stm32cube.ide.mcu.externaltools.gnu-tools-for-stm32.9-2020-q2-update.win32_2.0.0.202105311346/tools/bin/../lib/gcc/arm-none-eabi/9.3.1/../../../../arm-none-eabi/lib/thumb/v7-m/nofp\libc.a(lib_a-fstatr.o)
                0x0000000008009c38                _fstat_r
 .text.__sfvwrite_r
                0x0000000008009c5c      0x294 c:/st/stm32cubeide_1.7.0/stm32cubeide/plugins/com.st.stm32cube.ide.mcu.externaltools.gnu-tools-for-stm32.9-2020-q2-update.win32_2.0.0.202105311346/tools/bin/../lib/gcc/arm-none-eabi/9.3.1/../../../../arm-none-eabi/lib/thumb/v7-m/nofp\libc.a(lib_a-fvwrite.o)
                0x0000000008009c5c                __sfvwrite_r
 .text._isatty_r
                0x0000000008009ef0       0x20 c:/st/stm32cubeide_1.7.0/stm32cubeide/plugins/com.st.stm32cube.ide.mcu.externaltools.gnu-tools-for-stm32.9-2020-q2-update.win32_2.0.0.202105311346/tools/bin/../lib/gcc/arm-none-eabi/9.3.1/../../../../arm-none-eabi/lib/thumb/v7-m/nofp\libc.a(lib_a-isattyr.o)
                0x0000000008009ef0                _isatty_r
 .text.__locale_mb_cur_max
                0x0000000008009f10        0xc c:/st/stm32cubeide_1.7.0/stm32cubeide/plugins/com.st.stm32cube.ide.mcu.externaltools.gnu-tools-for-stm32.9-2020-q2-update.win32_2.0.0.202105311346/tools/bin/../lib/gcc/arm-none-eabi/9.3.1/../../../../arm-none-eabi/lib/thumb/v7-m/nofp\libc.a(lib_a-locale.o)
                0x0000000008009f10                __locale_mb_cur_max
 .text._lseek_r
                0x0000000008009f1c       0x24 c:/st/stm32cubeide_1.7.0/stm32cubeide/plugins/com.st.stm32cube.ide.mcu.externaltools.gnu-tools-for-stm32.9-2020-q2-update.win32_2.0.0.202105311346/tools/bin/../lib/gcc/arm-none-eabi/9.3.1/../../../../arm-none-eabi/lib/thumb/v7-m/nofp\libc.a(lib_a-lseekr.o)
                0x0000000008009f1c                _lseek_r
 .text.__ascii_mbtowc
                0x0000000008009f40       0x24 c:/st/stm32cubeide_1.7.0/stm32cubeide/plugins/com.st.stm32cube.ide.mcu.externaltools.gnu-tools-for-stm32.9-2020-q2-update.win32_2.0.0.202105311346/tools/bin/../lib/gcc/arm-none-eabi/9.3.1/../../../../arm-none-eabi/lib/thumb/v7-m/nofp\libc.a(lib_a-mbtowc_r.o)
                0x0000000008009f40                __ascii_mbtowc
 .text.memmove  0x0000000008009f64       0x34 c:/st/stm32cubeide_1.7.0/stm32cubeide/plugins/com.st.stm32cube.ide.mcu.externaltools.gnu-tools-for-stm32.9-2020-q2-update.win32_2.0.0.202105311346/tools/bin/../lib/gcc/arm-none-eabi/9.3.1/../../../../arm-none-eabi/lib/thumb/v7-m/nofp\libc.a(lib_a-memmove.o)
                0x0000000008009f64                memmove
 .text._read_r  0x0000000008009f98       0x24 c:/st/stm32cubeide_1.7.0/stm32cubeide/plugins/com.st.stm32cube.ide.mcu.externaltools.gnu-tools-for-stm32.9-2020-q2-update.win32_2.0.0.202105311346/tools/bin/../lib/gcc/arm-none-eabi/9.3.1/../../../../arm-none-eabi/lib/thumb/v7-m/nofp\libc.a(lib_a-readr.o)
                0x0000000008009f98                _read_r
 .text._realloc_r
                0x0000000008009fbc      0x354 c:/st/stm32cubeide_1.7.0/stm32cubeide/plugins/com.st.stm32cube.ide.mcu.externaltools.gnu-tools-for-stm32.9-2020-q2-update.win32_2.0.0.202105311346/tools/bin/../lib/gcc/arm-none-eabi/9.3.1/../../../../arm-none-eabi/lib/thumb/v7-m/nofp\libc.a(lib_a-reallocr.o)
                0x0000000008009fbc                _realloc_r
 .text.__ssprint_r
                0x000000000800a310       0xf6 c:/st/stm32cubeide_1.7.0/stm32cubeide/plugins/com.st.stm32cube.ide.mcu.externaltools.gnu-tools-for-stm32.9-2020-q2-update.win32_2.0.0.202105311346/tools/bin/../lib/gcc/arm-none-eabi/9.3.1/../../../../arm-none-eabi/lib/thumb/v7-m/nofp\libc.a(lib_a-svfiprintf.o)
                0x000000000800a310                __ssprint_r
 .text.__swbuf_r
                0x000000000800a406       0x92 c:/st/stm32cubeide_1.7.0/stm32cubeide/plugins/com.st.stm32cube.ide.mcu.externaltools.gnu-tools-for-stm32.9-2020-q2-update.win32_2.0.0.202105311346/tools/bin/../lib/gcc/arm-none-eabi/9.3.1/../../../../arm-none-eabi/lib/thumb/v7-m/nofp\libc.a(lib_a-wbuf.o)
                0x000000000800a406                __swbuf_r
 .text._wcrtomb_r
                0x000000000800a498       0x2c c:/st/stm32cubeide_1.7.0/stm32cubeide/plugins/com.st.stm32cube.ide.mcu.externaltools.gnu-tools-for-stm32.9-2020-q2-update.win32_2.0.0.202105311346/tools/bin/../lib/gcc/arm-none-eabi/9.3.1/../../../../arm-none-eabi/lib/thumb/v7-m/nofp\libc.a(lib_a-wcrtomb.o)
                0x000000000800a498                _wcrtomb_r
 .text.__ascii_wctomb
                0x000000000800a4c4       0x1a c:/st/stm32cubeide_1.7.0/stm32cubeide/plugins/com.st.stm32cube.ide.mcu.externaltools.gnu-tools-for-stm32.9-2020-q2-update.win32_2.0.0.202105311346/tools/bin/../lib/gcc/arm-none-eabi/9.3.1/../../../../arm-none-eabi/lib/thumb/v7-m/nofp\libc.a(lib_a-wctomb_r.o)
                0x000000000800a4c4                __ascii_wctomb
 .text.abort    0x000000000800a4de        0xe c:/st/stm32cubeide_1.7.0/stm32cubeide/plugins/com.st.stm32cube.ide.mcu.externaltools.gnu-tools-for-stm32.9-2020-q2-update.win32_2.0.0.202105311346/tools/bin/../lib/gcc/arm-none-eabi/9.3.1/../../../../arm-none-eabi/lib/thumb/v7-m/nofp\libc.a(lib_a-abort.o)
                0x000000000800a4de                abort
 .text._raise_r
                0x000000000800a4ec       0x52 c:/st/stm32cubeide_1.7.0/stm32cubeide/plugins/com.st.stm32cube.ide.mcu.externaltools.gnu-tools-for-stm32.9-2020-q2-update.win32_2.0.0.202105311346/tools/bin/../lib/gcc/arm-none-eabi/9.3.1/../../../../arm-none-eabi/lib/thumb/v7-m/nofp\libc.a(lib_a-signal.o)
                0x000000000800a4ec                _raise_r
 *fill*         0x000000000800a53e        0x2 
 .text.raise    0x000000000800a540       0x10 c:/st/stm32cubeide_1.7.0/stm32cubeide/plugins/com.st.stm32cube.ide.mcu.externaltools.gnu-tools-for-stm32.9-2020-q2-update.win32_2.0.0.202105311346/tools/bin/../lib/gcc/arm-none-eabi/9.3.1/../../../../arm-none-eabi/lib/thumb/v7-m/nofp\libc.a(lib_a-signal.o)
                0x000000000800a540                raise
 .text._kill_r  0x000000000800a550       0x24 c:/st/stm32cubeide_1.7.0/stm32cubeide/plugins/com.st.stm32cube.ide.mcu.externaltools.gnu-tools-for-stm32.9-2020-q2-update.win32_2.0.0.202105311346/tools/bin/../lib/gcc/arm-none-eabi/9.3.1/../../../../arm-none-eabi/lib/thumb/v7-m/nofp\libc.a(lib_a-signalr.o)
                0x000000000800a550                _kill_r
 .text._getpid_r
                0x000000000800a574        0x4 c:/st/stm32cubeide_1.7.0/stm32cubeide/plugins/com.st.stm32cube.ide.mcu.externaltools.gnu-tools-for-stm32.9-2020-q2-update.win32_2.0.0.202105311346/tools/bin/../lib/gcc/arm-none-eabi/9.3.1/../../../../arm-none-eabi/lib/thumb/v7-m/nofp\libc.a(lib_a-signalr.o)
                0x000000000800a574                _getpid_r
 .text.findslot
                0x000000000800a578       0x34 c:/st/stm32cubeide_1.7.0/stm32cubeide/plugins/com.st.stm32cube.ide.mcu.externaltools.gnu-tools-for-stm32.9-2020-q2-update.win32_2.0.0.202105311346/tools/bin/../lib/gcc/arm-none-eabi/9.3.1/../../../../arm-none-eabi/lib/thumb/v7-m/nofp\librdimon.a(rdimon-syscalls.o)
 .text.checkerror
                0x000000000800a5ac       0x20 c:/st/stm32cubeide_1.7.0/stm32cubeide/plugins/com.st.stm32cube.ide.mcu.externaltools.gnu-tools-for-stm32.9-2020-q2-update.win32_2.0.0.202105311346/tools/bin/../lib/gcc/arm-none-eabi/9.3.1/../../../../arm-none-eabi/lib/thumb/v7-m/nofp\librdimon.a(rdimon-syscalls.o)
 .text._swilseek
                0x000000000800a5cc       0x78 c:/st/stm32cubeide_1.7.0/stm32cubeide/plugins/com.st.stm32cube.ide.mcu.externaltools.gnu-tools-for-stm32.9-2020-q2-update.win32_2.0.0.202105311346/tools/bin/../lib/gcc/arm-none-eabi/9.3.1/../../../../arm-none-eabi/lib/thumb/v7-m/nofp\librdimon.a(rdimon-syscalls.o)
                0x000000000800a5cc                _swilseek
 .text._lseek   0x000000000800a644        0x4 c:/st/stm32cubeide_1.7.0/stm32cubeide/plugins/com.st.stm32cube.ide.mcu.externaltools.gnu-tools-for-stm32.9-2020-q2-update.win32_2.0.0.202105311346/tools/bin/../lib/gcc/arm-none-eabi/9.3.1/../../../../arm-none-eabi/lib/thumb/v7-m/nofp\librdimon.a(rdimon-syscalls.o)
                0x000000000800a644                _lseek
 .text._swiclose
                0x000000000800a648       0x1a c:/st/stm32cubeide_1.7.0/stm32cubeide/plugins/com.st.stm32cube.ide.mcu.externaltools.gnu-tools-for-stm32.9-2020-q2-update.win32_2.0.0.202105311346/tools/bin/../lib/gcc/arm-none-eabi/9.3.1/../../../../arm-none-eabi/lib/thumb/v7-m/nofp\librdimon.a(rdimon-syscalls.o)
                0x000000000800a648                _swiclose
 *fill*         0x000000000800a662        0x2 
 .text._close   0x000000000800a664       0x4c c:/st/stm32cubeide_1.7.0/stm32cubeide/plugins/com.st.stm32cube.ide.mcu.externaltools.gnu-tools-for-stm32.9-2020-q2-update.win32_2.0.0.202105311346/tools/bin/../lib/gcc/arm-none-eabi/9.3.1/../../../../arm-none-eabi/lib/thumb/v7-m/nofp\librdimon.a(rdimon-syscalls.o)
                0x000000000800a664                _close
 .text._isatty  0x000000000800a6b0       0x38 c:/st/stm32cubeide_1.7.0/stm32cubeide/plugins/com.st.stm32cube.ide.mcu.externaltools.gnu-tools-for-stm32.9-2020-q2-update.win32_2.0.0.202105311346/tools/bin/../lib/gcc/arm-none-eabi/9.3.1/../../../../arm-none-eabi/lib/thumb/v7-m/nofp\librdimon.a(rdimon-syscalls.o)
                0x000000000800a6b0                _isatty
 *(.glue_7)
 .glue_7        0x000000000800a6e8        0x0 linker stubs
 *(.glue_7t)
 .glue_7t       0x000000000800a6e8        0x0 linker stubs
 *(.eh_frame)
 .eh_frame      0x000000000800a6e8        0x0 c:/st/stm32cubeide_1.7.0/stm32cubeide/plugins/com.st.stm32cube.ide.mcu.externaltools.gnu-tools-for-stm32.9-2020-q2-update.win32_2.0.0.202105311346/tools/bin/../lib/gcc/arm-none-eabi/9.3.1/thumb/v7-m/nofp/crtbegin.o
 *(.init)
 .init          0x000000000800a6e8        0x4 c:/st/stm32cubeide_1.7.0/stm32cubeide/plugins/com.st.stm32cube.ide.mcu.externaltools.gnu-tools-for-stm32.9-2020-q2-update.win32_2.0.0.202105311346/tools/bin/../lib/gcc/arm-none-eabi/9.3.1/thumb/v7-m/nofp/crti.o
                0x000000000800a6e8                _init
 .init          0x000000000800a6ec        0x8 c:/st/stm32cubeide_1.7.0/stm32cubeide/plugins/com.st.stm32cube.ide.mcu.externaltools.gnu-tools-for-stm32.9-2020-q2-update.win32_2.0.0.202105311346/tools/bin/../lib/gcc/arm-none-eabi/9.3.1/thumb/v7-m/nofp/crtn.o
 *(.fini)
 .fini          0x000000000800a6f4        0x4 c:/st/stm32cubeide_1.7.0/stm32cubeide/plugins/com.st.stm32cube.ide.mcu.externaltools.gnu-tools-for-stm32.9-2020-q2-update.win32_2.0.0.202105311346/tools/bin/../lib/gcc/arm-none-eabi/9.3.1/thumb/v7-m/nofp/crti.o
                0x000000000800a6f4                _fini
 .fini          0x000000000800a6f8        0x8 c:/st/stm32cubeide_1.7.0/stm32cubeide/plugins/com.st.stm32cube.ide.mcu.externaltools.gnu-tools-for-stm32.9-2020-q2-update.win32_2.0.0.202105311346/tools/bin/../lib/gcc/arm-none-eabi/9.3.1/thumb/v7-m/nofp/crtn.o
                0x000000000800a700                . = ALIGN (0x4)
                0x000000000800a700                _etext = .

.vfp11_veneer   0x000000000800a700        0x0
 .vfp11_veneer  0x000000000800a700        0x0 linker stubs

.v4_bx          0x000000000800a700        0x0
 .v4_bx         0x000000000800a700        0x0 linker stubs

.iplt           0x000000000800a700        0x0
 .iplt          0x000000000800a700        0x0 c:/st/stm32cubeide_1.7.0/stm32cubeide/plugins/com.st.stm32cube.ide.mcu.externaltools.gnu-tools-for-stm32.9-2020-q2-update.win32_2.0.0.202105311346/tools/bin/../lib/gcc/arm-none-eabi/9.3.1/thumb/v7-m/nofp/crtbegin.o

.rodata         0x000000000800a700      0xad4
                0x000000000800a700                . = ALIGN (0x4)
 *(.rodata)
 .rodata        0x000000000800a700       0xa7 ./appli/Tag_module/tag.o
 *fill*         0x000000000800a7a7        0x1 
 .rodata        0x000000000800a7a8       0x18 ./appli/main.o
 .rodata        0x000000000800a7c0      0x18d ./lib/bsp/stm32f1_flash.o
 *fill*         0x000000000800a94d        0x3 
 .rodata        0x000000000800a950      0x1e6 ./lib/bsp/stm32f1_sys.o
 *fill*         0x000000000800ab36        0x2 
 .rodata        0x000000000800ab38       0x61 ./lib/bsp/stm32f1_uart.o
 *fill*         0x000000000800ab99        0x3 
 .rodata        0x000000000800ab9c      0x22a ./lib/bsp/stm32f1_weak_it.o
 *fill*         0x000000000800adc6        0x2 
 .rodata        0x000000000800adc8       0x10 ./lib/hal/src/stm32f1xx_hal_rcc.o
 *(.rodata*)
 .rodata.actionsTab
                0x000000000800add8       0x20 ./appli/Tag_module/tag.o
 .rodata.nvic_irq_array
                0x000000000800adf8        0x3 ./lib/bsp/stm32f1_uart.o
 *fill*         0x000000000800adfb        0x1 
 .rodata.AHBPrescTable
                0x000000000800adfc       0x10 ./lib/bsp/system_stm32f1xx.o
                0x000000000800adfc                AHBPrescTable
 .rodata.APBPrescTable
                0x000000000800ae0c        0x8 ./lib/bsp/system_stm32f1xx.o
                0x000000000800ae0c                APBPrescTable
 .rodata._global_impure_ptr
                0x000000000800ae14        0x4 c:/st/stm32cubeide_1.7.0/stm32cubeide/plugins/com.st.stm32cube.ide.mcu.externaltools.gnu-tools-for-stm32.9-2020-q2-update.win32_2.0.0.202105311346/tools/bin/../lib/gcc/arm-none-eabi/9.3.1/../../../../arm-none-eabi/lib/thumb/v7-m/nofp\libc.a(lib_a-impure.o)
                0x000000000800ae14                _global_impure_ptr
 .rodata._vfprintf_r.str1.1
                0x000000000800ae18       0x34 c:/st/stm32cubeide_1.7.0/stm32cubeide/plugins/com.st.stm32cube.ide.mcu.externaltools.gnu-tools-for-stm32.9-2020-q2-update.win32_2.0.0.202105311346/tools/bin/../lib/gcc/arm-none-eabi/9.3.1/../../../../arm-none-eabi/lib/thumb/v7-m/nofp\libc.a(lib_a-vfprintf.o)
 .rodata.blanks.7350
                0x000000000800ae4c       0x10 c:/st/stm32cubeide_1.7.0/stm32cubeide/plugins/com.st.stm32cube.ide.mcu.externaltools.gnu-tools-for-stm32.9-2020-q2-update.win32_2.0.0.202105311346/tools/bin/../lib/gcc/arm-none-eabi/9.3.1/../../../../arm-none-eabi/lib/thumb/v7-m/nofp\libc.a(lib_a-vfprintf.o)
 .rodata.zeroes.7351
                0x000000000800ae5c       0x10 c:/st/stm32cubeide_1.7.0/stm32cubeide/plugins/com.st.stm32cube.ide.mcu.externaltools.gnu-tools-for-stm32.9-2020-q2-update.win32_2.0.0.202105311346/tools/bin/../lib/gcc/arm-none-eabi/9.3.1/../../../../arm-none-eabi/lib/thumb/v7-m/nofp\libc.a(lib_a-vfprintf.o)
 .rodata._ctype_
                0x000000000800ae6c      0x101 c:/st/stm32cubeide_1.7.0/stm32cubeide/plugins/com.st.stm32cube.ide.mcu.externaltools.gnu-tools-for-stm32.9-2020-q2-update.win32_2.0.0.202105311346/tools/bin/../lib/gcc/arm-none-eabi/9.3.1/../../../../arm-none-eabi/lib/thumb/v7-m/nofp\libc.a(lib_a-ctype_.o)
                0x000000000800ae6c                _ctype_
 .rodata._dtoa_r.str1.1
                0x000000000800af6d       0x7d c:/st/stm32cubeide_1.7.0/stm32cubeide/plugins/com.st.stm32cube.ide.mcu.externaltools.gnu-tools-for-stm32.9-2020-q2-update.win32_2.0.0.202105311346/tools/bin/../lib/gcc/arm-none-eabi/9.3.1/../../../../arm-none-eabi/lib/thumb/v7-m/nofp\libc.a(lib_a-dtoa.o)
                                         0x7f (size before relaxing)
 .rodata.__multadd.str1.1
                0x000000000800afea       0x60 c:/st/stm32cubeide_1.7.0/stm32cubeide/plugins/com.st.stm32cube.ide.mcu.externaltools.gnu-tools-for-stm32.9-2020-q2-update.win32_2.0.0.202105311346/tools/bin/../lib/gcc/arm-none-eabi/9.3.1/../../../../arm-none-eabi/lib/thumb/v7-m/nofp\libc.a(lib_a-mprec.o)
                                         0x71 (size before relaxing)
 *fill*         0x000000000800b04a        0x6 
 .rodata.__mprec_bigtens
                0x000000000800b050       0x28 c:/st/stm32cubeide_1.7.0/stm32cubeide/plugins/com.st.stm32cube.ide.mcu.externaltools.gnu-tools-for-stm32.9-2020-q2-update.win32_2.0.0.202105311346/tools/bin/../lib/gcc/arm-none-eabi/9.3.1/../../../../arm-none-eabi/lib/thumb/v7-m/nofp\libc.a(lib_a-mprec.o)
                0x000000000800b050                __mprec_bigtens
 .rodata.__mprec_tens
                0x000000000800b078       0xc8 c:/st/stm32cubeide_1.7.0/stm32cubeide/plugins/com.st.stm32cube.ide.mcu.externaltools.gnu-tools-for-stm32.9-2020-q2-update.win32_2.0.0.202105311346/tools/bin/../lib/gcc/arm-none-eabi/9.3.1/../../../../arm-none-eabi/lib/thumb/v7-m/nofp\libc.a(lib_a-mprec.o)
                0x000000000800b078                __mprec_tens
 .rodata.p05.6123
                0x000000000800b140        0xc c:/st/stm32cubeide_1.7.0/stm32cubeide/plugins/com.st.stm32cube.ide.mcu.externaltools.gnu-tools-for-stm32.9-2020-q2-update.win32_2.0.0.202105311346/tools/bin/../lib/gcc/arm-none-eabi/9.3.1/../../../../arm-none-eabi/lib/thumb/v7-m/nofp\libc.a(lib_a-mprec.o)
 .rodata._svfprintf_r.str1.1
                0x000000000800b14c       0x34 c:/st/stm32cubeide_1.7.0/stm32cubeide/plugins/com.st.stm32cube.ide.mcu.externaltools.gnu-tools-for-stm32.9-2020-q2-update.win32_2.0.0.202105311346/tools/bin/../lib/gcc/arm-none-eabi/9.3.1/../../../../arm-none-eabi/lib/thumb/v7-m/nofp\libc.a(lib_a-svfprintf.o)
 .rodata.blanks.7335
                0x000000000800b14c       0x10 c:/st/stm32cubeide_1.7.0/stm32cubeide/plugins/com.st.stm32cube.ide.mcu.externaltools.gnu-tools-for-stm32.9-2020-q2-update.win32_2.0.0.202105311346/tools/bin/../lib/gcc/arm-none-eabi/9.3.1/../../../../arm-none-eabi/lib/thumb/v7-m/nofp\libc.a(lib_a-svfprintf.o)
 .rodata.zeroes.7336
                0x000000000800b15c       0x10 c:/st/stm32cubeide_1.7.0/stm32cubeide/plugins/com.st.stm32cube.ide.mcu.externaltools.gnu-tools-for-stm32.9-2020-q2-update.win32_2.0.0.202105311346/tools/bin/../lib/gcc/arm-none-eabi/9.3.1/../../../../arm-none-eabi/lib/thumb/v7-m/nofp\libc.a(lib_a-svfprintf.o)
 .rodata._vfiprintf_r.str1.1
                0x000000000800b16c       0x22 c:/st/stm32cubeide_1.7.0/stm32cubeide/plugins/com.st.stm32cube.ide.mcu.externaltools.gnu-tools-for-stm32.9-2020-q2-update.win32_2.0.0.202105311346/tools/bin/../lib/gcc/arm-none-eabi/9.3.1/../../../../arm-none-eabi/lib/thumb/v7-m/nofp\libc.a(lib_a-vfiprintf.o)
 .rodata.blanks.7328
                0x000000000800b16c       0x10 c:/st/stm32cubeide_1.7.0/stm32cubeide/plugins/com.st.stm32cube.ide.mcu.externaltools.gnu-tools-for-stm32.9-2020-q2-update.win32_2.0.0.202105311346/tools/bin/../lib/gcc/arm-none-eabi/9.3.1/../../../../arm-none-eabi/lib/thumb/v7-m/nofp\libc.a(lib_a-vfiprintf.o)
 .rodata.zeroes.7329
                0x000000000800b17c       0x10 c:/st/stm32cubeide_1.7.0/stm32cubeide/plugins/com.st.stm32cube.ide.mcu.externaltools.gnu-tools-for-stm32.9-2020-q2-update.win32_2.0.0.202105311346/tools/bin/../lib/gcc/arm-none-eabi/9.3.1/../../../../arm-none-eabi/lib/thumb/v7-m/nofp\libc.a(lib_a-vfiprintf.o)
 .rodata.__assert_func.str1.1
                0x000000000800b18c       0x3c c:/st/stm32cubeide_1.7.0/stm32cubeide/plugins/com.st.stm32cube.ide.mcu.externaltools.gnu-tools-for-stm32.9-2020-q2-update.win32_2.0.0.202105311346/tools/bin/../lib/gcc/arm-none-eabi/9.3.1/../../../../arm-none-eabi/lib/thumb/v7-m/nofp\libc.a(lib_a-assert.o)
                                         0x3d (size before relaxing)
 .rodata._setlocale_r.str1.1
                0x000000000800b1c8        0x8 c:/st/stm32cubeide_1.7.0/stm32cubeide/plugins/com.st.stm32cube.ide.mcu.externaltools.gnu-tools-for-stm32.9-2020-q2-update.win32_2.0.0.202105311346/tools/bin/../lib/gcc/arm-none-eabi/9.3.1/../../../../arm-none-eabi/lib/thumb/v7-m/nofp\libc.a(lib_a-locale.o)
                                          0x9 (size before relaxing)
 .rodata.str1.1
                0x000000000800b1d0        0x2 c:/st/stm32cubeide_1.7.0/stm32cubeide/plugins/com.st.stm32cube.ide.mcu.externaltools.gnu-tools-for-stm32.9-2020-q2-update.win32_2.0.0.202105311346/tools/bin/../lib/gcc/arm-none-eabi/9.3.1/../../../../arm-none-eabi/lib/thumb/v7-m/nofp\libc.a(lib_a-locale.o)
                0x000000000800b1d4                . = ALIGN (0x4)
 *fill*         0x000000000800b1d2        0x2 

.ARM.extab
 *(.ARM.extab* .gnu.linkonce.armextab.*)

.ARM            0x000000000800b1d4        0x8
                0x000000000800b1d4                __exidx_start = .
 *(.ARM.exidx*)
 .ARM.exidx     0x000000000800b1d4        0x8 c:/st/stm32cubeide_1.7.0/stm32cubeide/plugins/com.st.stm32cube.ide.mcu.externaltools.gnu-tools-for-stm32.9-2020-q2-update.win32_2.0.0.202105311346/tools/bin/../lib/gcc/arm-none-eabi/9.3.1/thumb/v7-m/nofp\libgcc.a(_udivmoddi4.o)
                0x000000000800b1dc                __exidx_end = .

.rel.dyn        0x000000000800b1dc        0x0
 .rel.iplt      0x000000000800b1dc        0x0 c:/st/stm32cubeide_1.7.0/stm32cubeide/plugins/com.st.stm32cube.ide.mcu.externaltools.gnu-tools-for-stm32.9-2020-q2-update.win32_2.0.0.202105311346/tools/bin/../lib/gcc/arm-none-eabi/9.3.1/thumb/v7-m/nofp/crtbegin.o

.preinit_array  0x000000000800b1dc        0x0
                0x000000000800b1dc                PROVIDE (__preinit_array_start = .)
 *(.preinit_array*)
                0x000000000800b1dc                PROVIDE (__preinit_array_end = .)

.init_array     0x000000000800b1dc        0x8
                0x000000000800b1dc                PROVIDE (__init_array_start = .)
 *(SORT_BY_NAME(.init_array.*))
 .init_array.00000
                0x000000000800b1dc        0x4 c:/st/stm32cubeide_1.7.0/stm32cubeide/plugins/com.st.stm32cube.ide.mcu.externaltools.gnu-tools-for-stm32.9-2020-q2-update.win32_2.0.0.202105311346/tools/bin/../lib/gcc/arm-none-eabi/9.3.1/../../../../arm-none-eabi/lib/thumb/v7-m/nofp\libc.a(lib_a-__call_atexit.o)
 *(.init_array*)
 .init_array    0x000000000800b1e0        0x4 c:/st/stm32cubeide_1.7.0/stm32cubeide/plugins/com.st.stm32cube.ide.mcu.externaltools.gnu-tools-for-stm32.9-2020-q2-update.win32_2.0.0.202105311346/tools/bin/../lib/gcc/arm-none-eabi/9.3.1/thumb/v7-m/nofp/crtbegin.o
                0x000000000800b1e4                PROVIDE (__init_array_end = .)

.fini_array     0x000000000800b1e4        0x4
                0x000000000800b1e4                PROVIDE (__fini_array_start = .)
 *(SORT_BY_NAME(.fini_array.*))
 *(.fini_array*)
 .fini_array    0x000000000800b1e4        0x4 c:/st/stm32cubeide_1.7.0/stm32cubeide/plugins/com.st.stm32cube.ide.mcu.externaltools.gnu-tools-for-stm32.9-2020-q2-update.win32_2.0.0.202105311346/tools/bin/../lib/gcc/arm-none-eabi/9.3.1/thumb/v7-m/nofp/crtbegin.o
                0x000000000800b1e8                PROVIDE (__fini_array_end = .)
                0x000000000800b1e8                _sidata = LOADADDR (.data)

.data           0x0000000020000000      0xa00 load address 0x000000000800b1e8
                0x0000000020000000                . = ALIGN (0x4)
                0x0000000020000000                _sdata = .
 *(.data)
 *(.data*)
 .data.mySm     0x0000000020000000       0x38 ./appli/Tag_module/tag.o
 .data.instance_array
                0x0000000020000038        0xc ./lib/bsp/stm32f1_uart.o
 .data.msg      0x0000000020000044        0x4 ./lib/bsp/stm32f1_weak_it.o
                0x0000000020000044                msg
 .data.SystemCoreClock
                0x0000000020000048        0x4 ./lib/bsp/system_stm32f1xx.o
                0x0000000020000048                SystemCoreClock
 .data.uwTickPrio
                0x000000002000004c        0x4 ./lib/hal/src/stm32f1xx_hal.o
                0x000000002000004c                uwTickPrio
 .data.uwTickFreq
                0x0000000020000050        0x1 ./lib/hal/src/stm32f1xx_hal.o
                0x0000000020000050                uwTickFreq
 *fill*         0x0000000020000051        0x3 
 .data._impure_ptr
                0x0000000020000054        0x4 c:/st/stm32cubeide_1.7.0/stm32cubeide/plugins/com.st.stm32cube.ide.mcu.externaltools.gnu-tools-for-stm32.9-2020-q2-update.win32_2.0.0.202105311346/tools/bin/../lib/gcc/arm-none-eabi/9.3.1/../../../../arm-none-eabi/lib/thumb/v7-m/nofp\libc.a(lib_a-impure.o)
                0x0000000020000054                _impure_ptr
 .data.impure_data
                0x0000000020000058      0x428 c:/st/stm32cubeide_1.7.0/stm32cubeide/plugins/com.st.stm32cube.ide.mcu.externaltools.gnu-tools-for-stm32.9-2020-q2-update.win32_2.0.0.202105311346/tools/bin/../lib/gcc/arm-none-eabi/9.3.1/../../../../arm-none-eabi/lib/thumb/v7-m/nofp\libc.a(lib_a-impure.o)
 .data.__malloc_av_
                0x0000000020000480      0x408 c:/st/stm32cubeide_1.7.0/stm32cubeide/plugins/com.st.stm32cube.ide.mcu.externaltools.gnu-tools-for-stm32.9-2020-q2-update.win32_2.0.0.202105311346/tools/bin/../lib/gcc/arm-none-eabi/9.3.1/../../../../arm-none-eabi/lib/thumb/v7-m/nofp\libc.a(lib_a-mallocr.o)
                0x0000000020000480                __malloc_av_
 .data.__malloc_sbrk_base
                0x0000000020000888        0x4 c:/st/stm32cubeide_1.7.0/stm32cubeide/plugins/com.st.stm32cube.ide.mcu.externaltools.gnu-tools-for-stm32.9-2020-q2-update.win32_2.0.0.202105311346/tools/bin/../lib/gcc/arm-none-eabi/9.3.1/../../../../arm-none-eabi/lib/thumb/v7-m/nofp\libc.a(lib_a-mallocr.o)
                0x0000000020000888                __malloc_sbrk_base
 .data.__malloc_trim_threshold
                0x000000002000088c        0x4 c:/st/stm32cubeide_1.7.0/stm32cubeide/plugins/com.st.stm32cube.ide.mcu.externaltools.gnu-tools-for-stm32.9-2020-q2-update.win32_2.0.0.202105311346/tools/bin/../lib/gcc/arm-none-eabi/9.3.1/../../../../arm-none-eabi/lib/thumb/v7-m/nofp\libc.a(lib_a-mallocr.o)
                0x000000002000088c                __malloc_trim_threshold
 .data.__atexit_recursive_mutex
                0x0000000020000890        0x4 c:/st/stm32cubeide_1.7.0/stm32cubeide/plugins/com.st.stm32cube.ide.mcu.externaltools.gnu-tools-for-stm32.9-2020-q2-update.win32_2.0.0.202105311346/tools/bin/../lib/gcc/arm-none-eabi/9.3.1/../../../../arm-none-eabi/lib/thumb/v7-m/nofp\libc.a(lib_a-__call_atexit.o)
                0x0000000020000890                __atexit_recursive_mutex
 .data.__global_locale
                0x0000000020000894      0x16c c:/st/stm32cubeide_1.7.0/stm32cubeide/plugins/com.st.stm32cube.ide.mcu.externaltools.gnu-tools-for-stm32.9-2020-q2-update.win32_2.0.0.202105311346/tools/bin/../lib/gcc/arm-none-eabi/9.3.1/../../../../arm-none-eabi/lib/thumb/v7-m/nofp\libc.a(lib_a-locale.o)
                0x0000000020000894                __global_locale
                0x0000000020000a00                . = ALIGN (0x4)
                0x0000000020000a00                _edata = .

.igot.plt       0x0000000020000a00        0x0 load address 0x000000000800bbe8
 .igot.plt      0x0000000020000a00        0x0 c:/st/stm32cubeide_1.7.0/stm32cubeide/plugins/com.st.stm32cube.ide.mcu.externaltools.gnu-tools-for-stm32.9-2020-q2-update.win32_2.0.0.202105311346/tools/bin/../lib/gcc/arm-none-eabi/9.3.1/thumb/v7-m/nofp/crtbegin.o
                0x0000000020000a00                . = ALIGN (0x4)

.bss            0x0000000020000a00      0x520 load address 0x000000000800bbe8
                0x0000000020000a00                _sbss = .
                0x0000000020000a00                __bss_start__ = _sbss
 *(.bss)
 .bss           0x0000000020000a00       0x1c c:/st/stm32cubeide_1.7.0/stm32cubeide/plugins/com.st.stm32cube.ide.mcu.externaltools.gnu-tools-for-stm32.9-2020-q2-update.win32_2.0.0.202105311346/tools/bin/../lib/gcc/arm-none-eabi/9.3.1/thumb/v7-m/nofp/crtbegin.o
 *(.bss*)
 .bss.callbacks
                0x0000000020000a1c       0x40 ./lib/bsp/stm32f1_extit.o
 .bss.enables   0x0000000020000a5c        0x2 ./lib/bsp/stm32f1_extit.o
 .bss.stdout_usart
                0x0000000020000a5e        0x1 ./lib/bsp/stm32f1_sys.o
 .bss.stderr_usart
                0x0000000020000a5f        0x1 ./lib/bsp/stm32f1_sys.o
 .bss.stdin_usart
                0x0000000020000a60        0x1 ./lib/bsp/stm32f1_sys.o