Archive member included to satisfy reference by file (symbol)

c:/st/stm32cubeide_1.7.0/stm32cubeide/plugins/com.st.stm32cube.ide.mcu.externaltools.gnu-tools-for-stm32.9-2020-q2-update.win32_2.0.0.202105311346/tools/bin/../lib/gcc/arm-none-eabi/9.3.1/../../../../arm-none-eabi/lib/thumb/v7-m/nofp\libc.a(lib_a-atoi.o)
                              ./appli/main.o (atoi)
c:/st/stm32cubeide_1.7.0/stm32cubeide/plugins/com.st.stm32cube.ide.mcu.externaltools.gnu-tools-for-stm32.9-2020-q2-update.win32_2.0.0.202105311346/tools/bin/../lib/gcc/arm-none-eabi/9.3.1/../../../../arm-none-eabi/lib/thumb/v7-m/nofp\libc.a(lib_a-errno.o)
                              ./lib/bsp/stm32f1_sys.o (__errno)
c:/st/stm32cubeide_1.7.0/stm32cubeide/plugins/com.st.stm32cube.ide.mcu.externaltools.gnu-tools-for-stm32.9-2020-q2-update.win32_2.0.0.202105311346/tools/bin/../lib/gcc/arm-none-eabi/9.3.1/../../../../arm-none-eabi/lib/thumb/v7-m/nofp\libc.a(lib_a-exit.o)
                              c:/st/stm32cubeide_1.7.0/stm32cubeide/plugins/com.st.stm32cube.ide.mcu.externaltools.gnu-tools-for-stm32.9-2020-q2-update.win32_2.0.0.202105311346/tools/bin/../lib/gcc/arm-none-eabi/9.3.1/../../../../arm-none-eabi/lib/thumb/v7-m/nofp/rdimon-crt0.o (exit)
c:/st/stm32cubeide_1.7.0/stm32cubeide/plugins/com.st.stm32cube.ide.mcu.externaltools.gnu-tools-for-stm32.9-2020-q2-update.win32_2.0.0.202105311346/tools/bin/../lib/gcc/arm-none-eabi/9.3.1/../../../../arm-none-eabi/lib/thumb/v7-m/nofp\libc.a(lib_a-impure.o)
                              c:/st/stm32cubeide_1.7.0/stm32cubeide/plugins/com.st.stm32cube.ide.mcu.externaltools.gnu-tools-for-stm32.9-2020-q2-update.win32_2.0.0.202105311346/tools/bin/../lib/gcc/arm-none-eabi/9.3.1/../../../../arm-none-eabi/lib/thumb/v7-m/nofp\libc.a(lib_a-exit.o) (_global_impure_ptr)
c:/st/stm32cubeide_1.7.0/stm32cubeide/plugins/com.st.stm32cube.ide.mcu.externaltools.gnu-tools-for-stm32.9-2020-q2-update.win32_2.0.0.202105311346/tools/bin/../lib/gcc/arm-none-eabi/9.3.1/../../../../arm-none-eabi/lib/thumb/v7-m/nofp\libc.a(lib_a-init.o)
                              c:/st/stm32cubeide_1.7.0/stm32cubeide/plugins/com.st.stm32cube.ide.mcu.externaltools.gnu-tools-for-stm32.9-2020-q2-update.win32_2.0.0.202105311346/tools/bin/../lib/gcc/arm-none-eabi/9.3.1/../../../../arm-none-eabi/lib/thumb/v7-m/nofp/rdimon-crt0.o (__libc_init_array)
c:/st/stm32cubeide_1.7.0/stm32cubeide/plugins/com.st.stm32cube.ide.mcu.externaltools.gnu-tools-for-stm32.9-2020-q2-update.win32_2.0.0.202105311346/tools/bin/../lib/gcc/arm-none-eabi/9.3.1/../../../../arm-none-eabi/lib/thumb/v7-m/nofp\libc.a(lib_a-malloc.o)
                              ./appli/Tag_module/tag.o (malloc)
c:/st/stm32cubeide_1.7.0/stm32cubeide/plugins/com.st.stm32cube.ide.mcu.externaltools.gnu-tools-for-stm32.9-2020-q2-update.win32_2.0.0.202105311346/tools/bin/../lib/gcc/arm-none-eabi/9.3.1/../../../../arm-none-eabi/lib/thumb/v7-m/nofp\libc.a(lib_a-mallocr.o)
                              c:/st/stm32cubeide_1.7.0/stm32cubeide/plugins/com.st.stm32cube.ide.mcu.externaltools.gnu-tools-for-stm32.9-2020-q2-update.win32_2.0.0.202105311346/tools/bin/../lib/gcc/arm-none-eabi/9.3.1/../../../../arm-none-eabi/lib/thumb/v7-m/nofp\libc.a(lib_a-malloc.o) (_malloc_r)
c:/st/stm32cubeide_1.7.0/stm32cubeide/plugins/com.st.stm32cube.ide.mcu.externaltools.gnu-tools-for-stm32.9-2020-q2-update.win32_2.0.0.202105311346/tools/bin/../lib/gcc/arm-none-eabi/9.3.1/../../../../arm-none-eabi/lib/thumb/v7-m/nofp\libc.a(lib_a-memset.o)
                              c:/st/stm32cubeide_1.7.0/stm32cubeide/plugins/com.st.stm32cube.ide.mcu.externaltools.gnu-tools-for-stm32.9-2020-q2-update.win32_2.0.0.202105311346/tools/bin/../lib/gcc/arm-none-eabi/9.3.1/../../../../arm-none-eabi/lib/thumb/v7-m/nofp/rdimon-crt0.o (memset)
c:/st/stm32cubeide_1.7.0/stm32cubeide/plugins/com.st.stm32cube.ide.mcu.externaltools.gnu-tools-for-stm32.9-2020-q2-update.win32_2.0.0.202105311346/tools/bin/../lib/gcc/arm-none-eabi/9.3.1/../../../../arm-none-eabi/lib/thumb/v7-m/nofp\libc.a(lib_a-mlock.o)
                              c:/st/stm32cubeide_1.7.0/stm32cubeide/plugins/com.st.stm32cube.ide.mcu.externaltools.gnu-tools-for-stm32.9-2020-q2-update.win32_2.0.0.202105311346/tools/bin/../lib/gcc/arm-none-eabi/9.3.1/../../../../arm-none-eabi/lib/thumb/v7-m/nofp\libc.a(lib_a-mallocr.o) (__malloc_lock)
c:/st/stm32cubeide_1.7.0/stm32cubeide/plugins/com.st.stm32cube.ide.mcu.externaltools.gnu-tools-for-stm32.9-2020-q2-update.win32_2.0.0.202105311346/tools/bin/../lib/gcc/arm-none-eabi/9.3.1/../../../../arm-none-eabi/lib/thumb/v7-m/nofp\libc.a(lib_a-printf.o)
                              ./appli/Tag_module/tag.o (printf)
c:/st/stm32cubeide_1.7.0/stm32cubeide/plugins/com.st.stm32cube.ide.mcu.externaltools.gnu-tools-for-stm32.9-2020-q2-update.win32_2.0.0.202105311346/tools/bin/../lib/gcc/arm-none-eabi/9.3.1/../../../../arm-none-eabi/lib/thumb/v7-m/nofp\libc.a(lib_a-setvbuf.o)
                              ./lib/bsp/stm32f1_uart.o (setvbuf)
[...]
Memory Configuration

Name             Origin             Length             Attributes
FLASH            0x0000000008000000 0x000000000001fc00 xr
RAM              0x0000000020000000 0x0000000000005000 xrw
*default*        0x0000000000000000 0xffffffffffffffff

Linker script and memory map

LOAD c:/st/stm32cubeide_1.7.0/stm32cubeide/plugins/com.st.stm32cube.ide.mcu.externaltools.gnu-tools-for-stm32.9-2020-q2-update.win32_2.0.0.202105311346/tools/bin/../lib/gcc/arm-none-eabi/9.3.1/thumb/v7-m/nofp/crti.o
LOAD c:/st/stm32cubeide_1.7.0/stm32cubeide/plugins/com.st.stm32cube.ide.mcu.externaltools.gnu-tools-for-stm32.9-2020-q2-update.win32_2.0.0.202105311346/tools/bin/../lib/gcc/arm-none-eabi/9.3.1/thumb/v7-m/nofp/crtbegin.o
LOAD c:/st/stm32cubeide_1.7.0/stm32cubeide/plugins/com.st.stm32cube.ide.mcu.externaltools.gnu-tools-for-stm32.9-2020-q2-update.win32_2.0.0.202105311346/tools/bin/../lib/gcc/arm-none-eabi/9.3.1/../../../../arm-none-eabi/lib/thumb/v7-m/nofp/rdimon-crt0.o
LOAD ./appli/Tag_module/tag.o
LOAD ./appli/main.o
LOAD ./lib/bsp/MatrixLed/WS2812S.o
LOAD ./lib/bsp/MatrixLed/WS2812S_asm.o
LOAD ./lib/bsp/stm32f1_adc.o
LOAD ./lib/bsp/stm32f1_extit.o
LOAD ./lib/bsp/stm32f1_flash.o
LOAD ./lib/bsp/stm32f1_gpio.o
LOAD ./lib/bsp/stm32f1_i2c.o
LOAD ./lib/bsp/stm32f1_motorDC.o
LOAD ./lib/bsp/stm32f1_pwm.o
LOAD ./lib/bsp/stm32f1_rtc.o
LOAD ./lib/bsp/stm32f1_sd.o
LOAD ./lib/bsp/stm32f1_spi.o
LOAD ./lib/bsp/stm32f1_stepper_motor.o
LOAD ./lib/bsp/stm32f1_sys.o
LOAD ./lib/bsp/stm32f1_timer.o
LOAD ./lib/bsp/stm32f1_uart.o
LOAD ./lib/bsp/stm32f1_weak_it.o
LOAD ./lib/bsp/stm32f1xx_nucleo.o
LOAD ./lib/bsp/system_stm32f1xx.o
LOAD ./lib/bsp/systick.o
LOAD ./lib/hal/src/Legacy/stm32f1xx_hal_can.o
LOAD ./lib/hal/src/stm32f1xx_hal.o
LOAD ./lib/hal/src/stm32f1xx_hal_adc.o
LOAD ./lib/hal/src/stm32f1xx_hal_adc_ex.o
LOAD ./lib/hal/src/stm32f1xx_hal_can.o
LOAD ./lib/hal/src/stm32f1xx_hal_cec.o
LOAD ./lib/hal/src/stm32f1xx_hal_cortex.o
LOAD ./lib/hal/src/stm32f1xx_hal_crc.o
LOAD ./lib/hal/src/stm32f1xx_hal_dac.o
LOAD ./lib/hal/src/stm32f1xx_hal_dac_ex.o
LOAD ./lib/hal/src/stm32f1xx_hal_dma.o
LOAD ./lib/hal/src/stm32f1xx_hal_eth.o
LOAD ./lib/hal/src/stm32f1xx_hal_exti.o
LOAD ./lib/hal/src/stm32f1xx_hal_flash.o
LOAD ./lib/hal/src/stm32f1xx_hal_flash_ex.o
LOAD ./lib/hal/src/stm32f1xx_hal_gpio.o
LOAD ./lib/hal/src/stm32f1xx_hal_gpio_ex.o
LOAD ./lib/hal/src/stm32f1xx_hal_hcd.o
LOAD ./lib/hal/src/stm32f1xx_hal_i2c.o
LOAD ./lib/hal/src/stm32f1xx_hal_i2s.o
LOAD ./lib/hal/src/stm32f1xx_hal_irda.o
LOAD ./lib/hal/src/stm32f1xx_hal_iwdg.o
LOAD ./lib/hal/src/stm32f1xx_hal_mmc.o
LOAD ./lib/hal/src/stm32f1xx_hal_msp_template.o
LOAD ./lib/hal/src/stm32f1xx_hal_nand.o
LOAD ./lib/hal/src/stm32f1xx_hal_nor.o
LOAD ./lib/hal/src/stm32f1xx_hal_pccard.o
LOAD ./lib/hal/src/stm32f1xx_hal_pcd.o
LOAD ./lib/hal/src/stm32f1xx_hal_pcd_ex.o
LOAD ./lib/hal/src/stm32f1xx_hal_pwr.o
LOAD ./lib/hal/src/stm32f1xx_hal_rcc.o
LOAD ./lib/hal/src/stm32f1xx_hal_rcc_ex.o
LOAD ./lib/hal/src/stm32f1xx_hal_rtc.o
LOAD ./lib/hal/src/stm32f1xx_hal_rtc_ex.o
LOAD ./lib/hal/src/stm32f1xx_hal_sd.o
LOAD ./lib/hal/src/stm32f1xx_hal_smartcard.o
LOAD ./lib/hal/src/stm32f1xx_hal_spi.o
LOAD ./lib/hal/src/stm32f1xx_hal_spi_ex.o
LOAD ./lib/hal/src/stm32f1xx_hal_sram.o
LOAD ./lib/hal/src/stm32f1xx_hal_tim.o
LOAD ./lib/hal/src/stm32f1xx_hal_tim_ex.o
LOAD ./lib/hal/src/stm32f1xx_hal_uart.o
LOAD ./lib/hal/src/stm32f1xx_hal_usart.o
LOAD ./lib/hal/src/stm32f1xx_hal_wwdg.o
LOAD ./lib/hal/src/stm32f1xx_ll_adc.o
LOAD ./lib/hal/src/stm32f1xx_ll_crc.o
LOAD ./lib/hal/src/stm32f1xx_ll_dac.o
LOAD ./lib/hal/src/stm32f1xx_ll_dma.o
LOAD ./lib/hal/src/stm32f1xx_ll_exti.o
LOAD ./lib/hal/src/stm32f1xx_ll_fsmc.o
LOAD ./lib/hal/src/stm32f1xx_ll_gpio.o
LOAD ./lib/hal/src/stm32f1xx_ll_i2c.o
LOAD ./lib/hal/src/stm32f1xx_ll_pwr.o
LOAD ./lib/hal/src/stm32f1xx_ll_rcc.o
LOAD ./lib/hal/src/stm32f1xx_ll_rtc.o
LOAD ./lib/hal/src/stm32f1xx_ll_sdmmc.o
LOAD ./lib/hal/src/stm32f1xx_ll_spi.o
LOAD ./lib/hal/src/stm32f1xx_ll_tim.o
LOAD ./lib/hal/src/stm32f1xx_ll_usart.o
LOAD ./lib/hal/src/stm32f1xx_ll_usb.o
LOAD ./lib/hal/src/stm32f1xx_ll_utils.o
LOAD ./lib/startup_stm32f103xb.o
LOAD c:/st/stm32cubeide_1.7.0/stm32cubeide/plugins/com.st.stm32cube.ide.mcu.externaltools.gnu-tools-for-stm32.9-2020-q2-update.win32_2.0.0.202105311346/tools/bin/../lib/gcc/arm-none-eabi/9.3.1/../../../../arm-none-eabi/lib/thumb/v7-m/nofp\libc.a
LOAD c:/st/stm32cubeide_1.7.0/stm32cubeide/plugins/com.st.stm32cube.ide.mcu.externaltools.gnu-tools-for-stm32.9-2020-q2-update.win32_2.0.0.202105311346/tools/bin/../lib/gcc/arm-none-eabi/9.3.1/../../../../arm-none-eabi/lib/thumb/v7-m/nofp\librdimon.a
START GROUP
LOAD c:/st/stm32cubeide_1.7.0/stm32cubeide/plugins/com.st.stm32cube.ide.mcu.externaltools.gnu-tools-for-stm32.9-2020-q2-update.win32_2.0.0.202105311346/tools/bin/../lib/gcc/arm-none-eabi/9.3.1/../../../../arm-none-eabi/lib/thumb/v7-m/nofp\libc.a
LOAD c:/st/stm32cubeide_1.7.0/stm32cubeide/plugins/com.st.stm32cube.ide.mcu.externaltools.gnu-tools-for-stm32.9-2020-q2-update.win32_2.0.0.202105311346/tools/bin/../lib/gcc/arm-none-eabi/9.3.1/../../../../arm-none-eabi/lib/thumb/v7-m/nofp\libm.a
END GROUP
START GROUP
LOAD c:/st/stm32cubeide_1.7.0/stm32cubeide/plugins/com.st.stm32cube.ide.mcu.externaltools.gnu-tools-for-stm32.9-2020-q2-update.win32_2.0.0.202105311346/tools/bin/../lib/gcc/arm-none-eabi/9.3.1/thumb/v7-m/nofp\libgcc.a
LOAD c:/st/stm32cubeide_1.7.0/stm32cubeide/plugins/com.st.stm32cube.ide.mcu.externaltools.gnu-tools-for-stm32.9-2020-q2-update.win32_2.0.0.202105311346/tools/bin/../lib/gcc/arm-none-eabi/9.3.1/../../../../arm-none-eabi/lib/thumb/v7-m/nofp\libc.a
END GROUP
START GROUP
LOAD c:/st/stm32cubeide_1.7.0/stm32cubeide/plugins/com.st.stm32cube.ide.mcu.externaltools.gnu-tools-for-stm32.9-2020-q2-update.win32_2.0.0.202105311346/tools/bin/../lib/gcc/arm-none-eabi/9.3.1/thumb/v7-m/nofp\libgcc.a
LOAD c:/st/stm32cubeide_1.7.0/stm32cubeide/plugins/com.st.stm32cube.ide.mcu.externaltools.gnu-tools-for-stm32.9-2020-q2-update.win32_2.0.0.202105311346/tools/bin/../lib/gcc/arm-none-eabi/9.3.1/../../../../arm-none-eabi/lib/thumb/v7-m/nofp\libc.a
LOAD c:/st/stm32cubeide_1.7.0/stm32cubeide/plugins/com.st.stm32cube.ide.mcu.externaltools.gnu-tools-for-stm32.9-2020-q2-update.win32_2.0.0.202105311346/tools/bin/../lib/gcc/arm-none-eabi/9.3.1/../../../../arm-none-eabi/lib/thumb/v7-m/nofp\librdimon.a
END GROUP
LOAD c:/st/stm32cubeide_1.7.0/stm32cubeide/plugins/com.st.stm32cube.ide.mcu.externaltools.gnu-tools-for-stm32.9-2020-q2-update.win32_2.0.0.202105311346/tools/bin/../lib/gcc/arm-none-eabi/9.3.1/thumb/v7-m/nofp/crtend.o
LOAD c:/st/stm32cubeide_1.7.0/stm32cubeide/plugins/com.st.stm32cube.ide.mcu.externaltools.gnu-tools-for-stm32.9-2020-q2-update.win32_2.0.0.202105311346/tools/bin/../lib/gcc/arm-none-eabi/9.3.1/thumb/v7-m/nofp/crtn.o
                0x0000000020005000                _estack = 0x20005000
                0x0000000000000200                _Min_Heap_Size = 0x200
                0x0000000000000400                _Min_Stack_Size = 0x400

.isr_vector     0x0000000008000000      0x10c
                0x0000000008000000                . = ALIGN (0x4)
 *(.isr_vector)
 .isr_vector    0x0000000008000000      0x10c ./lib/startup_stm32f103xb.o
                0x0000000008000000                g_pfnVectors
                0x000000000800010c                . = ALIGN (0x4)

.text           0x0000000008000110     0xa470
                0x0000000008000110                . = ALIGN (0x4)
 *(.text)
 .text          0x0000000008000110       0x40 c:/st/stm32cubeide_1.7.0/stm32cubeide/plugins/com.st.stm32cube.ide.mcu.externaltools.gnu-tools-for-stm32.9-2020-q2-update.win32_2.0.0.202105311346/tools/bin/../lib/gcc/arm-none-eabi/9.3.1/thumb/v7-m/nofp/crtbegin.o
 .text          0x0000000008000150       0x10 c:/st/stm32cubeide_1.7.0/stm32cubeide/plugins/com.st.stm32cube.ide.mcu.externaltools.gnu-tools-for-stm32.9-2020-q2-update.win32_2.0.0.202105311346/tools/bin/../lib/gcc/arm-none-eabi/9.3.1/../../../../arm-none-eabi/lib/thumb/v7-m/nofp\libc.a(lib_a-strlen.o)
                0x0000000008000150                strlen
 .text          0x0000000008000160      0x378 c:/st/stm32cubeide_1.7.0/stm32cubeide/plugins/com.st.stm32cube.ide.mcu.externaltools.gnu-tools-for-stm32.9-2020-q2-update.win32_2.0.0.202105311346/tools/bin/../lib/gcc/arm-none-eabi/9.3.1/thumb/v7-m/nofp\libgcc.a(_arm_addsubdf3.o)
                0x0000000008000160                __aeabi_drsub
                0x0000000008000168                __aeabi_dsub
                0x0000000008000168                __subdf3
                0x000000000800016c                __aeabi_dadd
                0x000000000800016c                __adddf3
                0x00000000080003e4                __floatunsidf
                0x00000000080003e4                __aeabi_ui2d
                0x0000000008000404                __floatsidf
                0x0000000008000404                __aeabi_i2d
                0x0000000008000428                __aeabi_f2d
                0x0000000008000428                __extendsfdf2
                0x000000000800046c                __floatundidf
                0x000000000800046c                __aeabi_ul2d
                0x000000000800047c                __floatdidf
                0x000000000800047c                __aeabi_l2d
 .text          0x00000000080004d8      0x424 c:/st/stm32cubeide_1.7.0/stm32cubeide/plugins/com.st.stm32cube.ide.mcu.externaltools.gnu-tools-for-stm32.9-2020-q2-update.win32_2.0.0.202105311346/tools/bin/../lib/gcc/arm-none-eabi/9.3.1/thumb/v7-m/nofp\libgcc.a(_arm_muldivdf3.o)
                0x00000000080004d8                __aeabi_dmul
                0x00000000080004d8                __muldf3
                0x000000000800072c                __divdf3
                0x000000000800072c                __aeabi_ddiv
 .text          0x00000000080008fc      0x110 c:/st/stm32cubeide_1.7.0/stm32cubeide/plugins/com.st.stm32cube.ide.mcu.externaltools.gnu-tools-for-stm32.9-2020-q2-update.win32_2.0.0.202105311346/tools/bin/../lib/gcc/arm-none-eabi/9.3.1/thumb/v7-m/nofp\libgcc.a(_arm_cmpdf2.o)
                0x00000000080008fc                __gtdf2
                0x00000000080008fc                __gedf2
                0x0000000008000904                __ltdf2
                0x0000000008000904                __ledf2
                0x000000000800090c                __nedf2
                0x000000000800090c                __eqdf2
                0x000000000800090c                __cmpdf2
                0x0000000008000988                __aeabi_cdrcmple
                0x0000000008000998                __aeabi_cdcmpeq
                0x0000000008000998                __aeabi_cdcmple
                0x00000000080009a8                __aeabi_dcmpeq
                0x00000000080009bc                __aeabi_dcmplt
                0x00000000080009d0                __aeabi_dcmple
                0x00000000080009e4                __aeabi_dcmpge
                0x00000000080009f8                __aeabi_dcmpgt
 .text          0x0000000008000a0c       0x2c c:/st/stm32cubeide_1.7.0/stm32cubeide/plugins/com.st.stm32cube.ide.mcu.externaltools.gnu-tools-for-stm32.9-2020-q2-update.win32_2.0.0.202105311346/tools/bin/../lib/gcc/arm-none-eabi/9.3.1/thumb/v7-m/nofp\libgcc.a(_arm_unorddf2.o)
                0x0000000008000a0c                __unorddf2
                0x0000000008000a0c                __aeabi_dcmpun
 .text          0x0000000008000a38       0x50 c:/st/stm32cubeide_1.7.0/stm32cubeide/plugins/com.st.stm32cube.ide.mcu.externaltools.gnu-tools-for-stm32.9-2020-q2-update.win32_2.0.0.202105311346/tools/bin/../lib/gcc/arm-none-eabi/9.3.1/thumb/v7-m/nofp\libgcc.a(_arm_fixdfsi.o)
                0x0000000008000a38                __aeabi_d2iz
                0x0000000008000a38                __fixdfsi
 .text          0x0000000008000a88       0x30 c:/st/stm32cubeide_1.7.0/stm32cubeide/plugins/com.st.stm32cube.ide.mcu.externaltools.gnu-tools-for-stm32.9-2020-q2-update.win32_2.0.0.202105311346/tools/bin/../lib/gcc/arm-none-eabi/9.3.1/thumb/v7-m/nofp\libgcc.a(_aeabi_uldivmod.o)
                0x0000000008000a88                __aeabi_uldivmod
 .text          0x0000000008000ab8      0x2c4 c:/st/stm32cubeide_1.7.0/stm32cubeide/plugins/com.st.stm32cube.ide.mcu.externaltools.gnu-tools-for-stm32.9-2020-q2-update.win32_2.0.0.202105311346/tools/bin/../lib/gcc/arm-none-eabi/9.3.1/thumb/v7-m/nofp\libgcc.a(_udivmoddi4.o)
                0x0000000008000ab8                __udivmoddi4
 .text          0x0000000008000d7c        0x4 c:/st/stm32cubeide_1.7.0/stm32cubeide/plugins/com.st.stm32cube.ide.mcu.externaltools.gnu-tools-for-stm32.9-2020-q2-update.win32_2.0.0.202105311346/tools/bin/../lib/gcc/arm-none-eabi/9.3.1/thumb/v7-m/nofp\libgcc.a(_dvmd_tls.o)
                0x0000000008000d7c                __aeabi_idiv0
                0x0000000008000d7c                __aeabi_ldiv0
 *(.text*)
 .text.Tag_Nop  0x0000000008000d80        0xc ./appli/Tag_module/tag.o
                0x0000000008000d80                Tag_Nop
 .text.printSerial
                0x0000000008000d8c       0x20 ./appli/Tag_module/tag.o
                0x0000000008000d8c                printSerial
 .text.setSerial
                0x0000000008000dac       0x20 ./appli/Tag_module/tag.o
                0x0000000008000dac                setSerial
 .text.sleep    0x0000000008000dcc       0x1c ./appli/Tag_module/tag.o
                0x0000000008000dcc                sleep
 .text.storeMem
                0x0000000008000de8       0x34 ./appli/Tag_module/tag.o
                0x0000000008000de8                storeMem
 .text.loadMem  0x0000000008000e1c       0x30 ./appli/Tag_module/tag.o
                0x0000000008000e1c                loadMem
 .text.stop     0x0000000008000e4c       0x20 ./appli/Tag_module/tag.o
                0x0000000008000e4c                stop
 .text.Tag_new  0x0000000008000e6c       0x2e ./appli/Tag_module/tag.o
                0x0000000008000e6c                Tag_new
 *fill*         0x0000000008000e9a        0x2 
 .text.Tag_start
                0x0000000008000e9c       0x1c ./appli/Tag_module/tag.o
                0x0000000008000e9c                Tag_start
 .text.Tag_setSerial
                0x0000000008000eb8       0x20 ./appli/Tag_module/tag.o
                0x0000000008000eb8                Tag_setSerial
 .text.Tag_printSerial
                0x0000000008000ed8       0x18 ./appli/Tag_module/tag.o
                0x0000000008000ed8                Tag_printSerial
 .text.Tag_sleep
                0x0000000008000ef0       0x18 ./appli/Tag_module/tag.o
                0x0000000008000ef0                Tag_sleep
 .text.Tag_storeMem
                0x0000000008000f08       0x18 ./appli/Tag_module/tag.o
                0x0000000008000f08                Tag_storeMem
 .text.Tag_loadMem
                0x0000000008000f20       0x18 ./appli/Tag_module/tag.o
                0x0000000008000f20                Tag_loadMem
 .text.Tag_stop
                0x0000000008000f38       0x18 ./appli/Tag_module/tag.o
                0x0000000008000f38                Tag_stop
 .text.Tag_free
                0x0000000008000f50       0x1c ./appli/Tag_module/tag.o
                0x0000000008000f50                Tag_free
 .text.Tag_run  0x0000000008000f6c       0x6c ./appli/Tag_module/tag.o
                0x0000000008000f6c                Tag_run
 .text.main     0x0000000008000fd8       0xd0 ./appli/main.o
                0x0000000008000fd8                main
 .text.getIntFromUART
                0x00000000080010a8       0x6c ./appli/main.o
                0x00000000080010a8                getIntFromUART
 .text.EXTI_call
                0x0000000008001114       0x64 ./lib/bsp/stm32f1_extit.o
 .text.EXTI0_IRQHandler
                0x0000000008001178        0xe ./lib/bsp/stm32f1_extit.o
                0x0000000008001178                EXTI0_IRQHandler
 .text.EXTI1_IRQHandler
                0x0000000008001186        0xe ./lib/bsp/stm32f1_extit.o
                0x0000000008001186                EXTI1_IRQHandler
 .text.EXTI2_IRQHandler
                0x0000000008001194        0xe ./lib/bsp/stm32f1_extit.o
                0x0000000008001194                EXTI2_IRQHandler
 .text.EXTI3_IRQHandler
                0x00000000080011a2        0xe ./lib/bsp/stm32f1_extit.o
                0x00000000080011a2                EXTI3_IRQHandler
 .text.EXTI4_IRQHandler
                0x00000000080011b0        0xe ./lib/bsp/stm32f1_extit.o
                0x00000000080011b0                EXTI4_IRQHandler
 .text.EXTI9_5_IRQHandler
                0x00000000080011be       0x26 ./lib/bsp/stm32f1_extit.o
                0x00000000080011be                EXTI9_5_IRQHandler
 .text.EXTI15_10_IRQHandler
                0x00000000080011e4       0x2c ./lib/bsp/stm32f1_extit.o
                0x00000000080011e4                EXTI15_10_IRQHandler
 .text.__NVIC_SystemReset
                0x0000000008001210       0x2c ./lib/bsp/stm32f1_flash.o
 .text.FLASH_set_word
                0x000000000800123c       0x50 ./lib/bsp/stm32f1_flash.o
                0x000000000800123c                FLASH_set_word
 .text.FLASH_read_word
                0x000000000800128c       0x58 ./lib/bsp/stm32f1_flash.o
                0x000000000800128c                FLASH_read_word
 .text.FLASH_erase_everything_else
                0x00000000080012e4       0xb8 ./lib/bsp/stm32f1_flash.o
 .text.FLASH_erase
                0x000000000800139c       0x34 ./lib/bsp/stm32f1_flash.o
 .text.FLASH_write_word
                0x00000000080013d0       0x50 ./lib/bsp/stm32f1_flash.o
 .text.BSP_GPIO_Enable
                0x0000000008001420       0xc4 ./lib/bsp/stm32f1_gpio.o
                0x0000000008001420                BSP_GPIO_Enable
 .text.BSP_GPIO_PinCfg
                0x00000000080014e4       0x32 ./lib/bsp/stm32f1_gpio.o
                0x00000000080014e4                BSP_GPIO_PinCfg
 *fill*         0x0000000008001516        0x2 
 .text.__NVIC_SystemReset
                0x0000000008001518       0x2c ./lib/bsp/stm32f1_sys.o
 .text.HAL_MspInit
                0x0000000008001544       0x10 ./lib/bsp/stm32f1_sys.o
                0x0000000008001544                HAL_MspInit
 .text.SYS_NVIC_PriorityGrouping
                0x0000000008001554        0xe ./lib/bsp/stm32f1_sys.o
                0x0000000008001554                SYS_NVIC_PriorityGrouping
 .text.SYS_ClockConfig
                0x0000000008001562       0x6c ./lib/bsp/stm32f1_sys.o
                0x0000000008001562                SYS_ClockConfig
 *fill*         0x00000000080015ce        0x2 
 .text._exit    0x00000000080015d0       0x18 ./lib/bsp/stm32f1_sys.o
                0x00000000080015d0                _exit
 .text._fstat   0x00000000080015e8       0x1e ./lib/bsp/stm32f1_sys.o
                0x00000000080015e8                _fstat
 .text._getpid  0x0000000008001606        0xe ./lib/bsp/stm32f1_sys.o
                0x0000000008001606                _getpid
 .text._kill    0x0000000008001614       0x20 ./lib/bsp/stm32f1_sys.o
                0x0000000008001614                _kill
 .text._sbrk    0x0000000008001634       0x58 ./lib/bsp/stm32f1_sys.o
                0x0000000008001634                _sbrk
 .text._sbrk_r  0x000000000800168c       0x46 ./lib/bsp/stm32f1_sys.o
                0x000000000800168c                _sbrk_r
 *fill*         0x00000000080016d2        0x2 
 .text.SYS_set_std_usart
                0x00000000080016d4       0x48 ./lib/bsp/stm32f1_sys.o
                0x00000000080016d4                SYS_set_std_usart
 .text._read    0x000000000800171c       0x7c ./lib/bsp/stm32f1_sys.o
                0x000000000800171c                _read
 .text._write   0x0000000008001798       0x8c ./lib/bsp/stm32f1_sys.o
                0x0000000008001798                _write
 .text.dump_printf
                0x0000000008001824       0x58 ./lib/bsp/stm32f1_sys.o
                0x0000000008001824                dump_printf
 .text.dump_trap_info
                0x000000000800187c      0x198 ./lib/bsp/stm32f1_sys.o
                0x000000000800187c                dump_trap_info
 .text.Fault_Handler
                0x0000000008001a14       0x16 ./lib/bsp/stm32f1_sys.o
                0x0000000008001a14                UsageFault_Handler
                0x0000000008001a14                MemManage_Handler
                0x0000000008001a14                Fault_Handler
                0x0000000008001a14                BusFault_Handler
                0x0000000008001a14                HardFault_Handler
 *fill*         0x0000000008001a2a        0x2 
 .text.NMI_Handler
                0x0000000008001a2c       0x14 ./lib/bsp/stm32f1_sys.o
                0x0000000008001a2c                NMI_Handler
 .text.SVC_Handler
                0x0000000008001a40       0x14 ./lib/bsp/stm32f1_sys.o
                0x0000000008001a40                SVC_Handler
 .text.DebugMon_Handler
                0x0000000008001a54       0x14 ./lib/bsp/stm32f1_sys.o
                0x0000000008001a54                DebugMon_Handler
 .text.PendSV_Handler
                0x0000000008001a68       0x14 ./lib/bsp/stm32f1_sys.o
                0x0000000008001a68                PendSV_Handler
 .text.TIMER1_user_handler_it
                0x0000000008001a7c        0xc ./lib/bsp/stm32f1_timer.o
                0x0000000008001a7c                TIMER1_user_handler_it
 .text.TIMER2_user_handler_it
                0x0000000008001a88        0xc ./lib/bsp/stm32f1_timer.o
                0x0000000008001a88                TIMER2_user_handler_it
 .text.TIMER3_user_handler_it
                0x0000000008001a94        0xc ./lib/bsp/stm32f1_timer.o
                0x0000000008001a94                TIMER3_user_handler_it
 .text.TIMER4_user_handler_it
                0x0000000008001aa0        0xc ./lib/bsp/stm32f1_timer.o
                0x0000000008001aa0                TIMER4_user_handler_it
 .text.TIM1_UP_IRQHandler
                0x0000000008001aac       0x28 ./lib/bsp/stm32f1_timer.o
                0x0000000008001aac                TIM1_UP_IRQHandler
 .text.TIM2_IRQHandler
                0x0000000008001ad4       0x28 ./lib/bsp/stm32f1_timer.o
                0x0000000008001ad4                TIM2_IRQHandler
 .text.TIM3_IRQHandler
                0x0000000008001afc       0x2c ./lib/bsp/stm32f1_timer.o
                0x0000000008001afc                TIM3_IRQHandler
 .text.TIM4_IRQHandler
                0x0000000008001b28       0x2c ./lib/bsp/stm32f1_timer.o
                0x0000000008001b28                TIM4_IRQHandler
 .text.__NVIC_EnableIRQ
                0x0000000008001b54       0x38 ./lib/bsp/stm32f1_uart.o
 .text.__NVIC_DisableIRQ
                0x0000000008001b8c       0x48 ./lib/bsp/stm32f1_uart.o
 .text.__NVIC_SystemReset
                0x0000000008001bd4       0x2c ./lib/bsp/stm32f1_uart.o
 .text.UART_init
                0x0000000008001c00      0x1a0 ./lib/bsp/stm32f1_uart.o
                0x0000000008001c00                UART_init
 .text.UART_data_ready
                0x0000000008001da0       0x3c ./lib/bsp/stm32f1_uart.o
                0x0000000008001da0                UART_data_ready
 .text.UART_get_next_byte
                0x0000000008001ddc       0xb8 ./lib/bsp/stm32f1_uart.o
                0x0000000008001ddc                UART_get_next_byte
 .text.UART_getc_blocking
                0x0000000008001e94       0x52 ./lib/bsp/stm32f1_uart.o
                0x0000000008001e94                UART_getc_blocking
 *fill*         0x0000000008001ee6        0x2 
 .text.UART_putc
                0x0000000008001ee8       0x84 ./lib/bsp/stm32f1_uart.o
                0x0000000008001ee8                UART_putc
 .text.UART_impolite_force_puts_on_uart
                0x0000000008001f6c       0x68 ./lib/bsp/stm32f1_uart.o
                0x0000000008001f6c                UART_impolite_force_puts_on_uart
 .text.USART1_IRQHandler
                0x0000000008001fd4       0x14 ./lib/bsp/stm32f1_uart.o
                0x0000000008001fd4                USART1_IRQHandler
 .text.USART2_IRQHandler
                0x0000000008001fe8       0x14 ./lib/bsp/stm32f1_uart.o
                0x0000000008001fe8                USART2_IRQHandler
 .text.USART3_IRQHandler
                0x0000000008001ffc       0x14 ./lib/bsp/stm32f1_uart.o
                0x0000000008001ffc                USART3_IRQHandler
 .text.HAL_UART_RxCpltCallback
                0x0000000008002010       0xa4 ./lib/bsp/stm32f1_uart.o
                0x0000000008002010                HAL_UART_RxCpltCallback
 .text.HAL_UART_MspInit
                0x00000000080020b4      0x178 ./lib/bsp/stm32f1_uart.o
                0x00000000080020b4                HAL_UART_MspInit
 .text.HAL_UART_ErrorCallback
                0x000000000800222c       0x28 ./lib/bsp/stm32f1_uart.o
                0x000000000800222c                HAL_UART_ErrorCallback
 .text.WWDG_IRQHandler
                0x0000000008002254       0x1c ./lib/bsp/stm32f1_weak_it.o
                0x0000000008002254                WWDG_IRQHandler
 .text.PVD_IRQHandler
                0x0000000008002270       0x1c ./lib/bsp/stm32f1_weak_it.o
                0x0000000008002270                PVD_IRQHandler
 .text.TAMPER_IRQHandler
                0x000000000800228c       0x1c ./lib/bsp/stm32f1_weak_it.o
                0x000000000800228c                TAMPER_IRQHandler
 .text.RTC_IRQHandler
                0x00000000080022a8       0x1c ./lib/bsp/stm32f1_weak_it.o
                0x00000000080022a8                RTC_IRQHandler
 .text.FLASH_IRQHandler
                0x00000000080022c4       0x1c ./lib/bsp/stm32f1_weak_it.o
                0x00000000080022c4                FLASH_IRQHandler
 .text.RCC_IRQHandler
                0x00000000080022e0       0x1c ./lib/bsp/stm32f1_weak_it.o
                0x00000000080022e0                RCC_IRQHandler
 .text.DMA1_Channel1_IRQHandler
                0x00000000080022fc       0x1c ./lib/bsp/stm32f1_weak_it.o
                0x00000000080022fc                DMA1_Channel1_IRQHandler
 .text.DMA1_Channel2_IRQHandler
                0x0000000008002318       0x1c ./lib/bsp/stm32f1_weak_it.o
                0x0000000008002318                DMA1_Channel2_IRQHandler
 .text.DMA1_Channel3_IRQHandler
                0x0000000008002334       0x1c ./lib/bsp/stm32f1_weak_it.o
                0x0000000008002334                DMA1_Channel3_IRQHandler
 .text.DMA1_Channel4_IRQHandler
                0x0000000008002350       0x1c ./lib/bsp/stm32f1_weak_it.o
                0x0000000008002350                DMA1_Channel4_IRQHandler
 .text.DMA1_Channel5_IRQHandler
                0x000000000800236c       0x1c ./lib/bsp/stm32f1_weak_it.o
                0x000000000800236c                DMA1_Channel5_IRQHandler
 .text.DMA1_Channel6_IRQHandler
                0x0000000008002388       0x1c ./lib/bsp/stm32f1_weak_it.o
                0x0000000008002388                DMA1_Channel6_IRQHandler
 .text.DMA1_Channel7_IRQHandler
                0x00000000080023a4       0x1c ./lib/bsp/stm32f1_weak_it.o
                0x00000000080023a4                DMA1_Channel7_IRQHandler
 .text.ADC1_2_IRQHandler
                0x00000000080023c0       0x1c ./lib/bsp/stm32f1_weak_it.o
                0x00000000080023c0                ADC1_2_IRQHandler
 .text.USB_HP_CAN1_TX_IRQHandler
                0x00000000080023dc       0x1c ./lib/bsp/stm32f1_weak_it.o
                0x00000000080023dc                USB_HP_CAN1_TX_IRQHandler
 .text.USB_LP_CAN1_RX0_IRQHandler
                0x00000000080023f8       0x1c ./lib/bsp/stm32f1_weak_it.o
                0x00000000080023f8                USB_LP_CAN1_RX0_IRQHandler
 .text.CAN1_RX1_IRQHandler
                0x0000000008002414       0x1c ./lib/bsp/stm32f1_weak_it.o
                0x0000000008002414                CAN1_RX1_IRQHandler
 .text.CAN1_SCE_IRQHandler
                0x0000000008002430       0x1c ./lib/bsp/stm32f1_weak_it.o
                0x0000000008002430                CAN1_SCE_IRQHandler
 .text.TIM1_BRK_IRQHandler
                0x000000000800244c       0x1c ./lib/bsp/stm32f1_weak_it.o
                0x000000000800244c                TIM1_BRK_IRQHandler
 .text.TIM1_TRG_COM_IRQHandler
                0x0000000008002468       0x1c ./lib/bsp/stm32f1_weak_it.o
                0x0000000008002468                TIM1_TRG_COM_IRQHandler
 .text.TIM1_CC_IRQHandler
                0x0000000008002484       0x1c ./lib/bsp/stm32f1_weak_it.o
                0x0000000008002484                TIM1_CC_IRQHandler
 .text.I2C1_EV_IRQHandler
                0x00000000080024a0       0x1c ./lib/bsp/stm32f1_weak_it.o
                0x00000000080024a0                I2C1_EV_IRQHandler
 .text.I2C1_ER_IRQHandler
                0x00000000080024bc       0x1c ./lib/bsp/stm32f1_weak_it.o
                0x00000000080024bc                I2C1_ER_IRQHandler
 .text.I2C2_EV_IRQHandler
                0x00000000080024d8       0x1c ./lib/bsp/stm32f1_weak_it.o
                0x00000000080024d8                I2C2_EV_IRQHandler
 .text.I2C2_ER_IRQHandler
                0x00000000080024f4       0x1c ./lib/bsp/stm32f1_weak_it.o
                0x00000000080024f4                I2C2_ER_IRQHandler
 .text.SPI1_IRQHandler
                0x0000000008002510       0x1c ./lib/bsp/stm32f1_weak_it.o
                0x0000000008002510                SPI1_IRQHandler
 .text.SPI2_IRQHandler
                0x000000000800252c       0x1c ./lib/bsp/stm32f1_weak_it.o
                0x000000000800252c                SPI2_IRQHandler
 .text.RTC_Alarm_IRQHandler
                0x0000000008002548       0x1c ./lib/bsp/stm32f1_weak_it.o
                0x0000000008002548                RTC_Alarm_IRQHandler
 .text.USBWakeUp_IRQHandler
                0x0000000008002564       0x1c ./lib/bsp/stm32f1_weak_it.o
                0x0000000008002564                USBWakeUp_IRQHandler
 .text.SystemInit
                0x0000000008002580       0x68 ./lib/bsp/system_stm32f1xx.o
                0x0000000008002580                SystemInit
 .text.SystemCoreClockUpdate
                0x00000000080025e8       0xe4 ./lib/bsp/system_stm32f1xx.o
                0x00000000080025e8                SystemCoreClockUpdate
 .text.Systick_init
                0x00000000080026cc       0x44 ./lib/bsp/systick.o
                0x00000000080026cc                Systick_init
 .text.SysTick_Handler
                0x0000000008002710       0x54 ./lib/bsp/systick.o
                0x0000000008002710                SysTick_Handler
 .text.HAL_Init
                0x0000000008002764       0x2c ./lib/hal/src/stm32f1xx_hal.o
                0x0000000008002764                HAL_Init
 .text.HAL_InitTick
                0x0000000008002790       0x60 ./lib/hal/src/stm32f1xx_hal.o
                0x0000000008002790                HAL_InitTick
 .text.HAL_IncTick
                0x00000000080027f0       0x24 ./lib/hal/src/stm32f1xx_hal.o
                0x00000000080027f0                HAL_IncTick
 .text.HAL_GetTick
                0x0000000008002814       0x14 ./lib/hal/src/stm32f1xx_hal.o
                0x0000000008002814                HAL_GetTick
 .text.__NVIC_SetPriorityGrouping
                0x0000000008002828       0x48 ./lib/hal/src/stm32f1xx_hal_cortex.o
 .text.__NVIC_GetPriorityGrouping
                0x0000000008002870       0x1c ./lib/hal/src/stm32f1xx_hal_cortex.o
 .text.__NVIC_EnableIRQ
                0x000000000800288c       0x38 ./lib/hal/src/stm32f1xx_hal_cortex.o
 .text.__NVIC_SetPriority
                0x00000000080028c4       0x54 ./lib/hal/src/stm32f1xx_hal_cortex.o
 .text.NVIC_EncodePriority
                0x0000000008002918       0x64 ./lib/hal/src/stm32f1xx_hal_cortex.o
 .text.SysTick_Config
                0x000000000800297c       0x44 ./lib/hal/src/stm32f1xx_hal_cortex.o
 .text.HAL_NVIC_SetPriorityGrouping
                0x00000000080029c0       0x16 ./lib/hal/src/stm32f1xx_hal_cortex.o
                0x00000000080029c0                HAL_NVIC_SetPriorityGrouping
 .text.HAL_NVIC_SetPriority
                0x00000000080029d6       0x38 ./lib/hal/src/stm32f1xx_hal_cortex.o
                0x00000000080029d6                HAL_NVIC_SetPriority
 .text.HAL_NVIC_EnableIRQ
                0x0000000008002a0e       0x1c ./lib/hal/src/stm32f1xx_hal_cortex.o
                0x0000000008002a0e                HAL_NVIC_EnableIRQ
 .text.HAL_SYSTICK_Config
                0x0000000008002a2a       0x18 ./lib/hal/src/stm32f1xx_hal_cortex.o
                0x0000000008002a2a                HAL_SYSTICK_Config
 .text.HAL_SYSTICK_IRQHandler
                0x0000000008002a42        0xc ./lib/hal/src/stm32f1xx_hal_cortex.o
                0x0000000008002a42                HAL_SYSTICK_IRQHandler
 .text.HAL_SYSTICK_Callback
                0x0000000008002a4e        0xc ./lib/hal/src/stm32f1xx_hal_cortex.o
                0x0000000008002a4e                HAL_SYSTICK_Callback
 *fill*         0x0000000008002a5a        0x2 
 .text.HAL_DMA_Abort_IT
                0x0000000008002a5c       0xec ./lib/hal/src/stm32f1xx_hal_dma.o
                0x0000000008002a5c                HAL_DMA_Abort_IT
 .text.HAL_FLASH_Program
                0x0000000008002b48       0xe0 ./lib/hal/src/stm32f1xx_hal_flash.o
                0x0000000008002b48                HAL_FLASH_Program
 .text.HAL_FLASH_Unlock
                0x0000000008002c28       0x4c ./lib/hal/src/stm32f1xx_hal_flash.o
                0x0000000008002c28                HAL_FLASH_Unlock
 .text.HAL_FLASH_Lock
                0x0000000008002c74       0x20 ./lib/hal/src/stm32f1xx_hal_flash.o
                0x0000000008002c74                HAL_FLASH_Lock
 .text.FLASH_Program_HalfWord
                0x0000000008002c94       0x38 ./lib/hal/src/stm32f1xx_hal_flash.o
 .text.FLASH_WaitForLastOperation
                0x0000000008002ccc       0x8c ./lib/hal/src/stm32f1xx_hal_flash.o
                0x0000000008002ccc                FLASH_WaitForLastOperation
 .text.FLASH_SetErrorCode
                0x0000000008002d58       0xa0 ./lib/hal/src/stm32f1xx_hal_flash.o
 .text.FLASH_PageErase
                0x0000000008002df8       0x40 ./lib/hal/src/stm32f1xx_hal_flash_ex.o
                0x0000000008002df8                FLASH_PageErase
 .text.HAL_GPIO_Init
                0x0000000008002e38      0x308 ./lib/hal/src/stm32f1xx_hal_gpio.o
                0x0000000008002e38                HAL_GPIO_Init
 .text.HAL_RCC_OscConfig
                0x0000000008003140      0x500 ./lib/hal/src/stm32f1xx_hal_rcc.o
                0x0000000008003140                HAL_RCC_OscConfig
 .text.HAL_RCC_ClockConfig
                0x0000000008003640      0x1d4 ./lib/hal/src/stm32f1xx_hal_rcc.o
                0x0000000008003640                HAL_RCC_ClockConfig
 .text.HAL_RCC_GetSysClockFreq
                0x0000000008003814       0xc0 ./lib/hal/src/stm32f1xx_hal_rcc.o
                0x0000000008003814                HAL_RCC_GetSysClockFreq
 .text.HAL_RCC_GetHCLKFreq
                0x00000000080038d4       0x14 ./lib/hal/src/stm32f1xx_hal_rcc.o
                0x00000000080038d4                HAL_RCC_GetHCLKFreq
 .text.HAL_RCC_GetPCLK1Freq
                0x00000000080038e8       0x28 ./lib/hal/src/stm32f1xx_hal_rcc.o
                0x00000000080038e8                HAL_RCC_GetPCLK1Freq
 .text.HAL_RCC_GetPCLK2Freq
                0x0000000008003910       0x28 ./lib/hal/src/stm32f1xx_hal_rcc.o
                0x0000000008003910                HAL_RCC_GetPCLK2Freq
 .text.RCC_Delay
                0x0000000008003938       0x3c ./lib/hal/src/stm32f1xx_hal_rcc.o
 .text.HAL_UART_Init
                0x0000000008003974       0x9a ./lib/hal/src/stm32f1xx_hal_uart.o
                0x0000000008003974                HAL_UART_Init
 .text.HAL_UART_Transmit_IT
                0x0000000008003a0e       0x88 ./lib/hal/src/stm32f1xx_hal_uart.o
                0x0000000008003a0e                HAL_UART_Transmit_IT
 .text.HAL_UART_Receive_IT
                0x0000000008003a96       0xa8 ./lib/hal/src/stm32f1xx_hal_uart.o
                0x0000000008003a96                HAL_UART_Receive_IT
 *fill*         0x0000000008003b3e        0x2 
 .text.HAL_UART_IRQHandler
                0x0000000008003b40      0x1f4 ./lib/hal/src/stm32f1xx_hal_uart.o
                0x0000000008003b40                HAL_UART_IRQHandler
 .text.HAL_UART_TxCpltCallback
                0x0000000008003d34       0x12 ./lib/hal/src/stm32f1xx_hal_uart.o
                0x0000000008003d34                HAL_UART_TxCpltCallback
 .text.UART_EndRxTransfer
                0x0000000008003d46       0x3a ./lib/hal/src/stm32f1xx_hal_uart.o
 .text.UART_DMAAbortOnError
                0x0000000008003d80       0x28 ./lib/hal/src/stm32f1xx_hal_uart.o
 .text.UART_Transmit_IT
                0x0000000008003da8       0xaa ./lib/hal/src/stm32f1xx_hal_uart.o
 .text.UART_EndTransmit_IT
                0x0000000008003e52       0x30 ./lib/hal/src/stm32f1xx_hal_uart.o
 .text.UART_Receive_IT
                0x0000000008003e82      0x102 ./lib/hal/src/stm32f1xx_hal_uart.o
 .text.UART_SetConfig
                0x0000000008003f84      0x230 ./lib/hal/src/stm32f1xx_hal_uart.o
 .text.Reset_Handler
                0x00000000080041b4       0x64 ./lib/startup_stm32f103xb.o
                0x00000000080041b4                Reset_Handler
 .text.Default_Handler
                0x0000000008004218        0x2 ./lib/startup_stm32f103xb.o
                0x0000000008004218                Default_Handler
 .text.atoi     0x000000000800421a        0x8 c:/st/stm32cubeide_1.7.0/stm32cubeide/plugins/com.st.stm32cube.ide.mcu.externaltools.gnu-tools-for-stm32.9-2020-q2-update.win32_2.0.0.202105311346/tools/bin/../lib/gcc/arm-none-eabi/9.3.1/../../../../arm-none-eabi/lib/thumb/v7-m/nofp\libc.a(lib_a-atoi.o)
                0x000000000800421a                atoi
 *fill*         0x0000000008004222        0x2 
 .text.__errno  0x0000000008004224        0xc c:/st/stm32cubeide_1.7.0/stm32cubeide/plugins/com.st.stm32cube.ide.mcu.externaltools.gnu-tools-for-stm32.9-2020-q2-update.win32_2.0.0.202105311346/tools/bin/../lib/gcc/arm-none-eabi/9.3.1/../../../../arm-none-eabi/lib/thumb/v7-m/nofp\libc.a(lib_a-errno.o)
                0x0000000008004224                __errno
 .text.__libc_init_array
                0x0000000008004230       0x48 c:/st/stm32cubeide_1.7.0/stm32cubeide/plugins/com.st.stm32cube.ide.mcu.externaltools.gnu-tools-for-stm32.9-2020-q2-update.win32_2.0.0.202105311346/tools/bin/../lib/gcc/arm-none-eabi/9.3.1/../../../../arm-none-eabi/lib/thumb/v7-m/nofp\libc.a(lib_a-init.o)
                0x0000000008004230                __libc_init_array
 .text.malloc   0x0000000008004278       0x10 c:/st/stm32cubeide_1.7.0/stm32cubeide/plugins/com.st.stm32cube.ide.mcu.externaltools.gnu-tools-for-stm32.9-2020-q2-update.win32_2.0.0.202105311346/tools/bin/../lib/gcc/arm-none-eabi/9.3.1/../../../../arm-none-eabi/lib/thumb/v7-m/nofp\libc.a(lib_a-malloc.o)
                0x0000000008004278                malloc
 .text.free     0x0000000008004288       0x10 c:/st/stm32cubeide_1.7.0/stm32cubeide/plugins/com.st.stm32cube.ide.mcu.externaltools.gnu-tools-for-stm32.9-2020-q2-update.win32_2.0.0.202105311346/tools/bin/../lib/gcc/arm-none-eabi/9.3.1/../../../../arm-none-eabi/lib/thumb/v7-m/nofp\libc.a(lib_a-malloc.o)
                0x0000000008004288                free
 .text._malloc_r
                0x0000000008004298      0x484 c:/st/stm32cubeide_1.7.0/stm32cubeide/plugins/com.st.stm32cube.ide.mcu.externaltools.gnu-tools-for-stm32.9-2020-q2-update.win32_2.0.0.202105311346/tools/bin/../lib/gcc/arm-none-eabi/9.3.1/../../../../arm-none-eabi/lib/thumb/v7-m/nofp\libc.a(lib_a-mallocr.o)
                0x0000000008004298                _malloc_r
 .text.memset   0x000000000800471c       0x10 c:/st/stm32cubeide_1.7.0/stm32cubeide/plugins/com.st.stm32cube.ide.mcu.externaltools.gnu-tools-for-stm32.9-2020-q2-update.win32_2.0.0.202105311346/tools/bin/../lib/gcc/arm-none-eabi/9.3.1/../../../../arm-none-eabi/lib/thumb/v7-m/nofp\libc.a(lib_a-memset.o)
                0x000000000800471c                memset
 .text.__malloc_lock
                0x000000000800472c        0xc c:/st/stm32cubeide_1.7.0/stm32cubeide/plugins/com.st.stm32cube.ide.mcu.externaltools.gnu-tools-for-stm32.9-2020-q2-update.win32_2.0.0.202105311346/tools/bin/../lib/gcc/arm-none-eabi/9.3.1/../../../../arm-none-eabi/lib/thumb/v7-m/nofp\libc.a(lib_a-mlock.o)
                0x000000000800472c                __malloc_lock
 .text.__malloc_unlock
                0x0000000008004738        0xc c:/st/stm32cubeide_1.7.0/stm32cubeide/plugins/com.st.stm32cube.ide.mcu.externaltools.gnu-tools-for-stm32.9-2020-q2-update.win32_2.0.0.202105311346/tools/bin/../lib/gcc/arm-none-eabi/9.3.1/../../../../arm-none-eabi/lib/thumb/v7-m/nofp\libc.a(lib_a-mlock.o)
                0x0000000008004738                __malloc_unlock
 .text.printf   0x0000000008004744       0x24 c:/st/stm32cubeide_1.7.0/stm32cubeide/plugins/com.st.stm32cube.ide.mcu.externaltools.gnu-tools-for-stm32.9-2020-q2-update.win32_2.0.0.202105311346/tools/bin/../lib/gcc/arm-none-eabi/9.3.1/../../../../arm-none-eabi/lib/thumb/v7-m/nofp\libc.a(lib_a-printf.o)
                0x0000000008004744                printf
 .text.setvbuf  0x0000000008004768      0x170 c:/st/stm32cubeide_1.7.0/stm32cubeide/plugins/com.st.stm32cube.ide.mcu.externaltools.gnu-tools-for-stm32.9-2020-q2-update.win32_2.0.0.202105311346/tools/bin/../lib/gcc/arm-none-eabi/9.3.1/../../../../arm-none-eabi/lib/thumb/v7-m/nofp\libc.a(lib_a-setvbuf.o)
                0x0000000008004768                setvbuf
 .text._strtol_l.isra.0
                0x00000000080048d8      0x10c c:/st/stm32cubeide_1.7.0/stm32cubeide/plugins/com.st.stm32cube.ide.mcu.externaltools.gnu-tools-for-stm32.9-2020-q2-update.win32_2.0.0.202105311346/tools/bin/../lib/gcc/arm-none-eabi/9.3.1/../../../../arm-none-eabi/lib/thumb/v7-m/nofp\libc.a(lib_a-strtol.o)
 .text.strtol   0x00000000080049e4       0x14 c:/st/stm32cubeide_1.7.0/stm32cubeide/plugins/com.st.stm32cube.ide.mcu.externaltools.gnu-tools-for-stm32.9-2020-q2-update.win32_2.0.0.202105311346/tools/bin/../lib/gcc/arm-none-eabi/9.3.1/../../../../arm-none-eabi/lib/thumb/v7-m/nofp\libc.a(lib_a-strtol.o)
                0x00000000080049e4                strtol
 .text.sysconf  0x00000000080049f8       0x1a c:/st/stm32cubeide_1.7.0/stm32cubeide/plugins/com.st.stm32cube.ide.mcu.externaltools.gnu-tools-for-stm32.9-2020-q2-update.win32_2.0.0.202105311346/tools/bin/../lib/gcc/arm-none-eabi/9.3.1/../../../../arm-none-eabi/lib/thumb/v7-m/nofp\libc.a(lib_a-sysconf.o)
                0x00000000080049f8                sysconf
 *fill*         0x0000000008004a12        0x2 
 .text._vfprintf_r
                0x0000000008004a14     0x1440 c:/st/stm32cubeide_1.7.0/stm32cubeide/plugins/com.st.stm32cube.ide.mcu.externaltools.gnu-tools-for-stm32.9-2020-q2-update.win32_2.0.0.202105311346/tools/bin/../lib/gcc/arm-none-eabi/9.3.1/../../../../arm-none-eabi/lib/thumb/v7-m/nofp\libc.a(lib_a-vfprintf.o)
                0x0000000008004a14                _vfprintf_r
 .text.__sbprintf
                0x0000000008005e54       0x80 c:/st/stm32cubeide_1.7.0/stm32cubeide/plugins/com.st.stm32cube.ide.mcu.externaltools.gnu-tools-for-stm32.9-2020-q2-update.win32_2.0.0.202105311346/tools/bin/../lib/gcc/arm-none-eabi/9.3.1/../../../../arm-none-eabi/lib/thumb/v7-m/nofp\libc.a(lib_a-vfprintf.o)
 .text._vsnprintf_r
                0x0000000008005ed4       0x58 c:/st/stm32cubeide_1.7.0/stm32cubeide/plugins/com.st.stm32cube.ide.mcu.externaltools.gnu-tools-for-stm32.9-2020-q2-update.win32_2.0.0.202105311346/tools/bin/../lib/gcc/arm-none-eabi/9.3.1/../../../../arm-none-eabi/lib/thumb/v7-m/nofp\libc.a(lib_a-vsnprintf.o)
                0x0000000008005ed4                _vsnprintf_r
 .text.vsnprintf
                0x0000000008005f2c       0x1c c:/st/stm32cubeide_1.7.0/stm32cubeide/plugins/com.st.stm32cube.ide.mcu.externaltools.gnu-tools-for-stm32.9-2020-q2-update.win32_2.0.0.202105311346/tools/bin/../lib/gcc/arm-none-eabi/9.3.1/../../../../arm-none-eabi/lib/thumb/v7-m/nofp\libc.a(lib_a-vsnprintf.o)
                0x0000000008005f2c                vsnprintf
 .text.__swsetup_r
                0x0000000008005f48       0xb0 c:/st/stm32cubeide_1.7.0/stm32cubeide/plugins/com.st.stm32cube.ide.mcu.externaltools.gnu-tools-for-stm32.9-2020-q2-update.win32_2.0.0.202105311346/tools/bin/../lib/gcc/arm-none-eabi/9.3.1/../../../../arm-none-eabi/lib/thumb/v7-m/nofp\libc.a(lib_a-wsetup.o)
                0x0000000008005f48                __swsetup_r
 .text.startup.register_fini
                0x0000000008005ff8       0x14 c:/st/stm32cubeide_1.7.0/stm32cubeide/plugins/com.st.stm32cube.ide.mcu.externaltools.gnu-tools-for-stm32.9-2020-q2-update.win32_2.0.0.202105311346/tools/bin/../lib/gcc/arm-none-eabi/9.3.1/../../../../arm-none-eabi/lib/thumb/v7-m/nofp\libc.a(lib_a-__call_atexit.o)
 .text.atexit   0x000000000800600c        0xc c:/st/stm32cubeide_1.7.0/stm32cubeide/plugins/com.st.stm32cube.ide.mcu.externaltools.gnu-tools-for-stm32.9-2020-q2-update.win32_2.0.0.202105311346/tools/bin/../lib/gcc/arm-none-eabi/9.3.1/../../../../arm-none-eabi/lib/thumb/v7-m/nofp\libc.a(lib_a-atexit.o)
                0x000000000800600c                atexit
 .text.quorem   0x0000000008006018      0x11a c:/st/stm32cubeide_1.7.0/stm32cubeide/plugins/com.st.stm32cube.ide.mcu.externaltools.gnu-tools-for-stm32.9-2020-q2-update.win32_2.0.0.202105311346/tools/bin/../lib/gcc/arm-none-eabi/9.3.1/../../../../arm-none-eabi/lib/thumb/v7-m/nofp\libc.a(lib_a-dtoa.o)
 *fill*         0x0000000008006132        0x6 
 .text._dtoa_r  0x0000000008006138      0xb7c c:/st/stm32cubeide_1.7.0/stm32cubeide/plugins/com.st.stm32cube.ide.mcu.externaltools.gnu-tools-for-stm32.9-2020-q2-update.win32_2.0.0.202105311346/tools/bin/../lib/gcc/arm-none-eabi/9.3.1/../../../../arm-none-eabi/lib/thumb/v7-m/nofp\libc.a(lib_a-dtoa.o)
                0x0000000008006138                _dtoa_r
 .text.__sflush_r
                0x0000000008006cb4      0x11c c:/st/stm32cubeide_1.7.0/stm32cubeide/plugins/com.st.stm32cube.ide.mcu.externaltools.gnu-tools-for-stm32.9-2020-q2-update.win32_2.0.0.202105311346/tools/bin/../lib/gcc/arm-none-eabi/9.3.1/../../../../arm-none-eabi/lib/thumb/v7-m/nofp\libc.a(lib_a-fflush.o)
                0x0000000008006cb4                __sflush_r
 .text._fflush_r
                0x0000000008006dd0       0x4a c:/st/stm32cubeide_1.7.0/stm32cubeide/plugins/com.st.stm32cube.ide.mcu.externaltools.gnu-tools-for-stm32.9-2020-q2-update.win32_2.0.0.202105311346/tools/bin/../lib/gcc/arm-none-eabi/9.3.1/../../../../arm-none-eabi/lib/thumb/v7-m/nofp\libc.a(lib_a-fflush.o)
                0x0000000008006dd0                _fflush_r
 *fill*         0x0000000008006e1a        0x2 
 .text.std      0x0000000008006e1c       0x50 c:/st/stm32cubeide_1.7.0/stm32cubeide/plugins/com.st.stm32cube.ide.mcu.externaltools.gnu-tools-for-stm32.9-2020-q2-update.win32_2.0.0.202105311346/tools/bin/../lib/gcc/arm-none-eabi/9.3.1/../../../../arm-none-eabi/lib/thumb/v7-m/nofp\libc.a(lib_a-findfp.o)
 .text._cleanup_r
                0x0000000008006e6c        0xc c:/st/stm32cubeide_1.7.0/stm32cubeide/plugins/com.st.stm32cube.ide.mcu.externaltools.gnu-tools-for-stm32.9-2020-q2-update.win32_2.0.0.202105311346/tools/bin/../lib/gcc/arm-none-eabi/9.3.1/../../../../arm-none-eabi/lib/thumb/v7-m/nofp\libc.a(lib_a-findfp.o)
                0x0000000008006e6c                _cleanup_r
 .text.__sfp_lock_acquire
                0x0000000008006e78        0xc c:/st/stm32cubeide_1.7.0/stm32cubeide/plugins/com.st.stm32cube.ide.mcu.externaltools.gnu-tools-for-stm32.9-2020-q2-update.win32_2.0.0.202105311346/tools/bin/../lib/gcc/arm-none-eabi/9.3.1/../../../../arm-none-eabi/lib/thumb/v7-m/nofp\libc.a(lib_a-findfp.o)
                0x0000000008006e78                __sfp_lock_acquire
 .text.__sfp_lock_release
                0x0000000008006e84        0xc c:/st/stm32cubeide_1.7.0/stm32cubeide/plugins/com.st.stm32cube.ide.mcu.externaltools.gnu-tools-for-stm32.9-2020-q2-update.win32_2.0.0.202105311346/tools/bin/../lib/gcc/arm-none-eabi/9.3.1/../../../../arm-none-eabi/lib/thumb/v7-m/nofp\libc.a(lib_a-findfp.o)
                0x0000000008006e84                __sfp_lock_release
 .text.__sinit_lock_acquire
                0x0000000008006e90        0xc c:/st/stm32cubeide_1.7.0/stm32cubeide/plugins/com.st.stm32cube.ide.mcu.externaltools.gnu-tools-for-stm32.9-2020-q2-update.win32_2.0.0.202105311346/tools/bin/../lib/gcc/arm-none-eabi/9.3.1/../../../../arm-none-eabi/lib/thumb/v7-m/nofp\libc.a(lib_a-findfp.o)
                0x0000000008006e90                __sinit_lock_acquire
 .text.__sinit_lock_release
                0x0000000008006e9c        0xc c:/st/stm32cubeide_1.7.0/stm32cubeide/plugins/com.st.stm32cube.ide.mcu.externaltools.gnu-tools-for-stm32.9-2020-q2-update.win32_2.0.0.202105311346/tools/bin/../lib/gcc/arm-none-eabi/9.3.1/../../../../arm-none-eabi/lib/thumb/v7-m/nofp\libc.a(lib_a-findfp.o)
                0x0000000008006e9c                __sinit_lock_release
 .text.__sinit  0x0000000008006ea8       0x50 c:/st/stm32cubeide_1.7.0/stm32cubeide/plugins/com.st.stm32cube.ide.mcu.externaltools.gnu-tools-for-stm32.9-2020-q2-update.win32_2.0.0.202105311346/tools/bin/../lib/gcc/arm-none-eabi/9.3.1/../../../../arm-none-eabi/lib/thumb/v7-m/nofp\libc.a(lib_a-findfp.o)
                0x0000000008006ea8                __sinit
 .text.__libc_fini_array
                0x0000000008006ef8       0x28 c:/st/stm32cubeide_1.7.0/stm32cubeide/plugins/com.st.stm32cube.ide.mcu.externaltools.gnu-tools-for-stm32.9-2020-q2-update.win32_2.0.0.202105311346/tools/bin/../lib/gcc/arm-none-eabi/9.3.1/../../../../arm-none-eabi/lib/thumb/v7-m/nofp\libc.a(lib_a-fini.o)
                0x0000000008006ef8                __libc_fini_array
 .text._malloc_trim_r
                0x0000000008006f20       0xa8 c:/st/stm32cubeide_1.7.0/stm32cubeide/plugins/com.st.stm32cube.ide.mcu.externaltools.gnu-tools-for-stm32.9-2020-q2-update.win32_2.0.0.202105311346/tools/bin/../lib/gcc/arm-none-eabi/9.3.1/../../../../arm-none-eabi/lib/thumb/v7-m/nofp\libc.a(lib_a-freer.o)
                0x0000000008006f20                _malloc_trim_r
 .text._free_r  0x0000000008006fc8      0x180 c:/st/stm32cubeide_1.7.0/stm32cubeide/plugins/com.st.stm32cube.ide.mcu.externaltools.gnu-tools-for-stm32.9-2020-q2-update.win32_2.0.0.202105311346/tools/bin/../lib/gcc/arm-none-eabi/9.3.1/../../../../arm-none-eabi/lib/thumb/v7-m/nofp\libc.a(lib_a-freer.o)
                0x0000000008006fc8                _free_r
 .text._fwalk_reent
                0x0000000008007148       0x3e c:/st/stm32cubeide_1.7.0/stm32cubeide/plugins/com.st.stm32cube.ide.mcu.externaltools.gnu-tools-for-stm32.9-2020-q2-update.win32_2.0.0.202105311346/tools/bin/../lib/gcc/arm-none-eabi/9.3.1/../../../../arm-none-eabi/lib/thumb/v7-m/nofp\libc.a(lib_a-fwalk.o)
                0x0000000008007148                _fwalk_reent
 *fill*         0x0000000008007186        0x2 
 .text._localeconv_r
                0x0000000008007188        0x8 c:/st/stm32cubeide_1.7.0/stm32cubeide/plugins/com.st.stm32cube.ide.mcu.externaltools.gnu-tools-for-stm32.9-2020-q2-update.win32_2.0.0.202105311346/tools/bin/../lib/gcc/arm-none-eabi/9.3.1/../../../../arm-none-eabi/lib/thumb/v7-m/nofp\libc.a(lib_a-localeconv.o)
                0x0000000008007188                _localeconv_r
 .text.__retarget_lock_init_recursive
                0x0000000008007190        0x2 c:/st/stm32cubeide_1.7.0/stm32cubeide/plugins/com.st.stm32cube.ide.mcu.externaltools.gnu-tools-for-stm32.9-2020-q2-update.win32_2.0.0.202105311346/tools/bin/../lib/gcc/arm-none-eabi/9.3.1/../../../../arm-none-eabi/lib/thumb/v7-m/nofp\libc.a(lib_a-lock.o)
                0x0000000008007190                __retarget_lock_init_recursive
 .text.__retarget_lock_close_recursive
                0x0000000008007192        0x2 c:/st/stm32cubeide_1.7.0/stm32cubeide/plugins/com.st.stm32cube.ide.mcu.externaltools.gnu-tools-for-stm32.9-2020-q2-update.win32_2.0.0.202105311346/tools/bin/../lib/gcc/arm-none-eabi/9.3.1/../../../../arm-none-eabi/lib/thumb/v7-m/nofp\libc.a(lib_a-lock.o)
                0x0000000008007192                __retarget_lock_close_recursive
 .text.__retarget_lock_acquire_recursive
                0x0000000008007194        0x2 c:/st/stm32cubeide_1.7.0/stm32cubeide/plugins/com.st.stm32cube.ide.mcu.externaltools.gnu-tools-for-stm32.9-2020-q2-update.win32_2.0.0.202105311346/tools/bin/../lib/gcc/arm-none-eabi/9.3.1/../../../../arm-none-eabi/lib/thumb/v7-m/nofp\libc.a(lib_a-lock.o)
                0x0000000008007194                __retarget_lock_acquire_recursive
 .text.__retarget_lock_release_recursive
                0x0000000008007196        0x2 c:/st/stm32cubeide_1.7.0/stm32cubeide/plugins/com.st.stm32cube.ide.mcu.externaltools.gnu-tools-for-stm32.9-2020-q2-update.win32_2.0.0.202105311346/tools/bin/../lib/gcc/arm-none-eabi/9.3.1/../../../../arm-none-eabi/lib/thumb/v7-m/nofp\libc.a(lib_a-lock.o)
                0x0000000008007196                __retarget_lock_release_recursive
 .text.__swhatbuf_r
                0x0000000008007198       0x56 c:/st/stm32cubeide_1.7.0/stm32cubeide/plugins/com.st.stm32cube.ide.mcu.externaltools.gnu-tools-for-stm32.9-2020-q2-update.win32_2.0.0.202105311346/tools/bin/../lib/gcc/arm-none-eabi/9.3.1/../../../../arm-none-eabi/lib/thumb/v7-m/nofp\libc.a(lib_a-makebuf.o)
                0x0000000008007198                __swhatbuf_r
 *fill*         0x00000000080071ee        0x2 
 .text.__smakebuf_r
                0x00000000080071f0       0x80 c:/st/stm32cubeide_1.7.0/stm32cubeide/plugins/com.st.stm32cube.ide.mcu.externaltools.gnu-tools-for-stm32.9-2020-q2-update.win32_2.0.0.202105311346/tools/bin/../lib/gcc/arm-none-eabi/9.3.1/../../../../arm-none-eabi/lib/thumb/v7-m/nofp\libc.a(lib_a-makebuf.o)
                0x00000000080071f0                __smakebuf_r
 .text.memchr   0x0000000008007270       0x1c c:/st/stm32cubeide_1.7.0/stm32cubeide/plugins/com.st.stm32cube.ide.mcu.externaltools.gnu-tools-for-stm32.9-2020-q2-update.win32_2.0.0.202105311346/tools/bin/../lib/gcc/arm-none-eabi/9.3.1/../../../../arm-none-eabi/lib/thumb/v7-m/nofp\libc.a(lib_a-memchr-stub.o)
                0x0000000008007270                memchr
 .text.memcpy   0x000000000800728c       0x1c c:/st/stm32cubeide_1.7.0/stm32cubeide/plugins/com.st.stm32cube.ide.mcu.externaltools.gnu-tools-for-stm32.9-2020-q2-update.win32_2.0.0.202105311346/tools/bin/../lib/gcc/arm-none-eabi/9.3.1/../../../../arm-none-eabi/lib/thumb/v7-m/nofp\libc.a(lib_a-memcpy-stub.o)
                0x000000000800728c                memcpy
 .text._Balloc  0x00000000080072a8       0x4a c:/st/stm32cubeide_1.7.0/stm32cubeide/plugins/com.st.stm32cube.ide.mcu.externaltools.gnu-tools-for-stm32.9-2020-q2-update.win32_2.0.0.202105311346/tools/bin/../lib/gcc/arm-none-eabi/9.3.1/../../../../arm-none-eabi/lib/thumb/v7-m/nofp\libc.a(lib_a-mprec.o)
                0x00000000080072a8                _Balloc
 .text._Bfree   0x00000000080072f2       0x12 c:/st/stm32cubeide_1.7.0/stm32cubeide/plugins/com.st.stm32cube.ide.mcu.externaltools.gnu-tools-for-stm32.9-2020-q2-update.win32_2.0.0.202105311346/tools/bin/../lib/gcc/arm-none-eabi/9.3.1/../../../../arm-none-eabi/lib/thumb/v7-m/nofp\libc.a(lib_a-mprec.o)
                0x00000000080072f2                _Bfree
 .text.__multadd
                0x0000000008007304       0x94 c:/st/stm32cubeide_1.7.0/stm32cubeide/plugins/com.st.stm32cube.ide.mcu.externaltools.gnu-tools-for-stm32.9-2020-q2-update.win32_2.0.0.202105311346/tools/bin/../lib/gcc/arm-none-eabi/9.3.1/../../../../arm-none-eabi/lib/thumb/v7-m/nofp\libc.a(lib_a-mprec.o)
                0x0000000008007304                __multadd
 .text.__hi0bits
                0x0000000008007398       0x40 c:/st/stm32cubeide_1.7.0/stm32cubeide/plugins/com.st.stm32cube.ide.mcu.externaltools.gnu-tools-for-stm32.9-2020-q2-update.win32_2.0.0.202105311346/tools/bin/../lib/gcc/arm-none-eabi/9.3.1/../../../../arm-none-eabi/lib/thumb/v7-m/nofp\libc.a(lib_a-mprec.o)
                0x0000000008007398                __hi0bits
 .text.__lo0bits
                0x00000000080073d8       0x5c c:/st/stm32cubeide_1.7.0/stm32cubeide/plugins/com.st.stm32cube.ide.mcu.externaltools.gnu-tools-for-stm32.9-2020-q2-update.win32_2.0.0.202105311346/tools/bin/../lib/gcc/arm-none-eabi/9.3.1/../../../../arm-none-eabi/lib/thumb/v7-m/nofp\libc.a(lib_a-mprec.o)
                0x00000000080073d8                __lo0bits
 .text.__i2b    0x0000000008007434       0x2c c:/st/stm32cubeide_1.7.0/stm32cubeide/plugins/com.st.stm32cube.ide.mcu.externaltools.gnu-tools-for-stm32.9-2020-q2-update.win32_2.0.0.202105311346/tools/bin/../lib/gcc/arm-none-eabi/9.3.1/../../../../arm-none-eabi/lib/thumb/v7-m/nofp\libc.a(lib_a-mprec.o)
                0x0000000008007434                __i2b
 .text.__multiply
                0x0000000008007460      0x148 c:/st/stm32cubeide_1.7.0/stm32cubeide/plugins/com.st.stm32cube.ide.mcu.externaltools.gnu-tools-for-stm32.9-2020-q2-update.win32_2.0.0.202105311346/tools/bin/../lib/gcc/arm-none-eabi/9.3.1/../../../../arm-none-eabi/lib/thumb/v7-m/nofp\libc.a(lib_a-mprec.o)
                0x0000000008007460                __multiply
 .text.__pow5mult
                0x00000000080075a8       0x80 c:/st/stm32cubeide_1.7.0/stm32cubeide/plugins/com.st.stm32cube.ide.mcu.externaltools.gnu-tools-for-stm32.9-2020-q2-update.win32_2.0.0.202105311346/tools/bin/../lib/gcc/arm-none-eabi/9.3.1/../../../../arm-none-eabi/lib/thumb/v7-m/nofp\libc.a(lib_a-mprec.o)
                0x00000000080075a8                __pow5mult
 .text.__lshift
                0x0000000008007628       0xd8 c:/st/stm32cubeide_1.7.0/stm32cubeide/plugins/com.st.stm32cube.ide.mcu.externaltools.gnu-tools-for-stm32.9-2020-q2-update.win32_2.0.0.202105311346/tools/bin/../lib/gcc/arm-none-eabi/9.3.1/../../../../arm-none-eabi/lib/thumb/v7-m/nofp\libc.a(lib_a-mprec.o)
                0x0000000008007628                __lshift
 .text.__mcmp   0x0000000008007700       0x36 c:/st/stm32cubeide_1.7.0/stm32cubeide/plugins/com.st.stm32cube.ide.mcu.externaltools.gnu-tools-for-stm32.9-2020-q2-update.win32_2.0.0.202105311346/tools/bin/../lib/gcc/arm-none-eabi/9.3.1/../../../../arm-none-eabi/lib/thumb/v7-m/nofp\libc.a(lib_a-mprec.o)
                0x0000000008007700                __mcmp
 *fill*         0x0000000008007736        0x2 
 .text.__mdiff  0x0000000008007738      0x120 c:/st/stm32cubeide_1.7.0/stm32cubeide/plugins/com.st.stm32cube.ide.mcu.externaltools.gnu-tools-for-stm32.9-2020-q2-update.win32_2.0.0.202105311346/tools/bin/../lib/gcc/arm-none-eabi/9.3.1/../../../../arm-none-eabi/lib/thumb/v7-m/nofp\libc.a(lib_a-mprec.o)
                0x0000000008007738                __mdiff
 .text.__d2b    0x0000000008007858       0xb8 c:/st/stm32cubeide_1.7.0/stm32cubeide/plugins/com.st.stm32cube.ide.mcu.externaltools.gnu-tools-for-stm32.9-2020-q2-update.win32_2.0.0.202105311346/tools/bin/../lib/gcc/arm-none-eabi/9.3.1/../../../../arm-none-eabi/lib/thumb/v7-m/nofp\libc.a(lib_a-mprec.o)
                0x0000000008007858                __d2b
 .text.frexp    0x0000000008007910       0x68 c:/st/stm32cubeide_1.7.0/stm32cubeide/plugins/com.st.stm32cube.ide.mcu.externaltools.gnu-tools-for-stm32.9-2020-q2-update.win32_2.0.0.202105311346/tools/bin/../lib/gcc/arm-none-eabi/9.3.1/../../../../arm-none-eabi/lib/thumb/v7-m/nofp\libc.a(lib_a-s_frexp.o)
                0x0000000008007910                frexp
 .text.__sread  0x0000000008007978       0x22 c:/st/stm32cubeide_1.7.0/stm32cubeide/plugins/com.st.stm32cube.ide.mcu.externaltools.gnu-tools-for-stm32.9-2020-q2-update.win32_2.0.0.202105311346/tools/bin/../lib/gcc/arm-none-eabi/9.3.1/../../../../arm-none-eabi/lib/thumb/v7-m/nofp\libc.a(lib_a-stdio.o)
                0x0000000008007978                __sread
 .text.__swrite
                0x000000000800799a       0x38 c:/st/stm32cubeide_1.7.0/stm32cubeide/plugins/com.st.stm32cube.ide.mcu.externaltools.gnu-tools-for-stm32.9-2020-q2-update.win32_2.0.0.202105311346/tools/bin/../lib/gcc/arm-none-eabi/9.3.1/../../../../arm-none-eabi/lib/thumb/v7-m/nofp\libc.a(lib_a-stdio.o)
                0x000000000800799a                __swrite
 .text.__sseek  0x00000000080079d2       0x24 c:/st/stm32cubeide_1.7.0/stm32cubeide/plugins/com.st.stm32cube.ide.mcu.externaltools.gnu-tools-for-stm32.9-2020-q2-update.win32_2.0.0.202105311346/tools/bin/../lib/gcc/arm-none-eabi/9.3.1/../../../../arm-none-eabi/lib/thumb/v7-m/nofp\libc.a(lib_a-stdio.o)
                0x00000000080079d2                __sseek
 .text.__sclose
                0x00000000080079f6        0x8 c:/st/stm32cubeide_1.7.0/stm32cubeide/plugins/com.st.stm32cube.ide.mcu.externaltools.gnu-tools-for-stm32.9-2020-q2-update.win32_2.0.0.202105311346/tools/bin/../lib/gcc/arm-none-eabi/9.3.1/../../../../arm-none-eabi/lib/thumb/v7-m/nofp\libc.a(lib_a-stdio.o)
                0x00000000080079f6                __sclose
 .text.strncpy  0x00000000080079fe       0x26 c:/st/stm32cubeide_1.7.0/stm32cubeide/plugins/com.st.stm32cube.ide.mcu.externaltools.gnu-tools-for-stm32.9-2020-q2-update.win32_2.0.0.202105311346/tools/bin/../lib/gcc/arm-none-eabi/9.3.1/../../../../arm-none-eabi/lib/thumb/v7-m/nofp\libc.a(lib_a-strncpy.o)
                0x00000000080079fe                strncpy
 .text._svfprintf_r
                0x0000000008007a24     0x13ac c:/st/stm32cubeide_1.7.0/stm32cubeide/plugins/com.st.stm32cube.ide.mcu.externaltools.gnu-tools-for-stm32.9-2020-q2-update.win32_2.0.0.202105311346/tools/bin/../lib/gcc/arm-none-eabi/9.3.1/../../../../arm-none-eabi/lib/thumb/v7-m/nofp\libc.a(lib_a-svfprintf.o)
                0x0000000008007a24                _svfprintf_r
 .text.__sprint_r
                0x0000000008008dd0       0x64 c:/st/stm32cubeide_1.7.0/stm32cubeide/plugins/com.st.stm32cube.ide.mcu.externaltools.gnu-tools-for-stm32.9-2020-q2-update.win32_2.0.0.202105311346/tools/bin/../lib/gcc/arm-none-eabi/9.3.1/../../../../arm-none-eabi/lib/thumb/v7-m/nofp\libc.a(lib_a-vfiprintf.o)
                0x0000000008008dd0                __sprint_r
 .text._vfiprintf_r
                0x0000000008008e34      0x900 c:/st/stm32cubeide_1.7.0/stm32cubeide/plugins/com.st.stm32cube.ide.mcu.externaltools.gnu-tools-for-stm32.9-2020-q2-update.win32_2.0.0.202105311346/tools/bin/../lib/gcc/arm-none-eabi/9.3.1/../../../../arm-none-eabi/lib/thumb/v7-m/nofp\libc.a(lib_a-vfiprintf.o)
                0x0000000008008e34                _vfiprintf_r
 .text.__sbprintf
                0x0000000008009734       0x80 c:/st/stm32cubeide_1.7.0/stm32cubeide/plugins/com.st.stm32cube.ide.mcu.externaltools.gnu-tools-for-stm32.9-2020-q2-update.win32_2.0.0.202105311346/tools/bin/../lib/gcc/arm-none-eabi/9.3.1/../../../../arm-none-eabi/lib/thumb/v7-m/nofp\libc.a(lib_a-vfiprintf.o)
 .text._write_r
                0x00000000080097b4       0x24 c:/st/stm32cubeide_1.7.0/stm32cubeide/plugins/com.st.stm32cube.ide.mcu.externaltools.gnu-tools-for-stm32.9-2020-q2-update.win32_2.0.0.202105311346/tools/bin/../lib/gcc/arm-none-eabi/9.3.1/../../../../arm-none-eabi/lib/thumb/v7-m/nofp\libc.a(lib_a-writer.o)
                0x00000000080097b4                _write_r
 .text.__register_exitproc
                0x00000000080097d8       0x80 c:/st/stm32cubeide_1.7.0/stm32cubeide/plugins/com.st.stm32cube.ide.mcu.externaltools.gnu-tools-for-stm32.9-2020-q2-update.win32_2.0.0.202105311346/tools/bin/../lib/gcc/arm-none-eabi/9.3.1/../../../../arm-none-eabi/lib/thumb/v7-m/nofp\libc.a(lib_a-__atexit.o)
                0x00000000080097d8                __register_exitproc
 .text.__assert_func
                0x0000000008009858       0x3c c:/st/stm32cubeide_1.7.0/stm32cubeide/plugins/com.st.stm32cube.ide.mcu.externaltools.gnu-tools-for-stm32.9-2020-q2-update.win32_2.0.0.202105311346/tools/bin/../lib/gcc/arm-none-eabi/9.3.1/../../../../arm-none-eabi/lib/thumb/v7-m/nofp\libc.a(lib_a-assert.o)
                0x0000000008009858                __assert_func
 .text._calloc_r
                0x0000000008009894       0x5a c:/st/stm32cubeide_1.7.0/stm32cubeide/plugins/com.st.stm32cube.ide.mcu.externaltools.gnu-tools-for-stm32.9-2020-q2-update.win32_2.0.0.202105311346/tools/bin/../lib/gcc/arm-none-eabi/9.3.1/../../../../arm-none-eabi/lib/thumb/v7-m/nofp\libc.a(lib_a-callocr.o)
                0x0000000008009894                _calloc_r
 *fill*         0x00000000080098ee        0x2 
 .text._close_r
                0x00000000080098f0       0x20 c:/st/stm32cubeide_1.7.0/stm32cubeide/plugins/com.st.stm32cube.ide.mcu.externaltools.gnu-tools-for-stm32.9-2020-q2-update.win32_2.0.0.202105311346/tools/bin/../lib/gcc/arm-none-eabi/9.3.1/../../../../arm-none-eabi/lib/thumb/v7-m/nofp\libc.a(lib_a-closer.o)
                0x00000000080098f0                _close_r
 .text._fclose_r
                0x0000000008009910       0xae c:/st/stm32cubeide_1.7.0/stm32cubeide/plugins/com.st.stm32cube.ide.mcu.externaltools.gnu-tools-for-stm32.9-2020-q2-update.win32_2.0.0.202105311346/tools/bin/../lib/gcc/arm-none-eabi/9.3.1/../../../../arm-none-eabi/lib/thumb/v7-m/nofp\libc.a(lib_a-fclose.o)
                0x0000000008009910                _fclose_r
 *fill*         0x00000000080099be        0x2 
 .text.fiprintf
                0x00000000080099c0       0x24 c:/st/stm32cubeide_1.7.0/stm32cubeide/plugins/com.st.stm32cube.ide.mcu.externaltools.gnu-tools-for-stm32.9-2020-q2-update.win32_2.0.0.202105311346/tools/bin/../lib/gcc/arm-none-eabi/9.3.1/../../../../arm-none-eabi/lib/thumb/v7-m/nofp\libc.a(lib_a-fiprintf.o)
                0x00000000080099c0                fiprintf
 .text.__fputwc
                0x00000000080099e4       0x82 c:/st/stm32cubeide_1.7.0/stm32cubeide/plugins/com.st.stm32cube.ide.mcu.externaltools.gnu-tools-for-stm32.9-2020-q2-update.win32_2.0.0.202105311346/tools/bin/../lib/gcc/arm-none-eabi/9.3.1/../../../../arm-none-eabi/lib/thumb/v7-m/nofp\libc.a(lib_a-fputwc.o)
                0x00000000080099e4                __fputwc
 .text._fputwc_r
                0x0000000008009a66       0x52 c:/st/stm32cubeide_1.7.0/stm32cubeide/plugins/com.st.stm32cube.ide.mcu.externaltools.gnu-tools-for-stm32.9-2020-q2-update.win32_2.0.0.202105311346/tools/bin/../lib/gcc/arm-none-eabi/9.3.1/../../../../arm-none-eabi/lib/thumb/v7-m/nofp\libc.a(lib_a-fputwc.o)
                0x0000000008009a66                _fputwc_r
 .text._fstat_r
                0x0000000008009ab8       0x24 c:/st/stm32cubeide_1.7.0/stm32cubeide/plugins/com.st.stm32cube.ide.mcu.externaltools.gnu-tools-for-stm32.9-2020-q2-update.win32_2.0.0.202105311346/tools/bin/../lib/gcc/arm-none-eabi/9.3.1/../../../../arm-none-eabi/lib/thumb/v7-m/nofp\libc.a(lib_a-fstatr.o)
                0x0000000008009ab8                _fstat_r
 .text.__sfvwrite_r
                0x0000000008009adc      0x294 c:/st/stm32cubeide_1.7.0/stm32cubeide/plugins/com.st.stm32cube.ide.mcu.externaltools.gnu-tools-for-stm32.9-2020-q2-update.win32_2.0.0.202105311346/tools/bin/../lib/gcc/arm-none-eabi/9.3.1/../../../../arm-none-eabi/lib/thumb/v7-m/nofp\libc.a(lib_a-fvwrite.o)
                0x0000000008009adc                __sfvwrite_r
 .text._isatty_r
                0x0000000008009d70       0x20 c:/st/stm32cubeide_1.7.0/stm32cubeide/plugins/com.st.stm32cube.ide.mcu.externaltools.gnu-tools-for-stm32.9-2020-q2-update.win32_2.0.0.202105311346/tools/bin/../lib/gcc/arm-none-eabi/9.3.1/../../../../arm-none-eabi/lib/thumb/v7-m/nofp\libc.a(lib_a-isattyr.o)
                0x0000000008009d70                _isatty_r
 .text.__locale_mb_cur_max
                0x0000000008009d90        0xc c:/st/stm32cubeide_1.7.0/stm32cubeide/plugins/com.st.stm32cube.ide.mcu.externaltools.gnu-tools-for-stm32.9-2020-q2-update.win32_2.0.0.202105311346/tools/bin/../lib/gcc/arm-none-eabi/9.3.1/../../../../arm-none-eabi/lib/thumb/v7-m/nofp\libc.a(lib_a-locale.o)
                0x0000000008009d90                __locale_mb_cur_max
 .text._lseek_r
                0x0000000008009d9c       0x24 c:/st/stm32cubeide_1.7.0/stm32cubeide/plugins/com.st.stm32cube.ide.mcu.externaltools.gnu-tools-for-stm32.9-2020-q2-update.win32_2.0.0.202105311346/tools/bin/../lib/gcc/arm-none-eabi/9.3.1/../../../../arm-none-eabi/lib/thumb/v7-m/nofp\libc.a(lib_a-lseekr.o)
                0x0000000008009d9c                _lseek_r
 .text.__ascii_mbtowc
                0x0000000008009dc0       0x24 c:/st/stm32cubeide_1.7.0/stm32cubeide/plugins/com.st.stm32cube.ide.mcu.externaltools.gnu-tools-for-stm32.9-2020-q2-update.win32_2.0.0.202105311346/tools/bin/../lib/gcc/arm-none-eabi/9.3.1/../../../../arm-none-eabi/lib/thumb/v7-m/nofp\libc.a(lib_a-mbtowc_r.o)
                0x0000000008009dc0                __ascii_mbtowc
 .text.memmove  0x0000000008009de4       0x34 c:/st/stm32cubeide_1.7.0/stm32cubeide/plugins/com.st.stm32cube.ide.mcu.externaltools.gnu-tools-for-stm32.9-2020-q2-update.win32_2.0.0.202105311346/tools/bin/../lib/gcc/arm-none-eabi/9.3.1/../../../../arm-none-eabi/lib/thumb/v7-m/nofp\libc.a(lib_a-memmove.o)
                0x0000000008009de4                memmove
 .text._read_r  0x0000000008009e18       0x24 c:/st/stm32cubeide_1.7.0/stm32cubeide/plugins/com.st.stm32cube.ide.mcu.externaltools.gnu-tools-for-stm32.9-2020-q2-update.win32_2.0.0.202105311346/tools/bin/../lib/gcc/arm-none-eabi/9.3.1/../../../../arm-none-eabi/lib/thumb/v7-m/nofp\libc.a(lib_a-readr.o)
                0x0000000008009e18                _read_r
 .text._realloc_r
                0x0000000008009e3c      0x354 c:/st/stm32cubeide_1.7.0/stm32cubeide/plugins/com.st.stm32cube.ide.mcu.externaltools.gnu-tools-for-stm32.9-2020-q2-update.win32_2.0.0.202105311346/tools/bin/../lib/gcc/arm-none-eabi/9.3.1/../../../../arm-none-eabi/lib/thumb/v7-m/nofp\libc.a(lib_a-reallocr.o)
                0x0000000008009e3c                _realloc_r
 .text.__ssprint_r
                0x000000000800a190       0xf6 c:/st/stm32cubeide_1.7.0/stm32cubeide/plugins/com.st.stm32cube.ide.mcu.externaltools.gnu-tools-for-stm32.9-2020-q2-update.win32_2.0.0.202105311346/tools/bin/../lib/gcc/arm-none-eabi/9.3.1/../../../../arm-none-eabi/lib/thumb/v7-m/nofp\libc.a(lib_a-svfiprintf.o)
                0x000000000800a190                __ssprint_r
 .text.__swbuf_r
                0x000000000800a286       0x92 c:/st/stm32cubeide_1.7.0/stm32cubeide/plugins/com.st.stm32cube.ide.mcu.externaltools.gnu-tools-for-stm32.9-2020-q2-update.win32_2.0.0.202105311346/tools/bin/../lib/gcc/arm-none-eabi/9.3.1/../../../../arm-none-eabi/lib/thumb/v7-m/nofp\libc.a(lib_a-wbuf.o)
                0x000000000800a286                __swbuf_r
 .text._wcrtomb_r
                0x000000000800a318       0x2c c:/st/stm32cubeide_1.7.0/stm32cubeide/plugins/com.st.stm32cube.ide.mcu.externaltools.gnu-tools-for-stm32.9-2020-q2-update.win32_2.0.0.202105311346/tools/bin/../lib/gcc/arm-none-eabi/9.3.1/../../../../arm-none-eabi/lib/thumb/v7-m/nofp\libc.a(lib_a-wcrtomb.o)
                0x000000000800a318                _wcrtomb_r
 .text.__ascii_wctomb
                0x000000000800a344       0x1a c:/st/stm32cubeide_1.7.0/stm32cubeide/plugins/com.st.stm32cube.ide.mcu.externaltools.gnu-tools-for-stm32.9-2020-q2-update.win32_2.0.0.202105311346/tools/bin/../lib/gcc/arm-none-eabi/9.3.1/../../../../arm-none-eabi/lib/thumb/v7-m/nofp\libc.a(lib_a-wctomb_r.o)
                0x000000000800a344                __ascii_wctomb
 .text.abort    0x000000000800a35e        0xe c:/st/stm32cubeide_1.7.0/stm32cubeide/plugins/com.st.stm32cube.ide.mcu.externaltools.gnu-tools-for-stm32.9-2020-q2-update.win32_2.0.0.202105311346/tools/bin/../lib/gcc/arm-none-eabi/9.3.1/../../../../arm-none-eabi/lib/thumb/v7-m/nofp\libc.a(lib_a-abort.o)
                0x000000000800a35e                abort
 .text._raise_r
                0x000000000800a36c       0x52 c:/st/stm32cubeide_1.7.0/stm32cubeide/plugins/com.st.stm32cube.ide.mcu.externaltools.gnu-tools-for-stm32.9-2020-q2-update.win32_2.0.0.202105311346/tools/bin/../lib/gcc/arm-none-eabi/9.3.1/../../../../arm-none-eabi/lib/thumb/v7-m/nofp\libc.a(lib_a-signal.o)
                0x000000000800a36c                _raise_r
 *fill*         0x000000000800a3be        0x2 
 .text.raise    0x000000000800a3c0       0x10 c:/st/stm32cubeide_1.7.0/stm32cubeide/plugins/com.st.stm32cube.ide.mcu.externaltools.gnu-tools-for-stm32.9-2020-q2-update.win32_2.0.0.202105311346/tools/bin/../lib/gcc/arm-none-eabi/9.3.1/../../../../arm-none-eabi/lib/thumb/v7-m/nofp\libc.a(lib_a-signal.o)
                0x000000000800a3c0                raise
 .text._kill_r  0x000000000800a3d0       0x24 c:/st/stm32cubeide_1.7.0/stm32cubeide/plugins/com.st.stm32cube.ide.mcu.externaltools.gnu-tools-for-stm32.9-2020-q2-update.win32_2.0.0.202105311346/tools/bin/../lib/gcc/arm-none-eabi/9.3.1/../../../../arm-none-eabi/lib/thumb/v7-m/nofp\libc.a(lib_a-signalr.o)
                0x000000000800a3d0                _kill_r
 .text._getpid_r
                0x000000000800a3f4        0x4 c:/st/stm32cubeide_1.7.0/stm32cubeide/plugins/com.st.stm32cube.ide.mcu.externaltools.gnu-tools-for-stm32.9-2020-q2-update.win32_2.0.0.202105311346/tools/bin/../lib/gcc/arm-none-eabi/9.3.1/../../../../arm-none-eabi/lib/thumb/v7-m/nofp\libc.a(lib_a-signalr.o)
                0x000000000800a3f4                _getpid_r
 .text.findslot
                0x000000000800a3f8       0x34 c:/st/stm32cubeide_1.7.0/stm32cubeide/plugins/com.st.stm32cube.ide.mcu.externaltools.gnu-tools-for-stm32.9-2020-q2-update.win32_2.0.0.202105311346/tools/bin/../lib/gcc/arm-none-eabi/9.3.1/../../../../arm-none-eabi/lib/thumb/v7-m/nofp\librdimon.a(rdimon-syscalls.o)
 .text.checkerror
                0x000000000800a42c       0x20 c:/st/stm32cubeide_1.7.0/stm32cubeide/plugins/com.st.stm32cube.ide.mcu.externaltools.gnu-tools-for-stm32.9-2020-q2-update.win32_2.0.0.202105311346/tools/bin/../lib/gcc/arm-none-eabi/9.3.1/../../../../arm-none-eabi/lib/thumb/v7-m/nofp\librdimon.a(rdimon-syscalls.o)
 .text._swilseek
                0x000000000800a44c       0x78 c:/st/stm32cubeide_1.7.0/stm32cubeide/plugins/com.st.stm32cube.ide.mcu.externaltools.gnu-tools-for-stm32.9-2020-q2-update.win32_2.0.0.202105311346/tools/bin/../lib/gcc/arm-none-eabi/9.3.1/../../../../arm-none-eabi/lib/thumb/v7-m/nofp\librdimon.a(rdimon-syscalls.o)
                0x000000000800a44c                _swilseek
 .text._lseek   0x000000000800a4c4        0x4 c:/st/stm32cubeide_1.7.0/stm32cubeide/plugins/com.st.stm32cube.ide.mcu.externaltools.gnu-tools-for-stm32.9-2020-q2-update.win32_2.0.0.202105311346/tools/bin/../lib/gcc/arm-none-eabi/9.3.1/../../../../arm-none-eabi/lib/thumb/v7-m/nofp\librdimon.a(rdimon-syscalls.o)
                0x000000000800a4c4                _lseek
 .text._swiclose
                0x000000000800a4c8       0x1a c:/st/stm32cubeide_1.7.0/stm32cubeide/plugins/com.st.stm32cube.ide.mcu.externaltools.gnu-tools-for-stm32.9-2020-q2-update.win32_2.0.0.202105311346/tools/bin/../lib/gcc/arm-none-eabi/9.3.1/../../../../arm-none-eabi/lib/thumb/v7-m/nofp\librdimon.a(rdimon-syscalls.o)
                0x000000000800a4c8                _swiclose
 *fill*         0x000000000800a4e2        0x2 
 .text._close   0x000000000800a4e4       0x4c c:/st/stm32cubeide_1.7.0/stm32cubeide/plugins/com.st.stm32cube.ide.mcu.externaltools.gnu-tools-for-stm32.9-2020-q2-update.win32_2.0.0.202105311346/tools/bin/../lib/gcc/arm-none-eabi/9.3.1/../../../../arm-none-eabi/lib/thumb/v7-m/nofp\librdimon.a(rdimon-syscalls.o)
                0x000000000800a4e4                _close
 .text._isatty  0x000000000800a530       0x38 c:/st/stm32cubeide_1.7.0/stm32cubeide/plugins/com.st.stm32cube.ide.mcu.externaltools.gnu-tools-for-stm32.9-2020-q2-update.win32_2.0.0.202105311346/tools/bin/../lib/gcc/arm-none-eabi/9.3.1/../../../../arm-none-eabi/lib/thumb/v7-m/nofp\librdimon.a(rdimon-syscalls.o)
                0x000000000800a530                _isatty
 *(.glue_7)
 .glue_7        0x000000000800a568        0x0 linker stubs
 *(.glue_7t)
 .glue_7t       0x000000000800a568        0x0 linker stubs
 *(.eh_frame)
 .eh_frame      0x000000000800a568        0x0 c:/st/stm32cubeide_1.7.0/stm32cubeide/plugins/com.st.stm32cube.ide.mcu.externaltools.gnu-tools-for-stm32.9-2020-q2-update.win32_2.0.0.202105311346/tools/bin/../lib/gcc/arm-none-eabi/9.3.1/thumb/v7-m/nofp/crtbegin.o
 *(.init)
 .init          0x000000000800a568        0x4 c:/st/stm32cubeide_1.7.0/stm32cubeide/plugins/com.st.stm32cube.ide.mcu.externaltools.gnu-tools-for-stm32.9-2020-q2-update.win32_2.0.0.202105311346/tools/bin/../lib/gcc/arm-none-eabi/9.3.1/thumb/v7-m/nofp/crti.o
                0x000000000800a568                _init
 .init          0x000000000800a56c        0x8 c:/st/stm32cubeide_1.7.0/stm32cubeide/plugins/com.st.stm32cube.ide.mcu.externaltools.gnu-tools-for-stm32.9-2020-q2-update.win32_2.0.0.202105311346/tools/bin/../lib/gcc/arm-none-eabi/9.3.1/thumb/v7-m/nofp/crtn.o
 *(.fini)
 .fini          0x000000000800a574        0x4 c:/st/stm32cubeide_1.7.0/stm32cubeide/plugins/com.st.stm32cube.ide.mcu.externaltools.gnu-tools-for-stm32.9-2020-q2-update.win32_2.0.0.202105311346/tools/bin/../lib/gcc/arm-none-eabi/9.3.1/thumb/v7-m/nofp/crti.o
                0x000000000800a574                _fini
 .fini          0x000000000800a578        0x8 c:/st/stm32cubeide_1.7.0/stm32cubeide/plugins/com.st.stm32cube.ide.mcu.externaltools.gnu-tools-for-stm32.9-2020-q2-update.win32_2.0.0.202105311346/tools/bin/../lib/gcc/arm-none-eabi/9.3.1/thumb/v7-m/nofp/crtn.o
                0x000000000800a580                . = ALIGN (0x4)
                0x000000000800a580                _etext = .

.vfp11_veneer   0x000000000800a580        0x0
 .vfp11_veneer  0x000000000800a580        0x0 linker stubs

.v4_bx          0x000000000800a580        0x0
 .v4_bx         0x000000000800a580        0x0 linker stubs

.iplt           0x000000000800a580        0x0
 .iplt          0x000000000800a580        0x0 c:/st/stm32cubeide_1.7.0/stm32cubeide/plugins/com.st.stm32cube.ide.mcu.externaltools.gnu-tools-for-stm32.9-2020-q2-update.win32_2.0.0.202105311346/tools/bin/../lib/gcc/arm-none-eabi/9.3.1/thumb/v7-m/nofp/crtbegin.o

.rodata         0x000000000800a580      0xabc
                0x000000000800a580                . = ALIGN (0x4)
 *(.rodata)
 .rodata        0x000000000800a580       0x93 ./appli/Tag_module/tag.o
 *fill*         0x000000000800a613        0x1 
 .rodata        0x000000000800a614       0x18 ./appli/main.o
 .rodata        0x000000000800a62c      0x18d ./lib/bsp/stm32f1_flash.o
 *fill*         0x000000000800a7b9        0x3 
 .rodata        0x000000000800a7bc      0x1e6 ./lib/bsp/stm32f1_sys.o
 *fill*         0x000000000800a9a2        0x2 
 .rodata        0x000000000800a9a4       0x61 ./lib/bsp/stm32f1_uart.o
 *fill*         0x000000000800aa05        0x3 
 .rodata        0x000000000800aa08      0x22a ./lib/bsp/stm32f1_weak_it.o
 *fill*         0x000000000800ac32        0x2 
 .rodata        0x000000000800ac34       0x10 ./lib/hal/src/stm32f1xx_hal_rcc.o
 *(.rodata*)
 .rodata.actionsTab
                0x000000000800ac44       0x1c ./appli/Tag_module/tag.o
 .rodata.nvic_irq_array
                0x000000000800ac60        0x3 ./lib/bsp/stm32f1_uart.o
 *fill*         0x000000000800ac63        0x1 
 .rodata.AHBPrescTable
                0x000000000800ac64       0x10 ./lib/bsp/system_stm32f1xx.o
                0x000000000800ac64                AHBPrescTable
 .rodata.APBPrescTable
                0x000000000800ac74        0x8 ./lib/bsp/system_stm32f1xx.o
                0x000000000800ac74                APBPrescTable
 .rodata._global_impure_ptr
                0x000000000800ac7c        0x4 c:/st/stm32cubeide_1.7.0/stm32cubeide/plugins/com.st.stm32cube.ide.mcu.externaltools.gnu-tools-for-stm32.9-2020-q2-update.win32_2.0.0.202105311346/tools/bin/../lib/gcc/arm-none-eabi/9.3.1/../../../../arm-none-eabi/lib/thumb/v7-m/nofp\libc.a(lib_a-impure.o)
                0x000000000800ac7c                _global_impure_ptr
 .rodata._vfprintf_r.str1.1
                0x000000000800ac80       0x34 c:/st/stm32cubeide_1.7.0/stm32cubeide/plugins/com.st.stm32cube.ide.mcu.externaltools.gnu-tools-for-stm32.9-2020-q2-update.win32_2.0.0.202105311346/tools/bin/../lib/gcc/arm-none-eabi/9.3.1/../../../../arm-none-eabi/lib/thumb/v7-m/nofp\libc.a(lib_a-vfprintf.o)
 .rodata.blanks.7350
                0x000000000800acb4       0x10 c:/st/stm32cubeide_1.7.0/stm32cubeide/plugins/com.st.stm32cube.ide.mcu.externaltools.gnu-tools-for-stm32.9-2020-q2-update.win32_2.0.0.202105311346/tools/bin/../lib/gcc/arm-none-eabi/9.3.1/../../../../arm-none-eabi/lib/thumb/v7-m/nofp\libc.a(lib_a-vfprintf.o)
 .rodata.zeroes.7351
                0x000000000800acc4       0x10 c:/st/stm32cubeide_1.7.0/stm32cubeide/plugins/com.st.stm32cube.ide.mcu.externaltools.gnu-tools-for-stm32.9-2020-q2-update.win32_2.0.0.202105311346/tools/bin/../lib/gcc/arm-none-eabi/9.3.1/../../../../arm-none-eabi/lib/thumb/v7-m/nofp\libc.a(lib_a-vfprintf.o)
 .rodata._ctype_
                0x000000000800acd4      0x101 c:/st/stm32cubeide_1.7.0/stm32cubeide/plugins/com.st.stm32cube.ide.mcu.externaltools.gnu-tools-for-stm32.9-2020-q2-update.win32_2.0.0.202105311346/tools/bin/../lib/gcc/arm-none-eabi/9.3.1/../../../../arm-none-eabi/lib/thumb/v7-m/nofp\libc.a(lib_a-ctype_.o)
                0x000000000800acd4                _ctype_
 .rodata._dtoa_r.str1.1
                0x000000000800add5       0x7d c:/st/stm32cubeide_1.7.0/stm32cubeide/plugins/com.st.stm32cube.ide.mcu.externaltools.gnu-tools-for-stm32.9-2020-q2-update.win32_2.0.0.202105311346/tools/bin/../lib/gcc/arm-none-eabi/9.3.1/../../../../arm-none-eabi/lib/thumb/v7-m/nofp\libc.a(lib_a-dtoa.o)
                                         0x7f (size before relaxing)
 .rodata.__multadd.str1.1
                0x000000000800ae52       0x60 c:/st/stm32cubeide_1.7.0/stm32cubeide/plugins/com.st.stm32cube.ide.mcu.externaltools.gnu-tools-for-stm32.9-2020-q2-update.win32_2.0.0.202105311346/tools/bin/../lib/gcc/arm-none-eabi/9.3.1/../../../../arm-none-eabi/lib/thumb/v7-m/nofp\libc.a(lib_a-mprec.o)
                                         0x71 (size before relaxing)
 *fill*         0x000000000800aeb2        0x6 
 .rodata.__mprec_bigtens
                0x000000000800aeb8       0x28 c:/st/stm32cubeide_1.7.0/stm32cubeide/plugins/com.st.stm32cube.ide.mcu.externaltools.gnu-tools-for-stm32.9-2020-q2-update.win32_2.0.0.202105311346/tools/bin/../lib/gcc/arm-none-eabi/9.3.1/../../../../arm-none-eabi/lib/thumb/v7-m/nofp\libc.a(lib_a-mprec.o)
                0x000000000800aeb8                __mprec_bigtens
 .rodata.__mprec_tens
                0x000000000800aee0       0xc8 c:/st/stm32cubeide_1.7.0/stm32cubeide/plugins/com.st.stm32cube.ide.mcu.externaltools.gnu-tools-for-stm32.9-2020-q2-update.win32_2.0.0.202105311346/tools/bin/../lib/gcc/arm-none-eabi/9.3.1/../../../../arm-none-eabi/lib/thumb/v7-m/nofp\libc.a(lib_a-mprec.o)
                0x000000000800aee0                __mprec_tens
 .rodata.p05.6123
                0x000000000800afa8        0xc c:/st/stm32cubeide_1.7.0/stm32cubeide/plugins/com.st.stm32cube.ide.mcu.externaltools.gnu-tools-for-stm32.9-2020-q2-update.win32_2.0.0.202105311346/tools/bin/../lib/gcc/arm-none-eabi/9.3.1/../../../../arm-none-eabi/lib/thumb/v7-m/nofp\libc.a(lib_a-mprec.o)
 .rodata._svfprintf_r.str1.1
                0x000000000800afb4       0x34 c:/st/stm32cubeide_1.7.0/stm32cubeide/plugins/com.st.stm32cube.ide.mcu.externaltools.gnu-tools-for-stm32.9-2020-q2-update.win32_2.0.0.202105311346/tools/bin/../lib/gcc/arm-none-eabi/9.3.1/../../../../arm-none-eabi/lib/thumb/v7-m/nofp\libc.a(lib_a-svfprintf.o)
 .rodata.blanks.7335
                0x000000000800afb4       0x10 c:/st/stm32cubeide_1.7.0/stm32cubeide/plugins/com.st.stm32cube.ide.mcu.externaltools.gnu-tools-for-stm32.9-2020-q2-update.win32_2.0.0.202105311346/tools/bin/../lib/gcc/arm-none-eabi/9.3.1/../../../../arm-none-eabi/lib/thumb/v7-m/nofp\libc.a(lib_a-svfprintf.o)
 .rodata.zeroes.7336
                0x000000000800afc4       0x10 c:/st/stm32cubeide_1.7.0/stm32cubeide/plugins/com.st.stm32cube.ide.mcu.externaltools.gnu-tools-for-stm32.9-2020-q2-update.win32_2.0.0.202105311346/tools/bin/../lib/gcc/arm-none-eabi/9.3.1/../../../../arm-none-eabi/lib/thumb/v7-m/nofp\libc.a(lib_a-svfprintf.o)
 .rodata._vfiprintf_r.str1.1
                0x000000000800afd4       0x22 c:/st/stm32cubeide_1.7.0/stm32cubeide/plugins/com.st.stm32cube.ide.mcu.externaltools.gnu-tools-for-stm32.9-2020-q2-update.win32_2.0.0.202105311346/tools/bin/../lib/gcc/arm-none-eabi/9.3.1/../../../../arm-none-eabi/lib/thumb/v7-m/nofp\libc.a(lib_a-vfiprintf.o)
 .rodata.blanks.7328
                0x000000000800afd4       0x10 c:/st/stm32cubeide_1.7.0/stm32cubeide/plugins/com.st.stm32cube.ide.mcu.externaltools.gnu-tools-for-stm32.9-2020-q2-update.win32_2.0.0.202105311346/tools/bin/../lib/gcc/arm-none-eabi/9.3.1/../../../../arm-none-eabi/lib/thumb/v7-m/nofp\libc.a(lib_a-vfiprintf.o)
 .rodata.zeroes.7329
                0x000000000800afe4       0x10 c:/st/stm32cubeide_1.7.0/stm32cubeide/plugins/com.st.stm32cube.ide.mcu.externaltools.gnu-tools-for-stm32.9-2020-q2-update.win32_2.0.0.202105311346/tools/bin/../lib/gcc/arm-none-eabi/9.3.1/../../../../arm-none-eabi/lib/thumb/v7-m/nofp\libc.a(lib_a-vfiprintf.o)
 .rodata.__assert_func.str1.1
                0x000000000800aff4       0x3c c:/st/stm32cubeide_1.7.0/stm32cubeide/plugins/com.st.stm32cube.ide.mcu.externaltools.gnu-tools-for-stm32.9-2020-q2-update.win32_2.0.0.202105311346/tools/bin/../lib/gcc/arm-none-eabi/9.3.1/../../../../arm-none-eabi/lib/thumb/v7-m/nofp\libc.a(lib_a-assert.o)
                                         0x3d (size before relaxing)
 .rodata._setlocale_r.str1.1
                0x000000000800b030        0x8 c:/st/stm32cubeide_1.7.0/stm32cubeide/plugins/com.st.stm32cube.ide.mcu.externaltools.gnu-tools-for-stm32.9-2020-q2-update.win32_2.0.0.202105311346/tools/bin/../lib/gcc/arm-none-eabi/9.3.1/../../../../arm-none-eabi/lib/thumb/v7-m/nofp\libc.a(lib_a-locale.o)
                                          0x9 (size before relaxing)
 .rodata.str1.1
                0x000000000800b038        0x2 c:/st/stm32cubeide_1.7.0/stm32cubeide/plugins/com.st.stm32cube.ide.mcu.externaltools.gnu-tools-for-stm32.9-2020-q2-update.win32_2.0.0.202105311346/tools/bin/../lib/gcc/arm-none-eabi/9.3.1/../../../../arm-none-eabi/lib/thumb/v7-m/nofp\libc.a(lib_a-locale.o)
                0x000000000800b03c                . = ALIGN (0x4)
 *fill*         0x000000000800b03a        0x2 

.ARM.extab
 *(.ARM.extab* .gnu.linkonce.armextab.*)

.ARM            0x000000000800b03c        0x8
                0x000000000800b03c                __exidx_start = .
 *(.ARM.exidx*)
 .ARM.exidx     0x000000000800b03c        0x8 c:/st/stm32cubeide_1.7.0/stm32cubeide/plugins/com.st.stm32cube.ide.mcu.externaltools.gnu-tools-for-stm32.9-2020-q2-update.win32_2.0.0.202105311346/tools/bin/../lib/gcc/arm-none-eabi/9.3.1/thumb/v7-m/nofp\libgcc.a(_udivmoddi4.o)
                0x000000000800b044                __exidx_end = .

.rel.dyn        0x000000000800b044        0x0
 .rel.iplt      0x000000000800b044        0x0 c:/st/stm32cubeide_1.7.0/stm32cubeide/plugins/com.st.stm32cube.ide.mcu.externaltools.gnu-tools-for-stm32.9-2020-q2-update.win32_2.0.0.202105311346/tools/bin/../lib/gcc/arm-none-eabi/9.3.1/thumb/v7-m/nofp/crtbegin.o

.preinit_array  0x000000000800b044        0x0
                0x000000000800b044                PROVIDE (__preinit_array_start = .)
 *(.preinit_array*)
                0x000000000800b044                PROVIDE (__preinit_array_end = .)

.init_array     0x000000000800b044        0x8
                0x000000000800b044                PROVIDE (__init_array_start = .)
 *(SORT_BY_NAME(.init_array.*))
 .init_array.00000
                0x000000000800b044        0x4 c:/st/stm32cubeide_1.7.0/stm32cubeide/plugins/com.st.stm32cube.ide.mcu.externaltools.gnu-tools-for-stm32.9-2020-q2-update.win32_2.0.0.202105311346/tools/bin/../lib/gcc/arm-none-eabi/9.3.1/../../../../arm-none-eabi/lib/thumb/v7-m/nofp\libc.a(lib_a-__call_atexit.o)
 *(.init_array*)
 .init_array    0x000000000800b048        0x4 c:/st/stm32cubeide_1.7.0/stm32cubeide/plugins/com.st.stm32cube.ide.mcu.externaltools.gnu-tools-for-stm32.9-2020-q2-update.win32_2.0.0.202105311346/tools/bin/../lib/gcc/arm-none-eabi/9.3.1/thumb/v7-m/nofp/crtbegin.o
                0x000000000800b04c                PROVIDE (__init_array_end = .)

.fini_array     0x000000000800b04c        0x4
                0x000000000800b04c                PROVIDE (__fini_array_start = .)
 *(SORT_BY_NAME(.fini_array.*))
 *(.fini_array*)
 .fini_array    0x000000000800b04c        0x4 c:/st/stm32cubeide_1.7.0/stm32cubeide/plugins/com.st.stm32cube.ide.mcu.externaltools.gnu-tools-for-stm32.9-2020-q2-update.win32_2.0.0.202105311346/tools/bin/../lib/gcc/arm-none-eabi/9.3.1/thumb/v7-m/nofp/crtbegin.o
                0x000000000800b050                PROVIDE (__fini_array_end = .)
                0x000000000800b050                _sidata = LOADADDR (.data)

.data           0x0000000020000000      0x9f8 load address 0x000000000800b050
                0x0000000020000000                . = ALIGN (0x4)
                0x0000000020000000                _sdata = .
 *(.data)
 *(.data*)
 .data.mySm     0x0000000020000000       0x30 ./appli/Tag_module/tag.o
 .data.instance_array
                0x0000000020000030        0xc ./lib/bsp/stm32f1_uart.o
 .data.msg      0x000000002000003c        0x4 ./lib/bsp/stm32f1_weak_it.o
                0x000000002000003c                msg
 .data.SystemCoreClock
                0x0000000020000040        0x4 ./lib/bsp/system_stm32f1xx.o
                0x0000000020000040                SystemCoreClock
 .data.uwTickPrio
                0x0000000020000044        0x4 ./lib/hal/src/stm32f1xx_hal.o
                0x0000000020000044                uwTickPrio
 .data.uwTickFreq
                0x0000000020000048        0x1 ./lib/hal/src/stm32f1xx_hal.o
                0x0000000020000048                uwTickFreq
 *fill*         0x0000000020000049        0x3 
 .data._impure_ptr
                0x000000002000004c        0x4 c:/st/stm32cubeide_1.7.0/stm32cubeide/plugins/com.st.stm32cube.ide.mcu.externaltools.gnu-tools-for-stm32.9-2020-q2-update.win32_2.0.0.202105311346/tools/bin/../lib/gcc/arm-none-eabi/9.3.1/../../../../arm-none-eabi/lib/thumb/v7-m/nofp\libc.a(lib_a-impure.o)
                0x000000002000004c                _impure_ptr
 .data.impure_data
                0x0000000020000050      0x428 c:/st/stm32cubeide_1.7.0/stm32cubeide/plugins/com.st.stm32cube.ide.mcu.externaltools.gnu-tools-for-stm32.9-2020-q2-update.win32_2.0.0.202105311346/tools/bin/../lib/gcc/arm-none-eabi/9.3.1/../../../../arm-none-eabi/lib/thumb/v7-m/nofp\libc.a(lib_a-impure.o)
 .data.__malloc_av_
                0x0000000020000478      0x408 c:/st/stm32cubeide_1.7.0/stm32cubeide/plugins/com.st.stm32cube.ide.mcu.externaltools.gnu-tools-for-stm32.9-2020-q2-update.win32_2.0.0.202105311346/tools/bin/../lib/gcc/arm-none-eabi/9.3.1/../../../../arm-none-eabi/lib/thumb/v7-m/nofp\libc.a(lib_a-mallocr.o)
                0x0000000020000478                __malloc_av_
 .data.__malloc_sbrk_base
                0x0000000020000880        0x4 c:/st/stm32cubeide_1.7.0/stm32cubeide/plugins/com.st.stm32cube.ide.mcu.externaltools.gnu-tools-for-stm32.9-2020-q2-update.win32_2.0.0.202105311346/tools/bin/../lib/gcc/arm-none-eabi/9.3.1/../../../../arm-none-eabi/lib/thumb/v7-m/nofp\libc.a(lib_a-mallocr.o)
                0x0000000020000880                __malloc_sbrk_base
 .data.__malloc_trim_threshold
                0x0000000020000884        0x4 c:/st/stm32cubeide_1.7.0/stm32cubeide/plugins/com.st.stm32cube.ide.mcu.externaltools.gnu-tools-for-stm32.9-2020-q2-update.win32_2.0.0.202105311346/tools/bin/../lib/gcc/arm-none-eabi/9.3.1/../../../../arm-none-eabi/lib/thumb/v7-m/nofp\libc.a(lib_a-mallocr.o)
                0x0000000020000884                __malloc_trim_threshold
 .data.__atexit_recursive_mutex
                0x0000000020000888        0x4 c:/st/stm32cubeide_1.7.0/stm32cubeide/plugins/com.st.stm32cube.ide.mcu.externaltools.gnu-tools-for-stm32.9-2020-q2-update.win32_2.0.0.202105311346/tools/bin/../lib/gcc/arm-none-eabi/9.3.1/../../../../arm-none-eabi/lib/thumb/v7-m/nofp\libc.a(lib_a-__call_atexit.o)
                0x0000000020000888                __atexit_recursive_mutex
 .data.__global_locale
                0x000000002000088c      0x16c c:/st/stm32cubeide_1.7.0/stm32cubeide/plugins/com.st.stm32cube.ide.mcu.externaltools.gnu-tools-for-stm32.9-2020-q2-update.win32_2.0.0.202105311346/tools/bin/../lib/gcc/arm-none-eabi/9.3.1/../../../../arm-none-eabi/lib/thumb/v7-m/nofp\libc.a(lib_a-locale.o)
                0x000000002000088c                __global_locale
                0x00000000200009f8                . = ALIGN (0x4)
                0x00000000200009f8                _edata = .

.igot.plt       0x00000000200009f8        0x0 load address 0x000000000800ba48
 .igot.plt      0x00000000200009f8        0x0 c:/st/stm32cubeide_1.7.0/stm32cubeide/plugins/com.st.stm32cube.ide.mcu.externaltools.gnu-tools-for-stm32.9-2020-q2-update.win32_2.0.0.202105311346/tools/bin/../lib/gcc/arm-none-eabi/9.3.1/thumb/v7-m/nofp/crtbegin.o
                0x00000000200009f8                . = ALIGN (0x4)

.bss            0x00000000200009f8      0x520 load address 0x000000000800ba48
                0x00000000200009f8                _sbss = .
                0x00000000200009f8                __bss_start__ = _sbss
 *(.bss)
 .bss           0x00000000200009f8       0x1c c:/st/stm32cubeide_1.7.0/stm32cubeide/plugins/com.st.stm32cube.ide.mcu.externaltools.gnu-tools-for-stm32.9-2020-q2-update.win32_2.0.0.202105311346/tools/bin/../lib/gcc/arm-none-eabi/9.3.1/thumb/v7-m/nofp/crtbegin.o
 *(.bss*)
 .bss.callbacks
                0x0000000020000a14       0x40 ./lib/bsp/stm32f1_extit.o
 .bss.enables   0x0000000020000a54        0x2 ./lib/bsp/stm32f1_extit.o
 .bss.stdout_usart
                0x0000000020000a56        0x1 ./lib/bsp/stm32f1_sys.o
 .bss.stderr_usart
                0x0000000020000a57        0x1 ./lib/bsp/stm32f1_sys.o
 .bss.stdin_usart
                0x0000000020000a58        0x1 ./lib/bsp/stm32f1_sys.o
 *fill*         0x0000000020000a59        0x3 
 .bss.uart_initialized
                0x0000000020000a5c        0x4 ./lib/bsp/stm32f1_sys.o
 .bss.heap_end.8748
                0x0000000020000a60        0x4 ./lib/bsp/stm32f1_sys.o
 .bss.TIMER_HandleStructure
                0x0000000020000a64      0x100 ./lib/bsp/stm32f1_timer.o
 .bss.UART_HandleStructure
                0x0000000020000b64       0xc0 ./lib/bsp/stm32f1_uart.o
 .bss.buffer_rx
                0x0000000020000c24      0x180 ./lib/bsp/stm32f1_uart.o
 .bss.buffer_rx_write_index
                0x0000000020000da4        0x3 ./lib/bsp/stm32f1_uart.o
 *fill*         0x0000000020000da7        0x1 
 .bss.buffer_rx_read_index
                0x0000000020000da8        0xc ./lib/bsp/stm32f1_uart.o
 .bss.buffer_rx_data_ready
                0x0000000020000db4        0xc ./lib/bsp/stm32f1_uart.o
 .bss.uart_initialized
                0x0000000020000dc0        0xc ./lib/bsp/stm32f1_uart.o