core_cm3.h:1762:34:__NVIC_SystemReset	4	static,ignoring_inline_asm
stm32f1_sys.c:42:6:HAL_MspInit	8	static
stm32f1_sys.c:48:6:SYS_NVIC_PriorityGrouping	8	static
stm32f1_sys.c:55:6:Delay_ms	16	static
stm32f1_sys.c:99:6:SYS_ClockConfig	72	static
stm32f1_sys.c:170:6:SYS_la_fonction_qui_fou_la_merde	4	static,ignoring_inline_asm
unistd.h:18:6:_exit	16	static
stm32f1_sys.c:210:5:_open	12	static
stm32f1_sys.c:217:5:_close	16	static
stm32f1_sys.c:235:5:_execve	24	static
stm32f1_sys.c:245:5:_fork	8	static
stm32f1_sys.c:257:5:_fstat	16	static
stm32f1_sys.c:267:5:_getpid	4	static
stm32f1_sys.c:276:5:_isatty	16	static
stm32f1_sys.c:294:5:_kill	16	static
stm32f1_sys.c:304:5:_link	16	static
stm32f1_sys.c:314:5:_lseek	24	static
stm32f1_sys.c:365:9:_sbrk	24	static
stm32f1_sys.c:389:8:_sbrk_r	24	static
stm32f1_sys.c:401:6:malloc_test	184	static
stm32f1_sys.c:436:6:SYS_set_std_usart	16	static
stm32f1_sys.c:451:5:_read	40	static
stm32f1_sys.c:480:5:_stat	16	static
stm32f1_sys.c:490:9:_times	16	static
stm32f1_sys.c:499:5:_unlink	16	static
stm32f1_sys.c:509:5:_wait	16	static
stm32f1_sys.c:520:5:_write	32	static
stm32f1_sys.c:556:10:dump_printf	272	static
stm32f1_sys.c:574:6:assert_failed	16	static
stm32f1_sys.c:581:6:dump_trap_info	32	static,ignoring_inline_asm
stm32f1_sys.c:645:29:Fault_Handler	0	static,ignoring_inline_asm
stm32f1_sys.c:664:6:NMI_Handler	8	static
stm32f1_sys.c:669:6:SVC_Handler	8	static
stm32f1_sys.c:674:6:DebugMon_Handler	8	static
stm32f1_sys.c:679:6:PendSV_Handler	8	static
